------------------------------------------------------------
TimeQuest Timing Analyzer Summary
------------------------------------------------------------

Type  : Slow 1100mV 85C Model Setup 'system_pll_outclk0_clk'
Slack : 1.354
TNS   : 0.000

Type  : Slow 1100mV 85C Model Setup 'altera_reserved_tck'
Slack : 11.300
TNS   : 0.000

Type  : Slow 1100mV 85C Model Hold 'system_pll_outclk0_clk'
Slack : 0.258
TNS   : 0.000

Type  : Slow 1100mV 85C Model Hold 'altera_reserved_tck'
Slack : 0.280
TNS   : 0.000

Type  : Slow 1100mV 85C Model Recovery 'system_pll_outclk0_clk'
Slack : 3.923
TNS   : 0.000

Type  : Slow 1100mV 85C Model Recovery 'altera_reserved_tck'
Slack : 13.495
TNS   : 0.000

Type  : Slow 1100mV 85C Model Removal 'altera_reserved_tck'
Slack : 1.026
TNS   : 0.000

Type  : Slow 1100mV 85C Model Removal 'system_pll_outclk0_clk'
Slack : 1.109
TNS   : 0.000

Type  : Slow 1100mV 85C Model Minimum Pulse Width 'fraction_clock'
Slack : 1.000
TNS   : 0.000

Type  : Slow 1100mV 85C Model Minimum Pulse Width 'system_pll_outclk0_clk'
Slack : 3.608
TNS   : 0.000

Type  : Slow 1100mV 85C Model Minimum Pulse Width 'ref_clk'
Slack : 9.731
TNS   : 0.000

Type  : Slow 1100mV 85C Model Minimum Pulse Width 'altera_reserved_tck'
Slack : 15.444
TNS   : 0.000

Type  : Slow 1100mV 0C Model Setup 'system_pll_outclk0_clk'
Slack : 1.380
TNS   : 0.000

Type  : Slow 1100mV 0C Model Setup 'altera_reserved_tck'
Slack : 11.396
TNS   : 0.000

Type  : Slow 1100mV 0C Model Hold 'system_pll_outclk0_clk'
Slack : 0.246
TNS   : 0.000

Type  : Slow 1100mV 0C Model Hold 'altera_reserved_tck'
Slack : 0.262
TNS   : 0.000

Type  : Slow 1100mV 0C Model Recovery 'system_pll_outclk0_clk'
Slack : 4.165
TNS   : 0.000

Type  : Slow 1100mV 0C Model Recovery 'altera_reserved_tck'
Slack : 13.739
TNS   : 0.000

Type  : Slow 1100mV 0C Model Removal 'altera_reserved_tck'
Slack : 0.986
TNS   : 0.000

Type  : Slow 1100mV 0C Model Removal 'system_pll_outclk0_clk'
Slack : 1.051
TNS   : 0.000

Type  : Slow 1100mV 0C Model Minimum Pulse Width 'fraction_clock'
Slack : 1.000
TNS   : 0.000

Type  : Slow 1100mV 0C Model Minimum Pulse Width 'system_pll_outclk0_clk'
Slack : 3.567
TNS   : 0.000

Type  : Slow 1100mV 0C Model Minimum Pulse Width 'ref_clk'
Slack : 9.741
TNS   : 0.000

Type  : Slow 1100mV 0C Model Minimum Pulse Width 'altera_reserved_tck'
Slack : 15.426
TNS   : 0.000

Type  : Fast 1100mV 85C Model Setup 'system_pll_outclk0_clk'
Slack : 5.438
TNS   : 0.000

Type  : Fast 1100mV 85C Model Setup 'altera_reserved_tck'
Slack : 14.248
TNS   : 0.000

Type  : Fast 1100mV 85C Model Hold 'altera_reserved_tck'
Slack : 0.068
TNS   : 0.000

Type  : Fast 1100mV 85C Model Hold 'system_pll_outclk0_clk'
Slack : 0.135
TNS   : 0.000

Type  : Fast 1100mV 85C Model Recovery 'system_pll_outclk0_clk'
Slack : 6.534
TNS   : 0.000

Type  : Fast 1100mV 85C Model Recovery 'altera_reserved_tck'
Slack : 15.355
TNS   : 0.000

Type  : Fast 1100mV 85C Model Removal 'altera_reserved_tck'
Slack : 0.410
TNS   : 0.000

Type  : Fast 1100mV 85C Model Removal 'system_pll_outclk0_clk'
Slack : 0.539
TNS   : 0.000

Type  : Fast 1100mV 85C Model Minimum Pulse Width 'fraction_clock'
Slack : 1.000
TNS   : 0.000

Type  : Fast 1100mV 85C Model Minimum Pulse Width 'system_pll_outclk0_clk'
Slack : 3.893
TNS   : 0.000

Type  : Fast 1100mV 85C Model Minimum Pulse Width 'ref_clk'
Slack : 9.336
TNS   : 0.000

Type  : Fast 1100mV 85C Model Minimum Pulse Width 'altera_reserved_tck'
Slack : 15.404
TNS   : 0.000

Type  : Fast 1100mV 0C Model Setup 'system_pll_outclk0_clk'
Slack : 5.867
TNS   : 0.000

Type  : Fast 1100mV 0C Model Setup 'altera_reserved_tck'
Slack : 14.594
TNS   : 0.000

Type  : Fast 1100mV 0C Model Hold 'altera_reserved_tck'
Slack : 0.051
TNS   : 0.000

Type  : Fast 1100mV 0C Model Hold 'system_pll_outclk0_clk'
Slack : 0.122
TNS   : 0.000

Type  : Fast 1100mV 0C Model Recovery 'system_pll_outclk0_clk'
Slack : 7.008
TNS   : 0.000

Type  : Fast 1100mV 0C Model Recovery 'altera_reserved_tck'
Slack : 15.615
TNS   : 0.000

Type  : Fast 1100mV 0C Model Removal 'altera_reserved_tck'
Slack : 0.365
TNS   : 0.000

Type  : Fast 1100mV 0C Model Removal 'system_pll_outclk0_clk'
Slack : 0.489
TNS   : 0.000

Type  : Fast 1100mV 0C Model Minimum Pulse Width 'fraction_clock'
Slack : 1.000
TNS   : 0.000

Type  : Fast 1100mV 0C Model Minimum Pulse Width 'system_pll_outclk0_clk'
Slack : 3.893
TNS   : 0.000

Type  : Fast 1100mV 0C Model Minimum Pulse Width 'ref_clk'
Slack : 9.286
TNS   : 0.000

Type  : Fast 1100mV 0C Model Minimum Pulse Width 'altera_reserved_tck'
Slack : 15.398
TNS   : 0.000

------------------------------------------------------------
