Archive member included to satisfy reference by file (symbol)

/home/chris/altera/16.0/nios2eds/bin/gnu/H-x86_64-pc-linux-gnu/bin/../lib/gcc/nios2-elf/5.2.0/../../../../../H-x86_64-pc-linux-gnu/nios2-elf/lib/libc.a(lib_a-puts.o)
                              obj/default/hello_ucosii.o (puts)
/home/chris/altera/16.0/nios2eds/bin/gnu/H-x86_64-pc-linux-gnu/bin/../lib/gcc/nios2-elf/5.2.0/../../../../../H-x86_64-pc-linux-gnu/nios2-elf/lib/libc.a(lib_a-strlen.o)
                              /home/chris/altera/16.0/nios2eds/bin/gnu/H-x86_64-pc-linux-gnu/bin/../lib/gcc/nios2-elf/5.2.0/../../../../../H-x86_64-pc-linux-gnu/nios2-elf/lib/libc.a(lib_a-puts.o) (strlen)
/home/chris/altera/16.0/nios2eds/bin/gnu/H-x86_64-pc-linux-gnu/bin/../lib/gcc/nios2-elf/5.2.0/../../../../../H-x86_64-pc-linux-gnu/nios2-elf/lib/libc.a(lib_a-findfp.o)
                              /home/chris/altera/16.0/nios2eds/bin/gnu/H-x86_64-pc-linux-gnu/bin/../lib/gcc/nios2-elf/5.2.0/../../../../../H-x86_64-pc-linux-gnu/nios2-elf/lib/libc.a(lib_a-puts.o) (__sinit)
/home/chris/altera/16.0/nios2eds/bin/gnu/H-x86_64-pc-linux-gnu/bin/../lib/gcc/nios2-elf/5.2.0/../../../../../H-x86_64-pc-linux-gnu/nios2-elf/lib/libc.a(lib_a-fvwrite.o)
                              /home/chris/altera/16.0/nios2eds/bin/gnu/H-x86_64-pc-linux-gnu/bin/../lib/gcc/nios2-elf/5.2.0/../../../../../H-x86_64-pc-linux-gnu/nios2-elf/lib/libc.a(lib_a-puts.o) (__sfvwrite_r)
/home/chris/altera/16.0/nios2eds/bin/gnu/H-x86_64-pc-linux-gnu/bin/../lib/gcc/nios2-elf/5.2.0/../../../../../H-x86_64-pc-linux-gnu/nios2-elf/lib/libc.a(lib_a-fwalk.o)
                              /home/chris/altera/16.0/nios2eds/bin/gnu/H-x86_64-pc-linux-gnu/bin/../lib/gcc/nios2-elf/5.2.0/../../../../../H-x86_64-pc-linux-gnu/nios2-elf/lib/libc.a(lib_a-findfp.o) (_fwalk)
/home/chris/altera/16.0/nios2eds/bin/gnu/H-x86_64-pc-linux-gnu/bin/../lib/gcc/nios2-elf/5.2.0/../../../../../H-x86_64-pc-linux-gnu/nios2-elf/lib/libc.a(lib_a-impure.o)
                              /home/chris/altera/16.0/nios2eds/bin/gnu/H-x86_64-pc-linux-gnu/bin/../lib/gcc/nios2-elf/5.2.0/../../../../../H-x86_64-pc-linux-gnu/nios2-elf/lib/libc.a(lib_a-findfp.o) (_global_impure_ptr)
/home/chris/altera/16.0/nios2eds/bin/gnu/H-x86_64-pc-linux-gnu/bin/../lib/gcc/nios2-elf/5.2.0/../../../../../H-x86_64-pc-linux-gnu/nios2-elf/lib/libc.a(lib_a-mallocr.o)
                              /home/chris/altera/16.0/nios2eds/bin/gnu/H-x86_64-pc-linux-gnu/bin/../lib/gcc/nios2-elf/5.2.0/../../../../../H-x86_64-pc-linux-gnu/nios2-elf/lib/libc.a(lib_a-findfp.o) (_malloc_r)
/home/chris/altera/16.0/nios2eds/bin/gnu/H-x86_64-pc-linux-gnu/bin/../lib/gcc/nios2-elf/5.2.0/../../../../../H-x86_64-pc-linux-gnu/nios2-elf/lib/libc.a(lib_a-memchr.o)
                              /home/chris/altera/16.0/nios2eds/bin/gnu/H-x86_64-pc-linux-gnu/bin/../lib/gcc/nios2-elf/5.2.0/../../../../../H-x86_64-pc-linux-gnu/nios2-elf/lib/libc.a(lib_a-fvwrite.o) (memchr)
/home/chris/altera/16.0/nios2eds/bin/gnu/H-x86_64-pc-linux-gnu/bin/../lib/gcc/nios2-elf/5.2.0/../../../../../H-x86_64-pc-linux-gnu/nios2-elf/lib/libc.a(lib_a-memcpy.o)
                              /home/chris/altera/16.0/nios2eds/bin/gnu/H-x86_64-pc-linux-gnu/bin/../lib/gcc/nios2-elf/5.2.0/../../../../../H-x86_64-pc-linux-gnu/nios2-elf/lib/libc.a(lib_a-fvwrite.o) (memcpy)
/home/chris/altera/16.0/nios2eds/bin/gnu/H-x86_64-pc-linux-gnu/bin/../lib/gcc/nios2-elf/5.2.0/../../../../../H-x86_64-pc-linux-gnu/nios2-elf/lib/libc.a(lib_a-memmove.o)
                              /home/chris/altera/16.0/nios2eds/bin/gnu/H-x86_64-pc-linux-gnu/bin/../lib/gcc/nios2-elf/5.2.0/../../../../../H-x86_64-pc-linux-gnu/nios2-elf/lib/libc.a(lib_a-fvwrite.o) (memmove)
/home/chris/altera/16.0/nios2eds/bin/gnu/H-x86_64-pc-linux-gnu/bin/../lib/gcc/nios2-elf/5.2.0/../../../../../H-x86_64-pc-linux-gnu/nios2-elf/lib/libc.a(lib_a-memset.o)
                              /home/chris/altera/16.0/nios2eds/bin/gnu/H-x86_64-pc-linux-gnu/bin/../lib/gcc/nios2-elf/5.2.0/../../../../../H-x86_64-pc-linux-gnu/nios2-elf/lib/libc.a(lib_a-findfp.o) (memset)
/home/chris/altera/16.0/nios2eds/bin/gnu/H-x86_64-pc-linux-gnu/bin/../lib/gcc/nios2-elf/5.2.0/../../../../../H-x86_64-pc-linux-gnu/nios2-elf/lib/libc.a(lib_a-reallocr.o)
                              /home/chris/altera/16.0/nios2eds/bin/gnu/H-x86_64-pc-linux-gnu/bin/../lib/gcc/nios2-elf/5.2.0/../../../../../H-x86_64-pc-linux-gnu/nios2-elf/lib/libc.a(lib_a-fvwrite.o) (_realloc_r)
/home/chris/altera/16.0/nios2eds/bin/gnu/H-x86_64-pc-linux-gnu/bin/../lib/gcc/nios2-elf/5.2.0/../../../../../H-x86_64-pc-linux-gnu/nios2-elf/lib/libc.a(lib_a-sbrkr.o)
                              /home/chris/altera/16.0/nios2eds/bin/gnu/H-x86_64-pc-linux-gnu/bin/../lib/gcc/nios2-elf/5.2.0/../../../../../H-x86_64-pc-linux-gnu/nios2-elf/lib/libc.a(lib_a-mallocr.o) (_sbrk_r)
/home/chris/altera/16.0/nios2eds/bin/gnu/H-x86_64-pc-linux-gnu/bin/../lib/gcc/nios2-elf/5.2.0/../../../../../H-x86_64-pc-linux-gnu/nios2-elf/lib/libc.a(lib_a-stdio.o)
[...]
Memory Configuration

Name             Origin             Length             Attributes
reset            0x0000000000000000 0x0000000000000020
SDRAM            0x0000000000000020 0x0000000003ffffe0
SRAM             0x0000000004020000 0x0000000000014000
*default*        0x0000000000000000 0xffffffffffffffff

Linker script and memory map

LOAD ../ucos_bsp//obj/HAL/src/crt0.o
LOAD obj/default/hello_ucosii.o
LOAD /home/chris/altera/16.0/nios2eds/bin/gnu/H-x86_64-pc-linux-gnu/bin/../lib/gcc/nios2-elf/5.2.0/../../../../../H-x86_64-pc-linux-gnu/nios2-elf/lib/libstdc++.a
LOAD /home/chris/altera/16.0/nios2eds/bin/gnu/H-x86_64-pc-linux-gnu/bin/../lib/gcc/nios2-elf/5.2.0/../../../../../H-x86_64-pc-linux-gnu/nios2-elf/lib/libm.a
LOAD /home/chris/altera/16.0/nios2eds/bin/gnu/H-x86_64-pc-linux-gnu/bin/../lib/gcc/nios2-elf/5.2.0/libgcc.a
START GROUP
LOAD /home/chris/altera/16.0/nios2eds/bin/gnu/H-x86_64-pc-linux-gnu/bin/../lib/gcc/nios2-elf/5.2.0/../../../../../H-x86_64-pc-linux-gnu/nios2-elf/lib/libc.a
LOAD /home/chris/altera/16.0/nios2eds/bin/gnu/H-x86_64-pc-linux-gnu/bin/../lib/gcc/nios2-elf/5.2.0/libgcc.a
LOAD ../ucos_bsp//libucosii_bsp.a
LOAD /home/chris/altera/16.0/nios2eds/bin/gnu/H-x86_64-pc-linux-gnu/bin/../lib/gcc/nios2-elf/5.2.0/../../../../../H-x86_64-pc-linux-gnu/nios2-elf/lib/libm.a
END GROUP
LOAD /home/chris/altera/16.0/nios2eds/bin/gnu/H-x86_64-pc-linux-gnu/bin/../lib/gcc/nios2-elf/5.2.0/libgcc.a
                0x0000000000000000                __alt_mem_SDRAM = 0x0
                0x0000000004020000                __alt_mem_SRAM = 0x4020000

.entry          0x0000000000000000       0x20
 *(.entry)
 .entry         0x0000000000000000       0x20 ../ucos_bsp//obj/HAL/src/crt0.o
                0x0000000000000000                __reset

.exceptions     0x0000000000000020      0x224
                0x0000000000000020                PROVIDE (__ram_exceptions_start, ABSOLUTE (.))
                0x0000000000000020                . = ALIGN (0x20)
 *(.irq)
 *(.exceptions.entry.label)
 .exceptions.entry.label
                0x0000000000000020        0x0 ../ucos_bsp//libucosii_bsp.a(alt_irq_entry.o)
                0x0000000000000020                alt_irq_entry
 .exceptions.entry.label
                0x0000000000000020        0x0 ../ucos_bsp//libucosii_bsp.a(alt_exception_entry.o)
                0x0000000000000020                alt_exception
 *(.exceptions.entry.user)
 *(.exceptions.entry.ecc_fatal)
 *(.exceptions.entry)
 .exceptions.entry
                0x0000000000000020       0x54 ../ucos_bsp//libucosii_bsp.a(alt_exception_entry.o)
 *(.exceptions.irqtest.user)
 *(.exceptions.irqtest)
 .exceptions.irqtest
                0x0000000000000074       0x10 ../ucos_bsp//libucosii_bsp.a(alt_irq_entry.o)
 *(.exceptions.irqhandler.user)
 *(.exceptions.irqhandler)
 .exceptions.irqhandler
                0x0000000000000084        0x4 ../ucos_bsp//libucosii_bsp.a(alt_irq_entry.o)
 *(.exceptions.irqreturn.user)
 *(.exceptions.irqreturn)
 .exceptions.irqreturn
                0x0000000000000088        0x4 ../ucos_bsp//libucosii_bsp.a(alt_irq_entry.o)
 *(.exceptions.notirq.label)
 .exceptions.notirq.label
                0x000000000000008c        0x0 ../ucos_bsp//libucosii_bsp.a(alt_irq_entry.o)
 *(.exceptions.notirq.user)
 *(.exceptions.notirq)
 .exceptions.notirq
                0x000000000000008c        0x8 ../ucos_bsp//libucosii_bsp.a(alt_exception_entry.o)
 *(.exceptions.soft.user)
 *(.exceptions.soft)
 *(.exceptions.unknown.user)
 *(.exceptions.unknown)
 .exceptions.unknown
                0x0000000000000094       0x14 ../ucos_bsp//libucosii_bsp.a(alt_exception_entry.o)
 *(.exceptions.exit.label)
 .exceptions.exit.label
                0x00000000000000a8        0x0 ../ucos_bsp//libucosii_bsp.a(alt_irq_entry.o)
 .exceptions.exit.label
                0x00000000000000a8        0x0 ../ucos_bsp//libucosii_bsp.a(alt_exception_entry.o)
 *(.exceptions.exit.user)
 *(.exceptions.exit)
 .exceptions.exit
                0x00000000000000a8       0x54 ../ucos_bsp//libucosii_bsp.a(alt_exception_entry.o)
 *(.exceptions)
 .exceptions    0x00000000000000fc       0xd4 ../ucos_bsp//libucosii_bsp.a(alt_irq_handler.o)
                0x00000000000000fc                alt_irq_handler
 .exceptions    0x00000000000001d0       0x74 ../ucos_bsp//libucosii_bsp.a(alt_instruction_exception_entry.o)
                0x00000000000001d0                alt_instruction_exception_entry
                0x0000000000000244                PROVIDE (__ram_exceptions_end, ABSOLUTE (.))
                0x0000000000000020                PROVIDE (__flash_exceptions_start, LOADADDR (.exceptions))

.text           0x0000000000000244     0xe448
                [!provide]                        PROVIDE (stext, ABSOLUTE (.))
 *(.interp)
 *(.hash)
 *(.dynsym)
 *(.dynstr)
 *(.gnu.version)
 *(.gnu.version_d)
 *(.gnu.version_r)
 *(.rel.init)
 *(.rela.init)
 *(.rel.text .rel.text.* .rel.gnu.linkonce.t.*)
 *(.rela.text .rela.text.* .rela.gnu.linkonce.t.*)
 *(.rel.fini)
 *(.rela.fini)
 *(.rel.rodata .rel.rodata.* .rel.gnu.linkonce.r.*)
 *(.rela.rodata .rela.rodata.* .rela.gnu.linkonce.r.*)
 *(.rel.data .rel.data.* .rel.gnu.linkonce.d.*)
 *(.rela.data .rela.data.* .rela.gnu.linkonce.d.*)
 *(.rel.tdata .rel.tdata.* .rel.gnu.linkonce.td.*)
 *(.rela.tdata .rela.tdata.* .rela.gnu.linkonce.td.*)
 *(.rel.tbss .rel.tbss.* .rel.gnu.linkonce.tb.*)
 *(.rela.tbss .rela.tbss.* .rela.gnu.linkonce.tb.*)
 *(.rel.ctors)
 *(.rela.ctors)
 *(.rel.dtors)
 *(.rela.dtors)
 *(.rel.got)
 *(.rela.got)
 *(.rel.sdata .rel.sdata.* .rel.gnu.linkonce.s.*)
 *(.rela.sdata .rela.sdata.* .rela.gnu.linkonce.s.*)
 *(.rel.sbss .rel.sbss.* .rel.gnu.linkonce.sb.*)
 *(.rela.sbss .rela.sbss.* .rela.gnu.linkonce.sb.*)
 *(.rel.sdata2 .rel.sdata2.* .rel.gnu.linkonce.s2.*)
 *(.rela.sdata2 .rela.sdata2.* .rela.gnu.linkonce.s2.*)
 *(.rel.sbss2 .rel.sbss2.* .rel.gnu.linkonce.sb2.*)
 *(.rela.sbss2 .rela.sbss2.* .rela.gnu.linkonce.sb2.*)
 *(.rel.bss .rel.bss.* .rel.gnu.linkonce.b.*)
 *(.rela.bss .rela.bss.* .rela.gnu.linkonce.b.*)
 *(.rel.plt)
 *(.rela.plt)
 *(.rel.dyn)
 *(.init)
 *(.plt)
 *(.text .stub .text.* .gnu.linkonce.t.*)
 .text          0x0000000000000244       0x4c ../ucos_bsp//obj/HAL/src/crt0.o
                0x0000000000000244                _start
 .text          0x0000000000000290      0x120 obj/default/hello_ucosii.o
                0x0000000000000290                task1
                0x00000000000002c8                task2
                0x0000000000000300                main
 .text          0x00000000000003b0        0x0 /home/chris/altera/16.0/nios2eds/bin/gnu/H-x86_64-pc-linux-gnu/bin/../lib/gcc/nios2-elf/5.2.0/../../../../../H-x86_64-pc-linux-gnu/nios2-elf/lib/libc.a(lib_a-puts.o)
 .text._puts_r  0x00000000000003b0       0xc0 /home/chris/altera/16.0/nios2eds/bin/gnu/H-x86_64-pc-linux-gnu/bin/../lib/gcc/nios2-elf/5.2.0/../../../../../H-x86_64-pc-linux-gnu/nios2-elf/lib/libc.a(lib_a-puts.o)
                0x00000000000003b0                _puts_r
 .text.puts     0x0000000000000470       0x14 /home/chris/altera/16.0/nios2eds/bin/gnu/H-x86_64-pc-linux-gnu/bin/../lib/gcc/nios2-elf/5.2.0/../../../../../H-x86_64-pc-linux-gnu/nios2-elf/lib/libc.a(lib_a-puts.o)
                0x0000000000000470                puts
 .text          0x0000000000000484        0x0 /home/chris/altera/16.0/nios2eds/bin/gnu/H-x86_64-pc-linux-gnu/bin/../lib/gcc/nios2-elf/5.2.0/../../../../../H-x86_64-pc-linux-gnu/nios2-elf/lib/libc.a(lib_a-strlen.o)
 .text.strlen   0x0000000000000484       0x98 /home/chris/altera/16.0/nios2eds/bin/gnu/H-x86_64-pc-linux-gnu/bin/../lib/gcc/nios2-elf/5.2.0/../../../../../H-x86_64-pc-linux-gnu/nios2-elf/lib/libc.a(lib_a-strlen.o)
                0x0000000000000484                strlen
 .text          0x000000000000051c        0x0 /home/chris/altera/16.0/nios2eds/bin/gnu/H-x86_64-pc-linux-gnu/bin/../lib/gcc/nios2-elf/5.2.0/../../../../../H-x86_64-pc-linux-gnu/nios2-elf/lib/libc.a(lib_a-findfp.o)
 .text.__fp_unlock
                0x000000000000051c        0x8 /home/chris/altera/16.0/nios2eds/bin/gnu/H-x86_64-pc-linux-gnu/bin/../lib/gcc/nios2-elf/5.2.0/../../../../../H-x86_64-pc-linux-gnu/nios2-elf/lib/libc.a(lib_a-findfp.o)
 .text._cleanup_r
                0x0000000000000524        0xc /home/chris/altera/16.0/nios2eds/bin/gnu/H-x86_64-pc-linux-gnu/bin/../lib/gcc/nios2-elf/5.2.0/../../../../../H-x86_64-pc-linux-gnu/nios2-elf/lib/libc.a(lib_a-findfp.o)
                0x0000000000000524                _cleanup_r
 .text.__sinit.part.1
                0x0000000000000530      0x19c /home/chris/altera/16.0/nios2eds/bin/gnu/H-x86_64-pc-linux-gnu/bin/../lib/gcc/nios2-elf/5.2.0/../../../../../H-x86_64-pc-linux-gnu/nios2-elf/lib/libc.a(lib_a-findfp.o)
 .text.__fp_lock
                0x00000000000006cc        0x8 /home/chris/altera/16.0/nios2eds/bin/gnu/H-x86_64-pc-linux-gnu/bin/../lib/gcc/nios2-elf/5.2.0/../../../../../H-x86_64-pc-linux-gnu/nios2-elf/lib/libc.a(lib_a-findfp.o)
 .text.__sfmoreglue
                0x00000000000006d4       0x68 /home/chris/altera/16.0/nios2eds/bin/gnu/H-x86_64-pc-linux-gnu/bin/../lib/gcc/nios2-elf/5.2.0/../../../../../H-x86_64-pc-linux-gnu/nios2-elf/lib/libc.a(lib_a-findfp.o)
                0x00000000000006d4                __sfmoreglue
 .text.__sfp    0x000000000000073c      0x118 /home/chris/altera/16.0/nios2eds/bin/gnu/H-x86_64-pc-linux-gnu/bin/../lib/gcc/nios2-elf/5.2.0/../../../../../H-x86_64-pc-linux-gnu/nios2-elf/lib/libc.a(lib_a-findfp.o)
                0x000000000000073c                __sfp
 .text._cleanup
                0x0000000000000854       0x18 /home/chris/altera/16.0/nios2eds/bin/gnu/H-x86_64-pc-linux-gnu/bin/../lib/gcc/nios2-elf/5.2.0/../../../../../H-x86_64-pc-linux-gnu/nios2-elf/lib/libc.a(lib_a-findfp.o)
                0x0000000000000854                _cleanup
 .text.__sinit  0x000000000000086c       0x10 /home/chris/altera/16.0/nios2eds/bin/gnu/H-x86_64-pc-linux-gnu/bin/../lib/gcc/nios2-elf/5.2.0/../../../../../H-x86_64-pc-linux-gnu/nios2-elf/lib/libc.a(lib_a-findfp.o)
                0x000000000000086c                __sinit
 .text.__sfp_lock_acquire
                0x000000000000087c        0x4 /home/chris/altera/16.0/nios2eds/bin/gnu/H-x86_64-pc-linux-gnu/bin/../lib/gcc/nios2-elf/5.2.0/../../../../../H-x86_64-pc-linux-gnu/nios2-elf/lib/libc.a(lib_a-findfp.o)
                0x000000000000087c                __sfp_lock_acquire
 .text.__sfp_lock_release
                0x0000000000000880        0x4 /home/chris/altera/16.0/nios2eds/bin/gnu/H-x86_64-pc-linux-gnu/bin/../lib/gcc/nios2-elf/5.2.0/../../../../../H-x86_64-pc-linux-gnu/nios2-elf/lib/libc.a(lib_a-findfp.o)
                0x0000000000000880                __sfp_lock_release
 .text.__sinit_lock_acquire
                0x0000000000000884        0x4 /home/chris/altera/16.0/nios2eds/bin/gnu/H-x86_64-pc-linux-gnu/bin/../lib/gcc/nios2-elf/5.2.0/../../../../../H-x86_64-pc-linux-gnu/nios2-elf/lib/libc.a(lib_a-findfp.o)
                0x0000000000000884                __sinit_lock_acquire
 .text.__sinit_lock_release
                0x0000000000000888        0x4 /home/chris/altera/16.0/nios2eds/bin/gnu/H-x86_64-pc-linux-gnu/bin/../lib/gcc/nios2-elf/5.2.0/../../../../../H-x86_64-pc-linux-gnu/nios2-elf/lib/libc.a(lib_a-findfp.o)
                0x0000000000000888                __sinit_lock_release
 .text.__fp_lock_all
                0x000000000000088c       0x18 /home/chris/altera/16.0/nios2eds/bin/gnu/H-x86_64-pc-linux-gnu/bin/../lib/gcc/nios2-elf/5.2.0/../../../../../H-x86_64-pc-linux-gnu/nios2-elf/lib/libc.a(lib_a-findfp.o)
                0x000000000000088c                __fp_lock_all
 .text.__fp_unlock_all
                0x00000000000008a4       0x18 /home/chris/altera/16.0/nios2eds/bin/gnu/H-x86_64-pc-linux-gnu/bin/../lib/gcc/nios2-elf/5.2.0/../../../../../H-x86_64-pc-linux-gnu/nios2-elf/lib/libc.a(lib_a-findfp.o)
                0x00000000000008a4                __fp_unlock_all
 .text          0x00000000000008bc        0x0 /home/chris/altera/16.0/nios2eds/bin/gnu/H-x86_64-pc-linux-gnu/bin/../lib/gcc/nios2-elf/5.2.0/../../../../../H-x86_64-pc-linux-gnu/nios2-elf/lib/libc.a(lib_a-fvwrite.o)
 .text.__sfvwrite_r
                0x00000000000008bc      0x4bc /home/chris/altera/16.0/nios2eds/bin/gnu/H-x86_64-pc-linux-gnu/bin/../lib/gcc/nios2-elf/5.2.0/../../../../../H-x86_64-pc-linux-gnu/nios2-elf/lib/libc.a(lib_a-fvwrite.o)
                0x00000000000008bc                __sfvwrite_r
 .text          0x0000000000000d78        0x0 /home/chris/altera/16.0/nios2eds/bin/gnu/H-x86_64-pc-linux-gnu/bin/../lib/gcc/nios2-elf/5.2.0/../../../../../H-x86_64-pc-linux-gnu/nios2-elf/lib/libc.a(lib_a-fwalk.o)
 .text._fwalk   0x0000000000000d78       0xc4 /home/chris/altera/16.0/nios2eds/bin/gnu/H-x86_64-pc-linux-gnu/bin/../lib/gcc/nios2-elf/5.2.0/../../../../../H-x86_64-pc-linux-gnu/nios2-elf/lib/libc.a(lib_a-fwalk.o)
                0x0000000000000d78                _fwalk
 .text._fwalk_reent
                0x0000000000000e3c       0xc4 /home/chris/altera/16.0/nios2eds/bin/gnu/H-x86_64-pc-linux-gnu/bin/../lib/gcc/nios2-elf/5.2.0/../../../../../H-x86_64-pc-linux-gnu/nios2-elf/lib/libc.a(lib_a-fwalk.o)
                0x0000000000000e3c                _fwalk_reent
 .text          0x0000000000000f00        0x0 /home/chris/altera/16.0/nios2eds/bin/gnu/H-x86_64-pc-linux-gnu/bin/../lib/gcc/nios2-elf/5.2.0/../../../../../H-x86_64-pc-linux-gnu/nios2-elf/lib/libc.a(lib_a-impure.o)
 .text          0x0000000000000f00        0x0 /home/chris/altera/16.0/nios2eds/bin/gnu/H-x86_64-pc-linux-gnu/bin/../lib/gcc/nios2-elf/5.2.0/../../../../../H-x86_64-pc-linux-gnu/nios2-elf/lib/libc.a(lib_a-mallocr.o)
 .text._malloc_r
                0x0000000000000f00      0x80c /home/chris/altera/16.0/nios2eds/bin/gnu/H-x86_64-pc-linux-gnu/bin/../lib/gcc/nios2-elf/5.2.0/../../../../../H-x86_64-pc-linux-gnu/nios2-elf/lib/libc.a(lib_a-mallocr.o)
                0x0000000000000f00                _malloc_r
 .text          0x000000000000170c        0x0 /home/chris/altera/16.0/nios2eds/bin/gnu/H-x86_64-pc-linux-gnu/bin/../lib/gcc/nios2-elf/5.2.0/../../../../../H-x86_64-pc-linux-gnu/nios2-elf/lib/libc.a(lib_a-memchr.o)
 .text.memchr   0x000000000000170c       0xe4 /home/chris/altera/16.0/nios2eds/bin/gnu/H-x86_64-pc-linux-gnu/bin/../lib/gcc/nios2-elf/5.2.0/../../../../../H-x86_64-pc-linux-gnu/nios2-elf/lib/libc.a(lib_a-memchr.o)
                0x000000000000170c                memchr
 .text          0x00000000000017f0        0x0 /home/chris/altera/16.0/nios2eds/bin/gnu/H-x86_64-pc-linux-gnu/bin/../lib/gcc/nios2-elf/5.2.0/../../../../../H-x86_64-pc-linux-gnu/nios2-elf/lib/libc.a(lib_a-memcpy.o)
 .text.memcpy   0x00000000000017f0      0x148 /home/chris/altera/16.0/nios2eds/bin/gnu/H-x86_64-pc-linux-gnu/bin/../lib/gcc/nios2-elf/5.2.0/../../../../../H-x86_64-pc-linux-gnu/nios2-elf/lib/libc.a(lib_a-memcpy.o)
                0x00000000000017f0                memcpy
 .text          0x0000000000001938        0x0 /home/chris/altera/16.0/nios2eds/bin/gnu/H-x86_64-pc-linux-gnu/bin/../lib/gcc/nios2-elf/5.2.0/../../../../../H-x86_64-pc-linux-gnu/nios2-elf/lib/libc.a(lib_a-memmove.o)
 .text.memmove  0x0000000000001938      0x15c /home/chris/altera/16.0/nios2eds/bin/gnu/H-x86_64-pc-linux-gnu/bin/../lib/gcc/nios2-elf/5.2.0/../../../../../H-x86_64-pc-linux-gnu/nios2-elf/lib/libc.a(lib_a-memmove.o)
                0x0000000000001938                memmove
 .text          0x0000000000001a94        0x0 /home/chris/altera/16.0/nios2eds/bin/gnu/H-x86_64-pc-linux-gnu/bin/../lib/gcc/nios2-elf/5.2.0/../../../../../H-x86_64-pc-linux-gnu/nios2-elf/lib/libc.a(lib_a-memset.o)
 .text.memset   0x0000000000001a94      0x128 /home/chris/altera/16.0/nios2eds/bin/gnu/H-x86_64-pc-linux-gnu/bin/../lib/gcc/nios2-elf/5.2.0/../../../../../H-x86_64-pc-linux-gnu/nios2-elf/lib/libc.a(lib_a-memset.o)
                0x0000000000001a94                memset
 .text          0x0000000000001bbc        0x0 /home/chris/altera/16.0/nios2eds/bin/gnu/H-x86_64-pc-linux-gnu/bin/../lib/gcc/nios2-elf/5.2.0/../../../../../H-x86_64-pc-linux-gnu/nios2-elf/lib/libc.a(lib_a-reallocr.o)
 .text._realloc_r
                0x0000000000001bbc      0x564 /home/chris/altera/16.0/nios2eds/bin/gnu/H-x86_64-pc-linux-gnu/bin/../lib/gcc/nios2-elf/5.2.0/../../../../../H-x86_64-pc-linux-gnu/nios2-elf/lib/libc.a(lib_a-reallocr.o)
                0x0000000000001bbc                _realloc_r
 .text          0x0000000000002120        0x0 /home/chris/altera/16.0/nios2eds/bin/gnu/H-x86_64-pc-linux-gnu/bin/../lib/gcc/nios2-elf/5.2.0/../../../../../H-x86_64-pc-linux-gnu/nios2-elf/lib/libc.a(lib_a-sbrkr.o)
 .text._sbrk_r  0x0000000000002120       0x54 /home/chris/altera/16.0/nios2eds/bin/gnu/H-x86_64-pc-linux-gnu/bin/../lib/gcc/nios2-elf/5.2.0/../../../../../H-x86_64-pc-linux-gnu/nios2-elf/lib/libc.a(lib_a-sbrkr.o)
                0x0000000000002120                _sbrk_r
 .text          0x0000000000002174        0x0 /home/chris/altera/16.0/nios2eds/bin/gnu/H-x86_64-pc-linux-gnu/bin/../lib/gcc/nios2-elf/5.2.0/../../../../../H-x86_64-pc-linux-gnu/nios2-elf/lib/libc.a(lib_a-stdio.o)
 .text.__sread  0x0000000000002174       0x54 /home/chris/altera/16.0/nios2eds/bin/gnu/H-x86_64-pc-linux-gnu/bin/../lib/gcc/nios2-elf/5.2.0/../../../../../H-x86_64-pc-linux-gnu/nios2-elf/lib/libc.a(lib_a-stdio.o)
                0x0000000000002174                __sread
 .text.__seofread
                0x00000000000021c8        0x8 /home/chris/altera/16.0/nios2eds/bin/gnu/H-x86_64-pc-linux-gnu/bin/../lib/gcc/nios2-elf/5.2.0/../../../../../H-x86_64-pc-linux-gnu/nios2-elf/lib/libc.a(lib_a-stdio.o)
                0x00000000000021c8                __seofread
 .text.__swrite
                0x00000000000021d0       0x7c /home/chris/altera/16.0/nios2eds/bin/gnu/H-x86_64-pc-linux-gnu/bin/../lib/gcc/nios2-elf/5.2.0/../../../../../H-x86_64-pc-linux-gnu/nios2-elf/lib/libc.a(lib_a-stdio.o)
                0x00000000000021d0                __swrite
 .text.__sseek  0x000000000000224c       0x5c /home/chris/altera/16.0/nios2eds/bin/gnu/H-x86_64-pc-linux-gnu/bin/../lib/gcc/nios2-elf/5.2.0/../../../../../H-x86_64-pc-linux-gnu/nios2-elf/lib/libc.a(lib_a-stdio.o)
                0x000000000000224c                __sseek
 .text.__sclose
                0x00000000000022a8        0x8 /home/chris/altera/16.0/nios2eds/bin/gnu/H-x86_64-pc-linux-gnu/bin/../lib/gcc/nios2-elf/5.2.0/../../../../../H-x86_64-pc-linux-gnu/nios2-elf/lib/libc.a(lib_a-stdio.o)
                0x00000000000022a8                __sclose
 .text          0x00000000000022b0        0x0 /home/chris/altera/16.0/nios2eds/bin/gnu/H-x86_64-pc-linux-gnu/bin/../lib/gcc/nios2-elf/5.2.0/../../../../../H-x86_64-pc-linux-gnu/nios2-elf/lib/libc.a(lib_a-writer.o)
 .text._write_r
                0x00000000000022b0       0x60 /home/chris/altera/16.0/nios2eds/bin/gnu/H-x86_64-pc-linux-gnu/bin/../lib/gcc/nios2-elf/5.2.0/../../../../../H-x86_64-pc-linux-gnu/nios2-elf/lib/libc.a(lib_a-writer.o)
                0x00000000000022b0                _write_r
 .text          0x0000000000002310        0x0 /home/chris/altera/16.0/nios2eds/bin/gnu/H-x86_64-pc-linux-gnu/bin/../lib/gcc/nios2-elf/5.2.0/../../../../../H-x86_64-pc-linux-gnu/nios2-elf/lib/libc.a(lib_a-wsetup.o)
 .text.__swsetup_r
                0x0000000000002310      0x154 /home/chris/altera/16.0/nios2eds/bin/gnu/H-x86_64-pc-linux-gnu/bin/../lib/gcc/nios2-elf/5.2.0/../../../../../H-x86_64-pc-linux-gnu/nios2-elf/lib/libc.a(lib_a-wsetup.o)
                0x0000000000002310                __swsetup_r
 .text          0x0000000000002464        0x0 /home/chris/altera/16.0/nios2eds/bin/gnu/H-x86_64-pc-linux-gnu/bin/../lib/gcc/nios2-elf/5.2.0/../../../../../H-x86_64-pc-linux-gnu/nios2-elf/lib/libc.a(closer.o)
 .text._close_r
                0x0000000000002464       0x54 /home/chris/altera/16.0/nios2eds/bin/gnu/H-x86_64-pc-linux-gnu/bin/../lib/gcc/nios2-elf/5.2.0/../../../../../H-x86_64-pc-linux-gnu/nios2-elf/lib/libc.a(closer.o)
                0x0000000000002464                _close_r
 .text          0x00000000000024b8        0x0 /home/chris/altera/16.0/nios2eds/bin/gnu/H-x86_64-pc-linux-gnu/bin/../lib/gcc/nios2-elf/5.2.0/../../../../../H-x86_64-pc-linux-gnu/nios2-elf/lib/libc.a(lib_a-fclose.o)
 .text._fclose_r
                0x00000000000024b8       0xf0 /home/chris/altera/16.0/nios2eds/bin/gnu/H-x86_64-pc-linux-gnu/bin/../lib/gcc/nios2-elf/5.2.0/../../../../../H-x86_64-pc-linux-gnu/nios2-elf/lib/libc.a(lib_a-fclose.o)
                0x00000000000024b8                _fclose_r
 .text.fclose   0x00000000000025a8       0x14 /home/chris/altera/16.0/nios2eds/bin/gnu/H-x86_64-pc-linux-gnu/bin/../lib/gcc/nios2-elf/5.2.0/../../../../../H-x86_64-pc-linux-gnu/nios2-elf/lib/libc.a(lib_a-fclose.o)
                0x00000000000025a8                fclose
 .text          0x00000000000025bc        0x0 /home/chris/altera/16.0/nios2eds/bin/gnu/H-x86_64-pc-linux-gnu/bin/../lib/gcc/nios2-elf/5.2.0/../../../../../H-x86_64-pc-linux-gnu/nios2-elf/lib/libc.a(lib_a-fflush.o)
 .text.__sflush_r
                0x00000000000025bc      0x21c /home/chris/altera/16.0/nios2eds/bin/gnu/H-x86_64-pc-linux-gnu/bin/../lib/gcc/nios2-elf/5.2.0/../../../../../H-x86_64-pc-linux-gnu/nios2-elf/lib/libc.a(lib_a-fflush.o)
                0x00000000000025bc                __sflush_r
 .text._fflush_r
                0x00000000000027d8       0x5c /home/chris/altera/16.0/nios2eds/bin/gnu/H-x86_64-pc-linux-gnu/bin/../lib/gcc/nios2-elf/5.2.0/../../../../../H-x86_64-pc-linux-gnu/nios2-elf/lib/libc.a(lib_a-fflush.o)
                0x00000000000027d8                _fflush_r
 .text.fflush   0x0000000000002834       0x30 /home/chris/altera/16.0/nios2eds/bin/gnu/H-x86_64-pc-linux-gnu/bin/../lib/gcc/nios2-elf/5.2.0/../../../../../H-x86_64-pc-linux-gnu/nios2-elf/lib/libc.a(lib_a-fflush.o)
                0x0000000000002834                fflush
 .text          0x0000000000002864        0x0 /home/chris/altera/16.0/nios2eds/bin/gnu/H-x86_64-pc-linux-gnu/bin/../lib/gcc/nios2-elf/5.2.0/../../../../../H-x86_64-pc-linux-gnu/nios2-elf/lib/libc.a(lib_a-freer.o)
 .text._malloc_trim_r
                0x0000000000002864      0x124 /home/chris/altera/16.0/nios2eds/bin/gnu/H-x86_64-pc-linux-gnu/bin/../lib/gcc/nios2-elf/5.2.0/../../../../../H-x86_64-pc-linux-gnu/nios2-elf/lib/libc.a(lib_a-freer.o)
                0x0000000000002864                _malloc_trim_r
 .text._free_r  0x0000000000002988      0x310 /home/chris/altera/16.0/nios2eds/bin/gnu/H-x86_64-pc-linux-gnu/bin/../lib/gcc/nios2-elf/5.2.0/../../../../../H-x86_64-pc-linux-gnu/nios2-elf/lib/libc.a(lib_a-freer.o)
                0x0000000000002988                _free_r
 .text          0x0000000000002c98        0x0 /home/chris/altera/16.0/nios2eds/bin/gnu/H-x86_64-pc-linux-gnu/bin/../lib/gcc/nios2-elf/5.2.0/../../../../../H-x86_64-pc-linux-gnu/nios2-elf/lib/libc.a(lib_a-int_errno.o)
 .text          0x0000000000002c98        0x0 /home/chris/altera/16.0/nios2eds/bin/gnu/H-x86_64-pc-linux-gnu/bin/../lib/gcc/nios2-elf/5.2.0/../../../../../H-x86_64-pc-linux-gnu/nios2-elf/lib/libc.a(lib_a-lseekr.o)
 .text._lseek_r
                0x0000000000002c98       0x60 /home/chris/altera/16.0/nios2eds/bin/gnu/H-x86_64-pc-linux-gnu/bin/../lib/gcc/nios2-elf/5.2.0/../../../../../H-x86_64-pc-linux-gnu/nios2-elf/lib/libc.a(lib_a-lseekr.o)
                0x0000000000002c98                _lseek_r
 .text          0x0000000000002cf8        0x0 /home/chris/altera/16.0/nios2eds/bin/gnu/H-x86_64-pc-linux-gnu/bin/../lib/gcc/nios2-elf/5.2.0/../../../../../H-x86_64-pc-linux-gnu/nios2-elf/lib/libc.a(lib_a-makebuf.o)
 .text.__smakebuf_r
                0x0000000000002cf8      0x1bc /home/chris/altera/16.0/nios2eds/bin/gnu/H-x86_64-pc-linux-gnu/bin/../lib/gcc/nios2-elf/5.2.0/../../../../../H-x86_64-pc-linux-gnu/nios2-elf/lib/libc.a(lib_a-makebuf.o)
                0x0000000000002cf8                __smakebuf_r
 .text          0x0000000000002eb4        0x0 /home/chris/altera/16.0/nios2eds/bin/gnu/H-x86_64-pc-linux-gnu/bin/../lib/gcc/nios2-elf/5.2.0/../../../../../H-x86_64-pc-linux-gnu/nios2-elf/lib/libc.a(lib_a-readr.o)
 .text._read_r  0x0000000000002eb4       0x60 /home/chris/altera/16.0/nios2eds/bin/gnu/H-x86_64-pc-linux-gnu/bin/../lib/gcc/nios2-elf/5.2.0/../../../../../H-x86_64-pc-linux-gnu/nios2-elf/lib/libc.a(lib_a-readr.o)
                0x0000000000002eb4                _read_r
 .text          0x0000000000002f14        0x0 /home/chris/altera/16.0/nios2eds/bin/gnu/H-x86_64-pc-linux-gnu/bin/../lib/gcc/nios2-elf/5.2.0/../../../../../H-x86_64-pc-linux-gnu/nios2-elf/lib/libc.a(lib_a-fstatr.o)
 .text._fstat_r
                0x0000000000002f14       0x5c /home/chris/altera/16.0/nios2eds/bin/gnu/H-x86_64-pc-linux-gnu/bin/../lib/gcc/nios2-elf/5.2.0/../../../../../H-x86_64-pc-linux-gnu/nios2-elf/lib/libc.a(lib_a-fstatr.o)
                0x0000000000002f14                _fstat_r
 .text          0x0000000000002f70        0x0 /home/chris/altera/16.0/nios2eds/bin/gnu/H-x86_64-pc-linux-gnu/bin/../lib/gcc/nios2-elf/5.2.0/../../../../../H-x86_64-pc-linux-gnu/nios2-elf/lib/libc.a(lib_a-isattyr.o)
 .text._isatty_r
                0x0000000000002f70       0x54 /home/chris/altera/16.0/nios2eds/bin/gnu/H-x86_64-pc-linux-gnu/bin/../lib/gcc/nios2-elf/5.2.0/../../../../../H-x86_64-pc-linux-gnu/nios2-elf/lib/libc.a(lib_a-isattyr.o)
                0x0000000000002f70                _isatty_r
 .text          0x0000000000002fc4      0x1b4 /home/chris/altera/16.0/nios2eds/bin/gnu/H-x86_64-pc-linux-gnu/bin/../lib/gcc/nios2-elf/5.2.0/libgcc.a(lib2-divmod.o)
                0x0000000000002fc4                __divsi3
                0x0000000000003048                __modsi3
                0x00000000000030bc                __udivsi3
                0x0000000000003120                __umodsi3
 .text          0x0000000000003178      0x120 ../ucos_bsp//libucosii_bsp.a(alt_close.o)
                0x00000000000031c8                close
 .text          0x0000000000003298       0x2c ../ucos_bsp//libucosii_bsp.a(alt_dev.o)
 .text          0x00000000000032c4        0x0 ../ucos_bsp//libucosii_bsp.a(alt_errno.o)
 .text          0x00000000000032c4      0x100 ../ucos_bsp//libucosii_bsp.a(alt_fstat.o)
                0x0000000000003314                fstat
 .text          0x00000000000033c4       0xf4 ../ucos_bsp//libucosii_bsp.a(alt_isatty.o)
                0x0000000000003414                isatty
 .text          0x00000000000034b8       0xec ../ucos_bsp//libucosii_bsp.a(alt_load.o)
                0x0000000000003520                alt_load
 .text          0x00000000000035a4      0x124 ../ucos_bsp//libucosii_bsp.a(alt_lseek.o)
                0x00000000000035f4                lseek
 .text          0x00000000000036c8       0xd8 ../ucos_bsp//libucosii_bsp.a(alt_main.o)
                0x00000000000036c8                alt_main
 .text          0x00000000000037a0      0x14c ../ucos_bsp//libucosii_bsp.a(alt_read.o)
                0x00000000000037f0                read
 .text          0x00000000000038ec       0x64 ../ucos_bsp//libucosii_bsp.a(alt_release_fd.o)
                0x00000000000038ec                alt_release_fd
 .text          0x0000000000003950       0xb0 ../ucos_bsp//libucosii_bsp.a(alt_sbrk.o)
                0x0000000000003950                sbrk
 .text          0x0000000000003a00      0x148 ../ucos_bsp//libucosii_bsp.a(alt_write.o)
                0x0000000000003a50                write
 .text          0x0000000000003b48      0x13c ../ucos_bsp//libucosii_bsp.a(alt_env_lock.o)
                0x0000000000003b48                __env_lock
                0x0000000000003c1c                __env_unlock
 .text          0x0000000000003c84      0x214 ../ucos_bsp//libucosii_bsp.a(alt_malloc_lock.o)
                0x0000000000003c84                __malloc_lock
                0x0000000000003dbc                __malloc_unlock
 .text          0x0000000000003e98     0x252c ../ucos_bsp//libucosii_bsp.a(os_core.o)
                0x0000000000003e98                OSEventNameGet
                0x0000000000003fc0                OSEventNameSet
                0x0000000000004108                OSEventPendMulti
                0x00000000000047a8                OSInit
                0x0000000000004800                OSIntEnter
                0x00000000000048a4                OSIntExit
                0x0000000000004a08                OSSchedLock
                0x0000000000004ac0                OSSchedUnlock
                0x0000000000004bd0                OSStart
                0x0000000000004c78                OSStatInit
                0x0000000000004d48                OSTimeTick
                0x0000000000004fbc                OSVersion
                0x0000000000004fdc                OS_Dummy
                0x0000000000004ffc                OS_EventTaskRdy
                0x00000000000051b0                OS_EventTaskWait
                0x0000000000005320                OS_EventTaskWaitMulti
                0x00000000000054d8                OS_EventTaskRemove
                0x0000000000005590                OS_EventTaskRemoveMulti
                0x0000000000005690                OS_EventWaitListInit
                0x0000000000005b04                OS_MemClr
                0x0000000000005b58                OS_MemCopy
                0x0000000000005bc0                OS_Sched
                0x0000000000005d64                OS_StrCopy
                0x0000000000005dd8                OS_StrLen
                0x0000000000005e2c                OS_TaskIdle
                0x0000000000005e98                OS_TaskStat
                0x0000000000005fc4                OS_TaskStatStkChk
                0x0000000000006090                OS_TCBInit
 .text          0x00000000000063c4      0x190 ../ucos_bsp//libucosii_bsp.a(os_dbg.o)
                0x00000000000063c4                OSDebugInit
 .text          0x0000000000006554     0x1858 ../ucos_bsp//libucosii_bsp.a(os_flag.o)
                0x0000000000006554                OSFlagAccept
                0x000000000000685c                OSFlagCreate
                0x0000000000006984                OSFlagDel
                0x0000000000006bf4                OSFlagNameGet
                0x0000000000006d24                OSFlagNameSet
                0x0000000000006e78                OSFlagPend
                0x0000000000007488                OSFlagPendGetFlagsRdy
                0x00000000000074f0                OSFlagPost
                0x0000000000007884                OSFlagQuery
                0x0000000000007b10                OS_FlagInit
                0x0000000000007d08                OS_FlagUnlink
 .text          0x0000000000007dac      0x78c ../ucos_bsp//libucosii_bsp.a(os_mem.o)
                0x0000000000007dac                OSMemCreate
                0x0000000000007fa0                OSMemGet
                0x0000000000008090                OSMemNameGet
                0x0000000000008188                OSMemNameSet
                0x00000000000082a4                OSMemPut
                0x000000000000837c                OSMemQuery
                0x0000000000008464                OS_MemInit
 .text          0x0000000000008538     0x1214 ../ucos_bsp//libucosii_bsp.a(os_q.o)
                0x0000000000008538                OSQAccept
                0x0000000000008678                OSQCreate
                0x0000000000008874                OSQDel
                0x0000000000008b3c                OSQFlush
                0x0000000000008bf4                OSQPend
                0x0000000000008ef0                OSQPendAbort
                0x000000000000905c                OSQPost
                0x00000000000091c4                OSQPostFront
                0x0000000000009334                OSQPostOpt
                0x0000000000009540                OSQQuery
                0x000000000000969c                OS_QInit
 .text          0x000000000000974c      0xb10 ../ucos_bsp//libucosii_bsp.a(os_sem.o)
                0x000000000000974c                OSSemAccept
                0x00000000000097fc                OSSemCreate
                0x00000000000098fc                OSSemDel
                0x0000000000009b64                OSSemPend
                0x0000000000009dd0                OSSemPendAbort
                0x0000000000009f3c                OSSemPost
                0x000000000000a04c                OSSemQuery
                0x000000000000a15c                OSSemSet
 .text          0x000000000000a25c     0x1904 ../ucos_bsp//libucosii_bsp.a(os_task.o)
                0x000000000000a25c                OSTaskChangePrio
                0x000000000000a79c                OSTaskCreate
                0x000000000000a958                OSTaskCreateExt
                0x000000000000ab4c                OSTaskDel
                0x000000000000af2c                OSTaskDelReq
                0x000000000000b084                OSTaskNameGet
                0x000000000000b22c                OSTaskNameSet
                0x000000000000b3f0                OSTaskResume
                0x000000000000b5e8                OSTaskStkChk
                0x000000000000b7b0                OSTaskSuspend
                0x000000000000b9c4                OSTaskQuery
                0x000000000000baf0                OS_TaskStkClr
 .text          0x000000000000bb60      0x564 ../ucos_bsp//libucosii_bsp.a(os_time.o)
                0x000000000000bb60                OSTimeDly
                0x000000000000bcac                OSTimeDlyHMSM
                0x000000000000be08                OSTimeDlyResume
                0x000000000000bff8                OSTimeGet
                0x000000000000c05c                OSTimeSet
 .text          0x000000000000c0c4       0xd4 ../ucos_bsp//libucosii_bsp.a(alt_sys_init.o)
                0x000000000000c0fc                alt_irq_init
                0x000000000000c134                alt_sys_init
 .text          0x000000000000c198      0x164 ../ucos_bsp//libucosii_bsp.a(altera_avalon_jtag_uart_fd.o)
                0x000000000000c198                altera_avalon_jtag_uart_read_fd
                0x000000000000c1f8                altera_avalon_jtag_uart_write_fd
                0x000000000000c258                altera_avalon_jtag_uart_close_fd
                0x000000000000c2a8                altera_avalon_jtag_uart_ioctl_fd
 .text          0x000000000000c2fc      0x580 ../ucos_bsp//libucosii_bsp.a(altera_avalon_jtag_uart_init.o)
                0x000000000000c2fc                altera_avalon_jtag_uart_init
                0x000000000000c814                altera_avalon_jtag_uart_close
 .text          0x000000000000c87c       0xf0 ../ucos_bsp//libucosii_bsp.a(altera_avalon_jtag_uart_ioctl.o)
                0x000000000000c87c                altera_avalon_jtag_uart_ioctl
 .text          0x000000000000c96c      0x2cc ../ucos_bsp//libucosii_bsp.a(altera_avalon_jtag_uart_read.o)
                0x000000000000c96c                altera_avalon_jtag_uart_read
 .text          0x000000000000cc38      0x2d4 ../ucos_bsp//libucosii_bsp.a(altera_avalon_jtag_uart_write.o)
                0x000000000000cc38                altera_avalon_jtag_uart_write
 .text          0x000000000000cf0c      0x104 ../ucos_bsp//libucosii_bsp.a(altera_avalon_timer_sc.o)
                0x000000000000cf84                alt_avalon_timer_sc_init
 .text          0x000000000000d010      0x140 ../ucos_bsp//libucosii_bsp.a(alt_alarm_start.o)
                0x000000000000d010                alt_alarm_start
 .text          0x000000000000d150       0x48 ../ucos_bsp//libucosii_bsp.a(alt_dcache_flush_all.o)
                0x000000000000d150                alt_dcache_flush_all
 .text          0x000000000000d198       0xf4 ../ucos_bsp//libucosii_bsp.a(alt_dev_llist_insert.o)
                0x000000000000d1e8                alt_dev_llist_insert
 .text          0x000000000000d28c       0x60 ../ucos_bsp//libucosii_bsp.a(alt_do_ctors.o)
                0x000000000000d28c                _do_ctors
 .text          0x000000000000d2ec       0x60 ../ucos_bsp//libucosii_bsp.a(alt_do_dtors.o)
                0x000000000000d2ec                _do_dtors
 .text          0x000000000000d34c       0x34 ../ucos_bsp//libucosii_bsp.a(alt_icache_flush_all.o)
                0x000000000000d34c                alt_icache_flush_all
 .text          0x000000000000d380      0x1e0 ../ucos_bsp//libucosii_bsp.a(alt_iic.o)
                0x000000000000d380                alt_ic_isr_register
                0x000000000000d3d0                alt_ic_irq_enable
                0x000000000000d470                alt_ic_irq_disable
                0x000000000000d514                alt_ic_irq_enabled
 .text          0x000000000000d560       0xf0 ../ucos_bsp//libucosii_bsp.a(alt_iic_isr_register.o)
                0x000000000000d560                alt_iic_isr_register
 .text          0x000000000000d650      0x140 ../ucos_bsp//libucosii_bsp.a(alt_io_redirect.o)
                0x000000000000d714                alt_io_redirect
 .text          0x000000000000d790        0x0 ../ucos_bsp//libucosii_bsp.a(alt_irq_entry.o)
 .text          0x000000000000d790        0x0 ../ucos_bsp//libucosii_bsp.a(alt_irq_handler.o)
 .text          0x000000000000d790        0x0 ../ucos_bsp//libucosii_bsp.a(alt_irq_vars.o)
 .text          0x000000000000d790      0x274 ../ucos_bsp//libucosii_bsp.a(alt_open.o)
                0x000000000000d8ac                open
 .text          0x000000000000da04      0x1a4 ../ucos_bsp//libucosii_bsp.a(alt_tick.o)
                0x000000000000da04                alt_alarm_stop
                0x000000000000daa0                alt_tick
 .text          0x000000000000dba8       0x24 ../ucos_bsp//libucosii_bsp.a(altera_nios2_gen2_irq.o)
                0x000000000000dba8                altera_nios2_gen2_irq_init
 .text          0x000000000000dbcc       0xd0 ../ucos_bsp//libucosii_bsp.a(os_cpu_a.o)
                0x000000000000dbcc                OSCtxSw
                0x000000000000dbcc                OSIntCtxSw
                0x000000000000dc58                OSStartHighRdy
                0x000000000000dc78                OSStartTsk
 .text          0x000000000000dc9c      0x288 ../ucos_bsp//libucosii_bsp.a(os_cpu_c.o)
                0x000000000000dc9c                OSTaskStkInit
                0x000000000000ddf8                OSTaskCreateHook
                0x000000000000de1c                OSTaskDelHook
                0x000000000000de40                OSTaskSwHook
                0x000000000000de60                OSTaskStatHook
                0x000000000000de80                OSTimeTickHook
                0x000000000000dea0                OSInitHookBegin
                0x000000000000dec0                OSInitHookEnd
                0x000000000000dee0                OSTaskIdleHook
                0x000000000000df00                OSTCBInitHook
 .text          0x000000000000df24        0x0 ../ucos_bsp//libucosii_bsp.a(alt_exception_entry.o)
 .text          0x000000000000df24       0x90 ../ucos_bsp//libucosii_bsp.a(alt_find_dev.o)
                0x000000000000df24                alt_find_dev
 .text          0x000000000000dfb4      0x114 ../ucos_bsp//libucosii_bsp.a(alt_find_file.o)
                0x000000000000dfb4                alt_find_file
 .text          0x000000000000e0c8       0xfc ../ucos_bsp//libucosii_bsp.a(alt_get_fd.o)
                0x000000000000e0c8                alt_get_fd
 .text          0x000000000000e1c4       0x90 ../ucos_bsp//libucosii_bsp.a(alt_icache_flush.o)
                0x000000000000e1c4                alt_icache_flush
 .text          0x000000000000e254       0x9c ../ucos_bsp//libucosii_bsp.a(alt_instruction_exception_entry.o)
                0x000000000000e254                alt_exception_cause_generated_bad_addr
 .text          0x000000000000e2f0        0x0 /home/chris/altera/16.0/nios2eds/bin/gnu/H-x86_64-pc-linux-gnu/bin/../lib/gcc/nios2-elf/5.2.0/../../../../../H-x86_64-pc-linux-gnu/nios2-elf/lib/libc.a(lib_a-atexit.o)
 .text.atexit   0x000000000000e2f0       0x14 /home/chris/altera/16.0/nios2eds/bin/gnu/H-x86_64-pc-linux-gnu/bin/../lib/gcc/nios2-elf/5.2.0/../../../../../H-x86_64-pc-linux-gnu/nios2-elf/lib/libc.a(lib_a-atexit.o)
                0x000000000000e2f0                atexit
 .text          0x000000000000e304        0x0 /home/chris/altera/16.0/nios2eds/bin/gnu/H-x86_64-pc-linux-gnu/bin/../lib/gcc/nios2-elf/5.2.0/../../../../../H-x86_64-pc-linux-gnu/nios2-elf/lib/libc.a(lib_a-exit.o)
 .text.exit     0x000000000000e304       0x38 /home/chris/altera/16.0/nios2eds/bin/gnu/H-x86_64-pc-linux-gnu/bin/../lib/gcc/nios2-elf/5.2.0/../../../../../H-x86_64-pc-linux-gnu/nios2-elf/lib/libc.a(lib_a-exit.o)
                0x000000000000e304                exit
 .text          0x000000000000e33c        0x0 /home/chris/altera/16.0/nios2eds/bin/gnu/H-x86_64-pc-linux-gnu/bin/../lib/gcc/nios2-elf/5.2.0/../../../../../H-x86_64-pc-linux-gnu/nios2-elf/lib/libc.a(lib_a-memcmp.o)
 .text.memcmp   0x000000000000e33c       0x7c /home/chris/altera/16.0/nios2eds/bin/gnu/H-x86_64-pc-linux-gnu/bin/../lib/gcc/nios2-elf/5.2.0/../../../../../H-x86_64-pc-linux-gnu/nios2-elf/lib/libc.a(lib_a-memcmp.o)
                0x000000000000e33c                memcmp
 .text          0x000000000000e3b8        0x0 /home/chris/altera/16.0/nios2eds/bin/gnu/H-x86_64-pc-linux-gnu/bin/../lib/gcc/nios2-elf/5.2.0/../../../../../H-x86_64-pc-linux-gnu/nios2-elf/lib/libc.a(lib_a-__atexit.o)
 .text.__register_exitproc
                0x000000000000e3b8      0x118 /home/chris/altera/16.0/nios2eds/bin/gnu/H-x86_64-pc-linux-gnu/bin/../lib/gcc/nios2-elf/5.2.0/../../../../../H-x86_64-pc-linux-gnu/nios2-elf/lib/libc.a(lib_a-__atexit.o)
                0x000000000000e3b8                __register_exitproc
 .text          0x000000000000e4d0        0x0 /home/chris/altera/16.0/nios2eds/bin/gnu/H-x86_64-pc-linux-gnu/bin/../lib/gcc/nios2-elf/5.2.0/../../../../../H-x86_64-pc-linux-gnu/nios2-elf/lib/libc.a(lib_a-__call_atexit.o)
 .text.__call_exitprocs
                0x000000000000e4d0      0x180 /home/chris/altera/16.0/nios2eds/bin/gnu/H-x86_64-pc-linux-gnu/bin/../lib/gcc/nios2-elf/5.2.0/../../../../../H-x86_64-pc-linux-gnu/nios2-elf/lib/libc.a(lib_a-__call_atexit.o)
                0x000000000000e4d0                __call_exitprocs
 .text          0x000000000000e650       0x3c ../ucos_bsp//libucosii_bsp.a(alt_exit.o)
                0x000000000000e650                _exit
 *(.gnu.warning.*)
 *(.fini)
                [!provide]                        PROVIDE (__etext, ABSOLUTE (.))
                [!provide]                        PROVIDE (_etext, ABSOLUTE (.))
                [!provide]                        PROVIDE (etext, ABSOLUTE (.))
 *(.eh_frame_hdr)
                0x000000000000e68c                . = ALIGN (0x4)
                [!provide]                        PROVIDE (__preinit_array_start, ABSOLUTE (.))
 *(.preinit_array)
                [!provide]                        PROVIDE (__preinit_array_end, ABSOLUTE (.))
                [!provide]                        PROVIDE (__init_array_start, ABSOLUTE (.))
 *(.init_array)
                [!provide]                        PROVIDE (__init_array_end, ABSOLUTE (.))
                [!provide]                        PROVIDE (__fini_array_start, ABSOLUTE (.))
 *(.fini_array)
                [!provide]                        PROVIDE (__fini_array_end, ABSOLUTE (.))
 *(.eh_frame)
 *(.gcc_except_table .gcc_except_table.*)
 *(.dynamic)
                0x000000000000e68c                PROVIDE (__CTOR_LIST__, ABSOLUTE (.))
 *(.ctors)
 *(SORT(.ctors.*))
                0x000000000000e68c                PROVIDE (__CTOR_END__, ABSOLUTE (.))
                0x000000000000e68c                PROVIDE (__DTOR_LIST__, ABSOLUTE (.))
 *(.dtors)
 *(SORT(.dtors.*))
                0x000000000000e68c                PROVIDE (__DTOR_END__, ABSOLUTE (.))
 *(.jcr)
                0x000000000000e68c                . = ALIGN (0x4)

.rodata         0x000000000000e68c      0x178
                0x000000000000e68c                PROVIDE (__ram_rodata_start, ABSOLUTE (.))
                0x000000000000e68c                . = ALIGN (0x4)
 *(.rodata .rodata.* .gnu.linkonce.r.*)
 .rodata        0x000000000000e68c       0x25 obj/default/hello_ucosii.o
 *fill*         0x000000000000e6b1        0x3 
 .rodata.str1.4
                0x000000000000e6b4        0x2 /home/chris/altera/16.0/nios2eds/bin/gnu/H-x86_64-pc-linux-gnu/bin/../lib/gcc/nios2-elf/5.2.0/../../../../../H-x86_64-pc-linux-gnu/nios2-elf/lib/libc.a(lib_a-puts.o)
 *fill*         0x000000000000e6b6        0x2 
 .rodata.str1.4
                0x000000000000e6b8        0x4 /home/chris/altera/16.0/nios2eds/bin/gnu/H-x86_64-pc-linux-gnu/bin/../lib/gcc/nios2-elf/5.2.0/../../../../../H-x86_64-pc-linux-gnu/nios2-elf/lib/libc.a(lib_a-impure.o)
                                          0x2 (size before relaxing)
 .rodata        0x000000000000e6bc        0xa ../ucos_bsp//libucosii_bsp.a(alt_dev.o)
 *fill*         0x000000000000e6c6        0x2 
 .rodata        0x000000000000e6c8        0xa ../ucos_bsp//libucosii_bsp.a(alt_main.o)
 *fill*         0x000000000000e6d2        0x2 
 .rodata        0x000000000000e6d4      0x11e ../ucos_bsp//libucosii_bsp.a(os_core.o)
                0x000000000000e6d4                OSUnMapTbl
 *fill*         0x000000000000e7f2        0x2 
 .rodata        0x000000000000e7f4        0xa ../ucos_bsp//libucosii_bsp.a(alt_sys_init.o)
 *fill*         0x000000000000e7fe        0x2 
 .rodata        0x000000000000e800        0x2 ../ucos_bsp//libucosii_bsp.a(os_cpu_c.o)
 *(.rodata1)
                0x000000000000e804                . = ALIGN (0x4)
 *fill*         0x000000000000e802        0x2 
                0x000000000000e804                PROVIDE (__ram_rodata_end, ABSOLUTE (.))
                0x000000000000e68c                PROVIDE (__flash_rodata_start, LOADADDR (.rodata))

.rwdata         0x000000000000e804     0x1af4 load address 0x00000000000102f8
                0x000000000000e804                PROVIDE (__ram_rwdata_start, ABSOLUTE (.))
                0x000000000000e804                . = ALIGN (0x4)
 *(.got.plt)
 *(.got)
 *(.data1)
 *(.data .data.* .gnu.linkonce.d.*)
 .data          0x000000000000e804        0x0 ../ucos_bsp//obj/HAL/src/crt0.o
 .data          0x000000000000e804        0x0 obj/default/hello_ucosii.o
 .data          0x000000000000e804        0x0 /home/chris/altera/16.0/nios2eds/bin/gnu/H-x86_64-pc-linux-gnu/bin/../lib/gcc/nios2-elf/5.2.0/../../../../../H-x86_64-pc-linux-gnu/nios2-elf/lib/libc.a(lib_a-puts.o)
 .data          0x000000000000e804        0x0 /home/chris/altera/16.0/nios2eds/bin/gnu/H-x86_64-pc-linux-gnu/bin/../lib/gcc/nios2-elf/5.2.0/../../../../../H-x86_64-pc-linux-gnu/nios2-elf/lib/libc.a(lib_a-strlen.o)
 .data          0x000000000000e804        0x0 /home/chris/altera/16.0/nios2eds/bin/gnu/H-x86_64-pc-linux-gnu/bin/../lib/gcc/nios2-elf/5.2.0/../../../../../H-x86_64-pc-linux-gnu/nios2-elf/lib/libc.a(lib_a-findfp.o)
 .data          0x000000000000e804        0x0 /home/chris/altera/16.0/nios2eds/bin/gnu/H-x86_64-pc-linux-gnu/bin/../lib/gcc/nios2-elf/5.2.0/../../../../../H-x86_64-pc-linux-gnu/nios2-elf/lib/libc.a(lib_a-fvwrite.o)
 .data          0x000000000000e804        0x0 /home/chris/altera/16.0/nios2eds/bin/gnu/H-x86_64-pc-linux-gnu/bin/../lib/gcc/nios2-elf/5.2.0/../../../../../H-x86_64-pc-linux-gnu/nios2-elf/lib/libc.a(lib_a-fwalk.o)
 .data          0x000000000000e804        0x0 /home/chris/altera/16.0/nios2eds/bin/gnu/H-x86_64-pc-linux-gnu/bin/../lib/gcc/nios2-elf/5.2.0/../../../../../H-x86_64-pc-linux-gnu/nios2-elf/lib/libc.a(lib_a-impure.o)
 .data.impure_data
                0x000000000000e804      0x424 /home/chris/altera/16.0/nios2eds/bin/gnu/H-x86_64-pc-linux-gnu/bin/../lib/gcc/nios2-elf/5.2.0/../../../../../H-x86_64-pc-linux-gnu/nios2-elf/lib/libc.a(lib_a-impure.o)
 .data          0x000000000000ec28        0x0 /home/chris/altera/16.0/nios2eds/bin/gnu/H-x86_64-pc-linux-gnu/bin/../lib/gcc/nios2-elf/5.2.0/../../../../../H-x86_64-pc-linux-gnu/nios2-elf/lib/libc.a(lib_a-mallocr.o)
 .data.__malloc_av_
                0x000000000000ec28      0x408 /home/chris/altera/16.0/nios2eds/bin/gnu/H-x86_64-pc-linux-gnu/bin/../lib/gcc/nios2-elf/5.2.0/../../../../../H-x86_64-pc-linux-gnu/nios2-elf/lib/libc.a(lib_a-mallocr.o)
                0x000000000000ec28                __malloc_av_
 .data          0x000000000000f030        0x0 /home/chris/altera/16.0/nios2eds/bin/gnu/H-x86_64-pc-linux-gnu/bin/../lib/gcc/nios2-elf/5.2.0/../../../../../H-x86_64-pc-linux-gnu/nios2-elf/lib/libc.a(lib_a-memchr.o)
 .data          0x000000000000f030        0x0 /home/chris/altera/16.0/nios2eds/bin/gnu/H-x86_64-pc-linux-gnu/bin/../lib/gcc/nios2-elf/5.2.0/../../../../../H-x86_64-pc-linux-gnu/nios2-elf/lib/libc.a(lib_a-memcpy.o)
 .data          0x000000000000f030        0x0 /home/chris/altera/16.0/nios2eds/bin/gnu/H-x86_64-pc-linux-gnu/bin/../lib/gcc/nios2-elf/5.2.0/../../../../../H-x86_64-pc-linux-gnu/nios2-elf/lib/libc.a(lib_a-memmove.o)
 .data          0x000000000000f030        0x0 /home/chris/altera/16.0/nios2eds/bin/gnu/H-x86_64-pc-linux-gnu/bin/../lib/gcc/nios2-elf/5.2.0/../../../../../H-x86_64-pc-linux-gnu/nios2-elf/lib/libc.a(lib_a-memset.o)
 .data          0x000000000000f030        0x0 /home/chris/altera/16.0/nios2eds/bin/gnu/H-x86_64-pc-linux-gnu/bin/../lib/gcc/nios2-elf/5.2.0/../../../../../H-x86_64-pc-linux-gnu/nios2-elf/lib/libc.a(lib_a-reallocr.o)
 .data          0x000000000000f030        0x0 /home/chris/altera/16.0/nios2eds/bin/gnu/H-x86_64-pc-linux-gnu/bin/../lib/gcc/nios2-elf/5.2.0/../../../../../H-x86_64-pc-linux-gnu/nios2-elf/lib/libc.a(lib_a-sbrkr.o)
 .data          0x000000000000f030        0x0 /home/chris/altera/16.0/nios2eds/bin/gnu/H-x86_64-pc-linux-gnu/bin/../lib/gcc/nios2-elf/5.2.0/../../../../../H-x86_64-pc-linux-gnu/nios2-elf/lib/libc.a(lib_a-stdio.o)
 .data          0x000000000000f030        0x0 /home/chris/altera/16.0/nios2eds/bin/gnu/H-x86_64-pc-linux-gnu/bin/../lib/gcc/nios2-elf/5.2.0/../../../../../H-x86_64-pc-linux-gnu/nios2-elf/lib/libc.a(lib_a-writer.o)
 .data          0x000000000000f030        0x0 /home/chris/altera/16.0/nios2eds/bin/gnu/H-x86_64-pc-linux-gnu/bin/../lib/gcc/nios2-elf/5.2.0/../../../../../H-x86_64-pc-linux-gnu/nios2-elf/lib/libc.a(lib_a-wsetup.o)
 .data          0x000000000000f030        0x0 /home/chris/altera/16.0/nios2eds/bin/gnu/H-x86_64-pc-linux-gnu/bin/../lib/gcc/nios2-elf/5.2.0/../../../../../H-x86_64-pc-linux-gnu/nios2-elf/lib/libc.a(closer.o)
 .data          0x000000000000f030        0x0 /home/chris/altera/16.0/nios2eds/bin/gnu/H-x86_64-pc-linux-gnu/bin/../lib/gcc/nios2-elf/5.2.0/../../../../../H-x86_64-pc-linux-gnu/nios2-elf/lib/libc.a(lib_a-fclose.o)
 .data          0x000000000000f030        0x0 /home/chris/altera/16.0/nios2eds/bin/gnu/H-x86_64-pc-linux-gnu/bin/../lib/gcc/nios2-elf/5.2.0/../../../../../H-x86_64-pc-linux-gnu/nios2-elf/lib/libc.a(lib_a-fflush.o)
 .data          0x000000000000f030        0x0 /home/chris/altera/16.0/nios2eds/bin/gnu/H-x86_64-pc-linux-gnu/bin/../lib/gcc/nios2-elf/5.2.0/../../../../../H-x86_64-pc-linux-gnu/nios2-elf/lib/libc.a(lib_a-freer.o)
 .data          0x000000000000f030        0x0 /home/chris/altera/16.0/nios2eds/bin/gnu/H-x86_64-pc-linux-gnu/bin/../lib/gcc/nios2-elf/5.2.0/../../../../../H-x86_64-pc-linux-gnu/nios2-elf/lib/libc.a(lib_a-int_errno.o)
 .data          0x000000000000f030        0x0 /home/chris/altera/16.0/nios2eds/bin/gnu/H-x86_64-pc-linux-gnu/bin/../lib/gcc/nios2-elf/5.2.0/../../../../../H-x86_64-pc-linux-gnu/nios2-elf/lib/libc.a(lib_a-lseekr.o)
 .data          0x000000000000f030        0x0 /home/chris/altera/16.0/nios2eds/bin/gnu/H-x86_64-pc-linux-gnu/bin/../lib/gcc/nios2-elf/5.2.0/../../../../../H-x86_64-pc-linux-gnu/nios2-elf/lib/libc.a(lib_a-makebuf.o)
 .data          0x000000000000f030        0x0 /home/chris/altera/16.0/nios2eds/bin/gnu/H-x86_64-pc-linux-gnu/bin/../lib/gcc/nios2-elf/5.2.0/../../../../../H-x86_64-pc-linux-gnu/nios2-elf/lib/libc.a(lib_a-readr.o)
 .data          0x000000000000f030        0x0 /home/chris/altera/16.0/nios2eds/bin/gnu/H-x86_64-pc-linux-gnu/bin/../lib/gcc/nios2-elf/5.2.0/../../../../../H-x86_64-pc-linux-gnu/nios2-elf/lib/libc.a(lib_a-fstatr.o)
 .data          0x000000000000f030        0x0 /home/chris/altera/16.0/nios2eds/bin/gnu/H-x86_64-pc-linux-gnu/bin/../lib/gcc/nios2-elf/5.2.0/../../../../../H-x86_64-pc-linux-gnu/nios2-elf/lib/libc.a(lib_a-isattyr.o)
 .data          0x000000000000f030        0x0 /home/chris/altera/16.0/nios2eds/bin/gnu/H-x86_64-pc-linux-gnu/bin/../lib/gcc/nios2-elf/5.2.0/libgcc.a(lib2-divmod.o)
 .data          0x000000000000f030        0x0 ../ucos_bsp//libucosii_bsp.a(alt_close.o)
 .data          0x000000000000f030      0x1a8 ../ucos_bsp//libucosii_bsp.a(alt_dev.o)
                0x000000000000f030                alt_dev_null
                0x000000000000f058                alt_fd_list
 .data          0x000000000000f1d8        0x0 ../ucos_bsp//libucosii_bsp.a(alt_errno.o)
 .data          0x000000000000f1d8        0x0 ../ucos_bsp//libucosii_bsp.a(alt_fstat.o)
 .data          0x000000000000f1d8        0x0 ../ucos_bsp//libucosii_bsp.a(alt_isatty.o)
 .data          0x000000000000f1d8        0x0 ../ucos_bsp//libucosii_bsp.a(alt_load.o)
 .data          0x000000000000f1d8        0x0 ../ucos_bsp//libucosii_bsp.a(alt_lseek.o)
 .data          0x000000000000f1d8        0x0 ../ucos_bsp//libucosii_bsp.a(alt_main.o)
 .data          0x000000000000f1d8        0x0 ../ucos_bsp//libucosii_bsp.a(alt_read.o)
 .data          0x000000000000f1d8        0x0 ../ucos_bsp//libucosii_bsp.a(alt_release_fd.o)
 .data          0x000000000000f1d8        0x0 ../ucos_bsp//libucosii_bsp.a(alt_sbrk.o)
 .data          0x000000000000f1d8        0x0 ../ucos_bsp//libucosii_bsp.a(alt_write.o)
 .data          0x000000000000f1d8        0x0 ../ucos_bsp//libucosii_bsp.a(alt_env_lock.o)
 .data          0x000000000000f1d8        0x0 ../ucos_bsp//libucosii_bsp.a(alt_malloc_lock.o)
 .data          0x000000000000f1d8        0x0 ../ucos_bsp//libucosii_bsp.a(os_core.o)
 .data          0x000000000000f1d8        0x0 ../ucos_bsp//libucosii_bsp.a(os_dbg.o)
 .data          0x000000000000f1d8        0x0 ../ucos_bsp//libucosii_bsp.a(os_flag.o)
 .data          0x000000000000f1d8        0x0 ../ucos_bsp//libucosii_bsp.a(os_mem.o)
 .data          0x000000000000f1d8        0x0 ../ucos_bsp//libucosii_bsp.a(os_q.o)
 .data          0x000000000000f1d8        0x0 ../ucos_bsp//libucosii_bsp.a(os_sem.o)
 .data          0x000000000000f1d8        0x0 ../ucos_bsp//libucosii_bsp.a(os_task.o)
 .data          0x000000000000f1d8        0x0 ../ucos_bsp//libucosii_bsp.a(os_time.o)
 .data          0x000000000000f1d8     0x106c ../ucos_bsp//libucosii_bsp.a(alt_sys_init.o)
 .data          0x0000000000010244        0x0 ../ucos_bsp//libucosii_bsp.a(altera_avalon_jtag_uart_fd.o)
 .data          0x0000000000010244        0x0 ../ucos_bsp//libucosii_bsp.a(altera_avalon_jtag_uart_init.o)
 .data          0x0000000000010244        0x0 ../ucos_bsp//libucosii_bsp.a(altera_avalon_jtag_uart_ioctl.o)
 .data          0x0000000000010244        0x0 ../ucos_bsp//libucosii_bsp.a(altera_avalon_jtag_uart_read.o)
 .data          0x0000000000010244        0x0 ../ucos_bsp//libucosii_bsp.a(altera_avalon_jtag_uart_write.o)
 .data          0x0000000000010244        0x0 ../ucos_bsp//libucosii_bsp.a(altera_avalon_timer_sc.o)
 .data          0x0000000000010244        0x0 ../ucos_bsp//libucosii_bsp.a(alt_alarm_start.o)
 .data          0x0000000000010244        0x0 ../ucos_bsp//libucosii_bsp.a(alt_dcache_flush_all.o)
 .data          0x0000000000010244        0x0 ../ucos_bsp//libucosii_bsp.a(alt_dev_llist_insert.o)
 .data          0x0000000000010244        0x0 ../ucos_bsp//libucosii_bsp.a(alt_do_ctors.o)
 .data          0x0000000000010244        0x0 ../ucos_bsp//libucosii_bsp.a(alt_do_dtors.o)
 .data          0x0000000000010244        0x0 ../ucos_bsp//libucosii_bsp.a(alt_icache_flush_all.o)
 .data          0x0000000000010244        0x0 ../ucos_bsp//libucosii_bsp.a(alt_iic.o)
 .data          0x0000000000010244        0x0 ../ucos_bsp//libucosii_bsp.a(alt_iic_isr_register.o)
 .data          0x0000000000010244        0x0 ../ucos_bsp//libucosii_bsp.a(alt_io_redirect.o)
 .data          0x0000000000010244        0x0 ../ucos_bsp//libucosii_bsp.a(alt_irq_entry.o)
 .data          0x0000000000010244        0x0 ../ucos_bsp//libucosii_bsp.a(alt_irq_handler.o)
 .data          0x0000000000010244        0x0 ../ucos_bsp//libucosii_bsp.a(alt_irq_vars.o)
 .data          0x0000000000010244        0x0 ../ucos_bsp//libucosii_bsp.a(alt_open.o)
 .data          0x0000000000010244        0x0 ../ucos_bsp//libucosii_bsp.a(alt_tick.o)
 .data          0x0000000000010244        0x0 ../ucos_bsp//libucosii_bsp.a(altera_nios2_gen2_irq.o)
 .data          0x0000000000010244        0x0 ../ucos_bsp//libucosii_bsp.a(os_cpu_a.o)
 .data          0x0000000000010244        0x0 ../ucos_bsp//libucosii_bsp.a(os_cpu_c.o)
 .data          0x0000000000010244        0x0 ../ucos_bsp//libucosii_bsp.a(alt_exception_entry.o)
 .data          0x0000000000010244        0x0 ../ucos_bsp//libucosii_bsp.a(alt_find_dev.o)
 .data          0x0000000000010244        0x0 ../ucos_bsp//libucosii_bsp.a(alt_find_file.o)
 .data          0x0000000000010244        0x0 ../ucos_bsp//libucosii_bsp.a(alt_get_fd.o)
 .data          0x0000000000010244        0x0 ../ucos_bsp//libucosii_bsp.a(alt_icache_flush.o)
 .data          0x0000000000010244        0x0 ../ucos_bsp//libucosii_bsp.a(alt_instruction_exception_entry.o)
 .data          0x0000000000010244        0x0 /home/chris/altera/16.0/nios2eds/bin/gnu/H-x86_64-pc-linux-gnu/bin/../lib/gcc/nios2-elf/5.2.0/../../../../../H-x86_64-pc-linux-gnu/nios2-elf/lib/libc.a(lib_a-atexit.o)
 .data          0x0000000000010244        0x0 /home/chris/altera/16.0/nios2eds/bin/gnu/H-x86_64-pc-linux-gnu/bin/../lib/gcc/nios2-elf/5.2.0/../../../../../H-x86_64-pc-linux-gnu/nios2-elf/lib/libc.a(lib_a-exit.o)
 .data          0x0000000000010244        0x0 /home/chris/altera/16.0/nios2eds/bin/gnu/H-x86_64-pc-linux-gnu/bin/../lib/gcc/nios2-elf/5.2.0/../../../../../H-x86_64-pc-linux-gnu/nios2-elf/lib/libc.a(lib_a-memcmp.o)
 .data          0x0000000000010244        0x0 /home/chris/altera/16.0/nios2eds/bin/gnu/H-x86_64-pc-linux-gnu/bin/../lib/gcc/nios2-elf/5.2.0/../../../../../H-x86_64-pc-linux-gnu/nios2-elf/lib/libc.a(lib_a-__atexit.o)
 .data          0x0000000000010244        0x0 /home/chris/altera/16.0/nios2eds/bin/gnu/H-x86_64-pc-linux-gnu/bin/../lib/gcc/nios2-elf/5.2.0/../../../../../H-x86_64-pc-linux-gnu/nios2-elf/lib/libc.a(lib_a-__call_atexit.o)
 .data          0x0000000000010244        0x0 ../ucos_bsp//libucosii_bsp.a(alt_exit.o)
                0x0000000000018244                _gp = ABSOLUTE ((. + 0x8000))
                [!provide]                        PROVIDE (gp, _gp)
 *(.rwdata .rwdata.*)
 *(.sdata .sdata.* .gnu.linkonce.s.*)
 .sdata._global_impure_ptr
                0x0000000000010244        0x4 /home/chris/altera/16.0/nios2eds/bin/gnu/H-x86_64-pc-linux-gnu/bin/../lib/gcc/nios2-elf/5.2.0/../../../../../H-x86_64-pc-linux-gnu/nios2-elf/lib/libc.a(lib_a-impure.o)
                0x0000000000010244                _global_impure_ptr
 .sdata._impure_ptr
                0x0000000000010248        0x4 /home/chris/altera/16.0/nios2eds/bin/gnu/H-x86_64-pc-linux-gnu/bin/../lib/gcc/nios2-elf/5.2.0/../../../../../H-x86_64-pc-linux-gnu/nios2-elf/lib/libc.a(lib_a-impure.o)
                0x0000000000010248                _impure_ptr
 .sdata.__malloc_sbrk_base
                0x000000000001024c        0x4 /home/chris/altera/16.0/nios2eds/bin/gnu/H-x86_64-pc-linux-gnu/bin/../lib/gcc/nios2-elf/5.2.0/../../../../../H-x86_64-pc-linux-gnu/nios2-elf/lib/libc.a(lib_a-mallocr.o)
                0x000000000001024c                __malloc_sbrk_base
 .sdata.__malloc_trim_threshold
                0x0000000000010250        0x4 /home/chris/altera/16.0/nios2eds/bin/gnu/H-x86_64-pc-linux-gnu/bin/../lib/gcc/nios2-elf/5.2.0/../../../../../H-x86_64-pc-linux-gnu/nios2-elf/lib/libc.a(lib_a-mallocr.o)
                0x0000000000010250                __malloc_trim_threshold
 .sdata         0x0000000000010254       0x14 ../ucos_bsp//libucosii_bsp.a(alt_dev.o)
                0x0000000000010254                alt_fs_list
                0x000000000001025c                alt_dev_list
                0x0000000000010264                alt_max_fd
 .sdata         0x0000000000010268        0x4 ../ucos_bsp//libucosii_bsp.a(alt_errno.o)
                0x0000000000010268                alt_errno
 .sdata         0x000000000001026c        0x4 ../ucos_bsp//libucosii_bsp.a(alt_sbrk.o)
 .sdata         0x0000000000010270        0x4 ../ucos_bsp//libucosii_bsp.a(alt_env_lock.o)
 .sdata         0x0000000000010274        0x4 ../ucos_bsp//libucosii_bsp.a(alt_malloc_lock.o)
 .sdata         0x0000000000010278       0x72 ../ucos_bsp//libucosii_bsp.a(os_dbg.o)
                0x0000000000010278                OSDebugEn
                0x000000000001027c                OSEndiannessTest
                0x0000000000010280                OSEventEn
                0x0000000000010282                OSEventMax
                0x0000000000010284                OSEventNameSize
                0x0000000000010286                OSEventSize
                0x0000000000010288                OSEventTblSize
                0x000000000001028a                OSEventMultiEn
                0x000000000001028c                OSFlagEn
                0x000000000001028e                OSFlagGrpSize
                0x0000000000010290                OSFlagNodeSize
                0x0000000000010292                OSFlagWidth
                0x0000000000010294                OSFlagMax
                0x0000000000010296                OSFlagNameSize
                0x0000000000010298                OSLowestPrio
                0x000000000001029a                OSMboxEn
                0x000000000001029c                OSMemEn
                0x000000000001029e                OSMemMax
                0x00000000000102a0                OSMemNameSize
                0x00000000000102a2                OSMemSize
                0x00000000000102a4                OSMemTblSize
                0x00000000000102a6                OSMutexEn
                0x00000000000102a8                OSPtrSize
                0x00000000000102aa                OSQEn
                0x00000000000102ac                OSQMax
                0x00000000000102ae                OSQSize
                0x00000000000102b0                OSRdyTblSize
                0x00000000000102b2                OSSemEn
                0x00000000000102b4                OSStkWidth
                0x00000000000102b6                OSTaskCreateEn
                0x00000000000102b8                OSTaskCreateExtEn
                0x00000000000102ba                OSTaskDelEn
                0x00000000000102bc                OSTaskIdleStkSize
                0x00000000000102be                OSTaskProfileEn
                0x00000000000102c0                OSTaskMax
                0x00000000000102c2                OSTaskNameSize
                0x00000000000102c4                OSTaskStatEn
                0x00000000000102c6                OSTaskStatStkSize
                0x00000000000102c8                OSTaskStatStkChkEn
                0x00000000000102ca                OSTaskSwHookEn
                0x00000000000102cc                OSTCBPrioTblMax
                0x00000000000102ce                OSTCBSize
                0x00000000000102d0                OSTicksPerSec
                0x00000000000102d2                OSTimeTickHookEn
                0x00000000000102d4                OSVersionNbr
                0x00000000000102d6                OSTmrEn
                0x00000000000102d8                OSTmrCfgMax
                0x00000000000102da                OSTmrCfgNameSize
                0x00000000000102dc                OSTmrCfgWheelSize
                0x00000000000102de                OSTmrCfgTicksPerSec
                0x00000000000102e0                OSTmrSize
                0x00000000000102e2                OSTmrTblSize
                0x00000000000102e4                OSTmrWheelSize
                0x00000000000102e6                OSTmrWheelTblSize
                0x00000000000102e8                OSDataSize
 *fill*         0x00000000000102ea        0x2 
 .sdata         0x00000000000102ec        0x4 ../ucos_bsp//libucosii_bsp.a(alt_irq_vars.o)
                0x00000000000102ec                alt_priority_mask
 .sdata         0x00000000000102f0        0x8 ../ucos_bsp//libucosii_bsp.a(alt_tick.o)
                0x00000000000102f0                alt_alarm_list
 *(.sdata2 .sdata2.* .gnu.linkonce.s2.*)
                0x00000000000102f8                . = ALIGN (0x4)
                0x00000000000102f8                _edata = ABSOLUTE (.)
                [!provide]                        PROVIDE (edata, ABSOLUTE (.))
                0x00000000000102f8                PROVIDE (__ram_rwdata_end, ABSOLUTE (.))
                0x00000000000102f8                PROVIDE (__flash_rwdata_start, LOADADDR (.rwdata))

.bss            0x0000000000011dec     0x73dc
                0x0000000000011dec                __bss_start = ABSOLUTE (.)
                [!provide]                        PROVIDE (__sbss_start, ABSOLUTE (.))
                [!provide]                        PROVIDE (___sbss_start, ABSOLUTE (.))
 *(.dynsbss)
 *(.sbss .sbss.* .gnu.linkonce.sb.*)
 .sbss.__malloc_max_total_mem
                0x0000000000011dec        0x4 /home/chris/altera/16.0/nios2eds/bin/gnu/H-x86_64-pc-linux-gnu/bin/../lib/gcc/nios2-elf/5.2.0/../../../../../H-x86_64-pc-linux-gnu/nios2-elf/lib/libc.a(lib_a-mallocr.o)
                0x0000000000011dec                __malloc_max_total_mem
 .sbss.__malloc_max_sbrked_mem
                0x0000000000011df0        0x4 /home/chris/altera/16.0/nios2eds/bin/gnu/H-x86_64-pc-linux-gnu/bin/../lib/gcc/nios2-elf/5.2.0/../../../../../H-x86_64-pc-linux-gnu/nios2-elf/lib/libc.a(lib_a-mallocr.o)
                0x0000000000011df0                __malloc_max_sbrked_mem
 .sbss.__malloc_top_pad
                0x0000000000011df4        0x4 /home/chris/altera/16.0/nios2eds/bin/gnu/H-x86_64-pc-linux-gnu/bin/../lib/gcc/nios2-elf/5.2.0/../../../../../H-x86_64-pc-linux-gnu/nios2-elf/lib/libc.a(lib_a-mallocr.o)
                0x0000000000011df4                __malloc_top_pad
 .sbss          0x0000000000011df8        0x4 /home/chris/altera/16.0/nios2eds/bin/gnu/H-x86_64-pc-linux-gnu/bin/../lib/gcc/nios2-elf/5.2.0/../../../../../H-x86_64-pc-linux-gnu/nios2-elf/lib/libc.a(lib_a-int_errno.o)
                0x0000000000011df8                errno
 .sbss          0x0000000000011dfc        0x4 ../ucos_bsp//libucosii_bsp.a(alt_dev.o)
                0x0000000000011dfc                alt_fd_list_lock
 .sbss          0x0000000000011e00        0xc ../ucos_bsp//libucosii_bsp.a(alt_main.o)
                0x0000000000011e00                alt_argc
                0x0000000000011e04                alt_argv
                0x0000000000011e08                alt_envp
 .sbss          0x0000000000011e0c        0x8 ../ucos_bsp//libucosii_bsp.a(alt_env_lock.o)
                0x0000000000011e10                alt_envsem
 .sbss          0x0000000000011e14        0x8 ../ucos_bsp//libucosii_bsp.a(alt_malloc_lock.o)
                0x0000000000011e18                alt_heapsem
 .sbss          0x0000000000011e1c       0x50 ../ucos_bsp//libucosii_bsp.a(os_core.o)
                0x0000000000011e1c                OSLockNesting
                0x0000000000011e1d                OSRunning
                0x0000000000011e20                OSIdleCtr
                0x0000000000011e24                OSPrioHighRdy
                0x0000000000011e25                OSPrioCur
                0x0000000000011e28                OSTCBList
                0x0000000000011e2c                OSTickStepState
                0x0000000000011e30                OSCtxSwCtr
                0x0000000000011e34                OSIdleCtrMax
                0x0000000000011e38                OSTCBFreeList
                0x0000000000011e3c                OSCPUUsage
                0x0000000000011e3d                OSTaskCtr
                0x0000000000011e40                OSMemFreeList
                0x0000000000011e44                OSTCBHighRdy
                0x0000000000011e48                OSQFreeList
                0x0000000000011e4c                OSRdyGrp
                0x0000000000011e4d                OSRdyTbl
                0x0000000000011e50                OSEventFreeList
                0x0000000000011e54                OSIntNesting
                0x0000000000011e58                OSTCBCur
                0x0000000000011e5c                OSTime
                0x0000000000011e60                OSFlagFreeList
                0x0000000000011e64                OSStatRdy
                0x0000000000011e68                OSIdleCtrRun
 .sbss          0x0000000000011e6c        0x4 ../ucos_bsp//libucosii_bsp.a(alt_irq_vars.o)
                0x0000000000011e6c                alt_irq_active
 .sbss          0x0000000000011e70        0x8 ../ucos_bsp//libucosii_bsp.a(alt_tick.o)
                0x0000000000011e70                _alt_tick_rate
                0x0000000000011e74                _alt_nticks
 .sbss          0x0000000000011e78        0x4 ../ucos_bsp//libucosii_bsp.a(alt_instruction_exception_entry.o)
                0x0000000000011e78                alt_instruction_exception_handler
 *(.sbss2 .sbss2.* .gnu.linkonce.sb2.*)
 *(.scommon)
                [!provide]                        PROVIDE (__sbss_end, ABSOLUTE (.))
                [!provide]                        PROVIDE (___sbss_end, ABSOLUTE (.))
 *(.dynbss)
 *(.bss .bss.* .gnu.linkonce.b.*)
 .bss           0x0000000000011e7c        0x0 ../ucos_bsp//obj/HAL/src/crt0.o
 .bss           0x0000000000011e7c        0x0 obj/default/hello_ucosii.o
 .bss           0x0000000000011e7c        0x0 /home/chris/altera/16.0/nios2eds/bin/gnu/H-x86_64-pc-linux-gnu/bin/../lib/gcc/nios2-elf/5.2.0/../../../../../H-x86_64-pc-linux-gnu/nios2-elf/lib/libc.a(lib_a-puts.o)
 .bss           0x0000000000011e7c        0x0 /home/chris/altera/16.0/nios2eds/bin/gnu/H-x86_64-pc-linux-gnu/bin/../lib/gcc/nios2-elf/5.2.0/../../../../../H-x86_64-pc-linux-gnu/nios2-elf/lib/libc.a(lib_a-strlen.o)
 .bss           0x0000000000011e7c        0x0 /home/chris/altera/16.0/nios2eds/bin/gnu/H-x86_64-pc-linux-gnu/bin/../lib/gcc/nios2-elf/5.2.0/../../../../../H-x86_64-pc-linux-gnu/nios2-elf/lib/libc.a(lib_a-findfp.o)
 .bss           0x0000000000011e7c        0x0 /home/chris/altera/16.0/nios2eds/bin/gnu/H-x86_64-pc-linux-gnu/bin/../lib/gcc/nios2-elf/5.2.0/../../../../../H-x86_64-pc-linux-gnu/nios2-elf/lib/libc.a(lib_a-fvwrite.o)
 .bss           0x0000000000011e7c        0x0 /home/chris/altera/16.0/nios2eds/bin/gnu/H-x86_64-pc-linux-gnu/bin/../lib/gcc/nios2-elf/5.2.0/../../../../../H-x86_64-pc-linux-gnu/nios2-elf/lib/libc.a(lib_a-fwalk.o)
 .bss           0x0000000000011e7c        0x0 /home/chris/altera/16.0/nios2eds/bin/gnu/H-x86_64-pc-linux-gnu/bin/../lib/gcc/nios2-elf/5.2.0/../../../../../H-x86_64-pc-linux-gnu/nios2-elf/lib/libc.a(lib_a-impure.o)
 .bss           0x0000000000011e7c        0x0 /home/chris/altera/16.0/nios2eds/bin/gnu/H-x86_64-pc-linux-gnu/bin/../lib/gcc/nios2-elf/5.2.0/../../../../../H-x86_64-pc-linux-gnu/nios2-elf/lib/libc.a(lib_a-mallocr.o)
 .bss.__malloc_current_mallinfo
                0x0000000000011e7c       0x28 /home/chris/altera/16.0/nios2eds/bin/gnu/H-x86_64-pc-linux-gnu/bin/../lib/gcc/nios2-elf/5.2.0/../../../../../H-x86_64-pc-linux-gnu/nios2-elf/lib/libc.a(lib_a-mallocr.o)
                0x0000000000011e7c                __malloc_current_mallinfo
 .bss           0x0000000000011ea4        0x0 /home/chris/altera/16.0/nios2eds/bin/gnu/H-x86_64-pc-linux-gnu/bin/../lib/gcc/nios2-elf/5.2.0/../../../../../H-x86_64-pc-linux-gnu/nios2-elf/lib/libc.a(lib_a-memchr.o)
 .bss           0x0000000000011ea4        0x0 /home/chris/altera/16.0/nios2eds/bin/gnu/H-x86_64-pc-linux-gnu/bin/../lib/gcc/nios2-elf/5.2.0/../../../../../H-x86_64-pc-linux-gnu/nios2-elf/lib/libc.a(lib_a-memcpy.o)
 .bss           0x0000000000011ea4        0x0 /home/chris/altera/16.0/nios2eds/bin/gnu/H-x86_64-pc-linux-gnu/bin/../lib/gcc/nios2-elf/5.2.0/../../../../../H-x86_64-pc-linux-gnu/nios2-elf/lib/libc.a(lib_a-memmove.o)
 .bss           0x0000000000011ea4        0x0 /home/chris/altera/16.0/nios2eds/bin/gnu/H-x86_64-pc-linux-gnu/bin/../lib/gcc/nios2-elf/5.2.0/../../../../../H-x86_64-pc-linux-gnu/nios2-elf/lib/libc.a(lib_a-memset.o)
 .bss           0x0000000000011ea4        0x0 /home/chris/altera/16.0/nios2eds/bin/gnu/H-x86_64-pc-linux-gnu/bin/../lib/gcc/nios2-elf/5.2.0/../../../../../H-x86_64-pc-linux-gnu/nios2-elf/lib/libc.a(lib_a-reallocr.o)
 .bss           0x0000000000011ea4        0x0 /home/chris/altera/16.0/nios2eds/bin/gnu/H-x86_64-pc-linux-gnu/bin/../lib/gcc/nios2-elf/5.2.0/../../../../../H-x86_64-pc-linux-gnu/nios2-elf/lib/libc.a(lib_a-sbrkr.o)
 .bss           0x0000000000011ea4        0x0 /home/chris/altera/16.0/nios2eds/bin/gnu/H-x86_64-pc-linux-gnu/bin/../lib/gcc/nios2-elf/5.2.0/../../../../../H-x86_64-pc-linux-gnu/nios2-elf/lib/libc.a(lib_a-stdio.o)
 .bss           0x0000000000011ea4        0x0 /home/chris/altera/16.0/nios2eds/bin/gnu/H-x86_64-pc-linux-gnu/bin/../lib/gcc/nios2-elf/5.2.0/../../../../../H-x86_64-pc-linux-gnu/nios2-elf/lib/libc.a(lib_a-writer.o)
 .bss           0x0000000000011ea4        0x0 /home/chris/altera/16.0/nios2eds/bin/gnu/H-x86_64-pc-linux-gnu/bin/../lib/gcc/nios2-elf/5.2.0/../../../../../H-x86_64-pc-linux-gnu/nios2-elf/lib/libc.a(lib_a-wsetup.o)
 .bss           0x0000000000011ea4        0x0 /home/chris/altera/16.0/nios2eds/bin/gnu/H-x86_64-pc-linux-gnu/bin/../lib/gcc/nios2-elf/5.2.0/../../../../../H-x86_64-pc-linux-gnu/nios2-elf/lib/libc.a(closer.o)
 .bss           0x0000000000011ea4        0x0 /home/chris/altera/16.0/nios2eds/bin/gnu/H-x86_64-pc-linux-gnu/bin/../lib/gcc/nios2-elf/5.2.0/../../../../../H-x86_64-pc-linux-gnu/nios2-elf/lib/libc.a(lib_a-fclose.o)
 .bss           0x0000000000011ea4        0x0 /home/chris/altera/16.0/nios2eds/bin/gnu/H-x86_64-pc-linux-gnu/bin/../lib/gcc/nios2-elf/5.2.0/../../../../../H-x86_64-pc-linux-gnu/nios2-elf/lib/libc.a(lib_a-fflush.o)
 .bss           0x0000000000011ea4        0x0 /home/chris/altera/16.0/nios2eds/bin/gnu/H-x86_64-pc-linux-gnu/bin/../lib/gcc/nios2-elf/5.2.0/../../../../../H-x86_64-pc-linux-gnu/nios2-elf/lib/libc.a(lib_a-freer.o)
 .bss           0x0000000000011ea4        0x0 /home/chris/altera/16.0/nios2eds/bin/gnu/H-x86_64-pc-linux-gnu/bin/../lib/gcc/nios2-elf/5.2.0/../../../../../H-x86_64-pc-linux-gnu/nios2-elf/lib/libc.a(lib_a-int_errno.o)
 .bss           0x0000000000011ea4        0x0 /home/chris/altera/16.0/nios2eds/bin/gnu/H-x86_64-pc-linux-gnu/bin/../lib/gcc/nios2-elf/5.2.0/../../../../../H-x86_64-pc-linux-gnu/nios2-elf/lib/libc.a(lib_a-lseekr.o)
 .bss           0x0000000000011ea4        0x0 /home/chris/altera/16.0/nios2eds/bin/gnu/H-x86_64-pc-linux-gnu/bin/../lib/gcc/nios2-elf/5.2.0/../../../../../H-x86_64-pc-linux-gnu/nios2-elf/lib/libc.a(lib_a-makebuf.o)
 .bss           0x0000000000011ea4        0x0 /home/chris/altera/16.0/nios2eds/bin/gnu/H-x86_64-pc-linux-gnu/bin/../lib/gcc/nios2-elf/5.2.0/../../../../../H-x86_64-pc-linux-gnu/nios2-elf/lib/libc.a(lib_a-readr.o)
 .bss           0x0000000000011ea4        0x0 /home/chris/altera/16.0/nios2eds/bin/gnu/H-x86_64-pc-linux-gnu/bin/../lib/gcc/nios2-elf/5.2.0/../../../../../H-x86_64-pc-linux-gnu/nios2-elf/lib/libc.a(lib_a-fstatr.o)
 .bss           0x0000000000011ea4        0x0 /home/chris/altera/16.0/nios2eds/bin/gnu/H-x86_64-pc-linux-gnu/bin/../lib/gcc/nios2-elf/5.2.0/../../../../../H-x86_64-pc-linux-gnu/nios2-elf/lib/libc.a(lib_a-isattyr.o)
 .bss           0x0000000000011ea4        0x0 /home/chris/altera/16.0/nios2eds/bin/gnu/H-x86_64-pc-linux-gnu/bin/../lib/gcc/nios2-elf/5.2.0/libgcc.a(lib2-divmod.o)
 .bss           0x0000000000011ea4        0x0 ../ucos_bsp//libucosii_bsp.a(alt_close.o)
 .bss           0x0000000000011ea4        0x0 ../ucos_bsp//libucosii_bsp.a(alt_dev.o)
 .bss           0x0000000000011ea4        0x0 ../ucos_bsp//libucosii_bsp.a(alt_errno.o)
 .bss           0x0000000000011ea4        0x0 ../ucos_bsp//libucosii_bsp.a(alt_fstat.o)
 .bss           0x0000000000011ea4        0x0 ../ucos_bsp//libucosii_bsp.a(alt_isatty.o)
 .bss           0x0000000000011ea4        0x0 ../ucos_bsp//libucosii_bsp.a(alt_load.o)
 .bss           0x0000000000011ea4        0x0 ../ucos_bsp//libucosii_bsp.a(alt_lseek.o)
 .bss           0x0000000000011ea4        0x0 ../ucos_bsp//libucosii_bsp.a(alt_main.o)
 .bss           0x0000000000011ea4        0x0 ../ucos_bsp//libucosii_bsp.a(alt_read.o)
 .bss           0x0000000000011ea4        0x0 ../ucos_bsp//libucosii_bsp.a(alt_release_fd.o)
 .bss           0x0000000000011ea4        0x0 ../ucos_bsp//libucosii_bsp.a(alt_sbrk.o)
 .bss           0x0000000000011ea4        0x0 ../ucos_bsp//libucosii_bsp.a(alt_write.o)
 .bss           0x0000000000011ea4        0x0 ../ucos_bsp//libucosii_bsp.a(alt_env_lock.o)
 .bss           0x0000000000011ea4        0x0 ../ucos_bsp//libucosii_bsp.a(alt_malloc_lock.o)
 .bss           0x0000000000011ea4        0x0 ../ucos_bsp//libucosii_bsp.a(os_core.o)
 .bss           0x0000000000011ea4        0x0 ../ucos_bsp//libucosii_bsp.a(os_dbg.o)
 .bss           0x0000000000011ea4        0x0 ../ucos_bsp//libucosii_bsp.a(os_flag.o)
 .bss           0x0000000000011ea4        0x0 ../ucos_bsp//libucosii_bsp.a(os_mem.o)
 .bss           0x0000000000011ea4        0x0 ../ucos_bsp//libucosii_bsp.a(os_q.o)
 .bss           0x0000000000011ea4        0x0 ../ucos_bsp//libucosii_bsp.a(os_sem.o)
 .bss           0x0000000000011ea4        0x0 ../ucos_bsp//libucosii_bsp.a(os_task.o)
 .bss           0x0000000000011ea4        0x0 ../ucos_bsp//libucosii_bsp.a(os_time.o)
 .bss           0x0000000000011ea4        0x0 ../ucos_bsp//libucosii_bsp.a(alt_sys_init.o)
 .bss           0x0000000000011ea4        0x0 ../ucos_bsp//libucosii_bsp.a(altera_avalon_jtag_uart_fd.o)
 .bss           0x0000000000011ea4        0x0 ../ucos_bsp//libucosii_bsp.a(altera_avalon_jtag_uart_init.o)
 .bss           0x0000000000011ea4        0x0 ../ucos_bsp//libucosii_bsp.a(altera_avalon_jtag_uart_ioctl.o)
 .bss           0x0000000000011ea4        0x0 ../ucos_bsp//libucosii_bsp.a(altera_avalon_jtag_uart_read.o)
 .bss           0x0000000000011ea4        0x0 ../ucos_bsp//libucosii_bsp.a(altera_avalon_jtag_uart_write.o)
 .bss           0x0000000000011ea4        0x0 ../ucos_bsp//libucosii_bsp.a(altera_avalon_timer_sc.o)
 .bss           0x0000000000011ea4        0x0 ../ucos_bsp//libucosii_bsp.a(alt_alarm_start.o)
 .bss           0x0000000000011ea4        0x0 ../ucos_bsp//libucosii_bsp.a(alt_dcache_flush_all.o)
 .bss           0x0000000000011ea4        0x0 ../ucos_bsp//libucosii_bsp.a(alt_dev_llist_insert.o)
 .bss           0x0000000000011ea4        0x0 ../ucos_bsp//libucosii_bsp.a(alt_do_ctors.o)
 .bss           0x0000000000011ea4        0x0 ../ucos_bsp//libucosii_bsp.a(alt_do_dtors.o)
 .bss           0x0000000000011ea4        0x0 ../ucos_bsp//libucosii_bsp.a(alt_icache_flush_all.o)
 .bss           0x0000000000011ea4        0x0 ../ucos_bsp//libucosii_bsp.a(alt_iic.o)
 .bss           0x0000000000011ea4        0x0 ../ucos_bsp//libucosii_bsp.a(alt_iic_isr_register.o)
 .bss           0x0000000000011ea4        0x0 ../ucos_bsp//libucosii_bsp.a(alt_io_redirect.o)
 .bss           0x0000000000011ea4        0x0 ../ucos_bsp//libucosii_bsp.a(alt_irq_entry.o)
 .bss           0x0000000000011ea4        0x0 ../ucos_bsp//libucosii_bsp.a(alt_irq_handler.o)
 .bss           0x0000000000011ea4        0x0 ../ucos_bsp//libucosii_bsp.a(alt_irq_vars.o)
 .bss           0x0000000000011ea4        0x0 ../ucos_bsp//libucosii_bsp.a(alt_open.o)
 .bss           0x0000000000011ea4        0x0 ../ucos_bsp//libucosii_bsp.a(alt_tick.o)
 .bss           0x0000000000011ea4        0x0 ../ucos_bsp//libucosii_bsp.a(altera_nios2_gen2_irq.o)
 .bss           0x0000000000011ea4        0x0 ../ucos_bsp//libucosii_bsp.a(os_cpu_a.o)
 .bss           0x0000000000011ea4        0x0 ../ucos_bsp//libucosii_bsp.a(os_cpu_c.o)
 .bss           0x0000000000011ea4        0x0 ../ucos_bsp//libucosii_bsp.a(alt_exception_entry.o)
 .bss           0x0000000000011ea4        0x0 ../ucos_bsp//libucosii_bsp.a(alt_find_dev.o)
 .bss           0x0000000000011ea4        0x0 ../ucos_bsp//libucosii_bsp.a(alt_find_file.o)
 .bss           0x0000000000011ea4        0x0 ../ucos_bsp//libucosii_bsp.a(alt_get_fd.o)
 .bss           0x0000000000011ea4        0x0 ../ucos_bsp//libucosii_bsp.a(alt_icache_flush.o)
 .bss           0x0000000000011ea4        0x0 ../ucos_bsp//libucosii_bsp.a(alt_instruction_exception_entry.o)
 .bss           0x0000000000011ea4        0x0 /home/chris/altera/16.0/nios2eds/bin/gnu/H-x86_64-pc-linux-gnu/bin/../lib/gcc/nios2-elf/5.2.0/../../../../../H-x86_64-pc-linux-gnu/nios2-elf/lib/libc.a(lib_a-atexit.o)
 .bss           0x0000000000011ea4        0x0 /home/chris/altera/16.0/nios2eds/bin/gnu/H-x86_64-pc-linux-gnu/bin/../lib/gcc/nios2-elf/5.2.0/../../../../../H-x86_64-pc-linux-gnu/nios2-elf/lib/libc.a(lib_a-exit.o)
 .bss           0x0000000000011ea4        0x0 /home/chris/altera/16.0/nios2eds/bin/gnu/H-x86_64-pc-linux-gnu/bin/../lib/gcc/nios2-elf/5.2.0/../../../../../H-x86_64-pc-linux-gnu/nios2-elf/lib/libc.a(lib_a-memcmp.o)
 .bss           0x0000000000011ea4        0x0 /home/chris/altera/16.0/nios2eds/bin/gnu/H-x86_64-pc-linux-gnu/bin/../lib/gcc/nios2-elf/5.2.0/../../../../../H-x86_64-pc-linux-gnu/nios2-elf/lib/libc.a(lib_a-__atexit.o)
 .bss           0x0000000000011ea4        0x0 /home/chris/altera/16.0/nios2eds/bin/gnu/H-x86_64-pc-linux-gnu/bin/../lib/gcc/nios2-elf/5.2.0/../../../../../H-x86_64-pc-linux-gnu/nios2-elf/lib/libc.a(lib_a-__call_atexit.o)
 .bss           0x0000000000011ea4        0x0 ../ucos_bsp//libucosii_bsp.a(alt_exit.o)
 *(COMMON)
 COMMON         0x0000000000011ea4     0x4000 obj/default/hello_ucosii.o
                0x0000000000011ea4                task1_stk
                0x0000000000013ea4                task2_stk
 COMMON         0x0000000000015ea4     0x3224 ../ucos_bsp//libucosii_bsp.a(os_core.o)
                0x0000000000015ea4                OSFlagTbl
                0x0000000000016214                OSMemTbl
                0x0000000000016e44                OSTaskStatStk
                0x0000000000017644                OSQTbl
                0x0000000000017824                OSTaskIdleStk
                0x0000000000018024                OSEventTbl
                0x0000000000018b64                OSTCBTbl
                0x0000000000019074                OSTCBPrioTbl
 COMMON         0x00000000000190c8      0x100 ../ucos_bsp//libucosii_bsp.a(alt_irq_handler.o)
                0x00000000000190c8                alt_irq
                0x00000000000191c8                . = ALIGN (0x4)
                0x00000000000191c8                __bss_end = ABSOLUTE (.)

.SDRAM          0x00000000000191c8        0x0
                [!provide]                        PROVIDE (_alt_partition_SDRAM_start, ABSOLUTE (.))
 *(.SDRAM .SDRAM. SDRAM.*)
                0x00000000000191c8                . = ALIGN (0x4)
                [!provide]                        PROVIDE (_alt_partition_SDRAM_end, ABSOLUTE (.))
                0x00000000000191c8                _end = ABSOLUTE (.)
                0x00000000000191c8                end = ABSOLUTE (.)
                0x00000000000191c8                __alt_stack_base = ABSOLUTE (.)
                [!provide]                        PROVIDE (_alt_partition_SDRAM_load_addr, LOADADDR (.SDRAM))

.SRAM           0x0000000004020000        0x0 load address 0x00000000000191c8
                [!provide]                        PROVIDE (_alt_partition_SRAM_start, ABSOLUTE (.))
 *(.SRAM .SRAM. SRAM.*)
                0x0000000004020000                . = ALIGN (0x4)
                [!provide]                        PROVIDE (_alt_partition_SRAM_end, ABSOLUTE (.))
                [!provide]                        PROVIDE (_alt_partition_SRAM_load_addr, LOADADDR (.SRAM))

.stab
 *(.stab)

.stabstr
 *(.stabstr)

.stab.excl
 *(.stab.excl)

.stab.exclstr
 *(.stab.exclstr)

.stab.index
 *(.stab.index)

.stab.indexstr
 *(.stab.indexstr)

.comment        0x0000000000000000       0x23
 *(.comment)
 .comment       0x0000000000000000       0x23 obj/default/hello_ucosii.o
                                         0x24 (size before relaxing)
 .comment       0x0000000000000023       0x24 /home/chris/altera/16.0/nios2eds/bin/gnu/H-x86_64-pc-linux-gnu/bin/../lib/gcc/nios2-elf/5.2.0/../../../../../H-x86_64-pc-linux-gnu/nios2-elf/lib/libc.a(lib_a-puts.o)
 .comment       0x0000000000000023       0x24 /home/chris/altera/16.0/nios2eds/bin/gnu/H-x86_64-pc-linux-gnu/bin/../lib/gcc/nios2-elf/5.2.0/../../../../../H-x86_64-pc-linux-gnu/nios2-elf/lib/libc.a(lib_a-strlen.o)
 .comment       0x0000000000000023       0x24 /home/chris/altera/16.0/nios2eds/bin/gnu/H-x86_64-pc-linux-gnu/bin/../lib/gcc/nios2-elf/5.2.0/../../../../../H-x86_64-pc-linux-gnu/nios2-elf/lib/libc.a(lib_a-findfp.o)
 .comment       0x0000000000000023       0x24 /home/chris/altera/16.0/nios2eds/bin/gnu/H-x86_64-pc-linux-gnu/bin/../lib/gcc/nios2-elf/5.2.0/../../../../../H-x86_64-pc-linux-gnu/nios2-elf/lib/libc.a(lib_a-fvwrite.o)
 .comment       0x0000000000000023       0x24 /home/chris/altera/16.0/nios2eds/bin/gnu/H-x86_64-pc-linux-gnu/bin/../lib/gcc/nios2-elf/5.2.0/../../../../../H-x86_64-pc-linux-gnu/nios2-elf/lib/libc.a(lib_a-fwalk.o)
 .comment       0x0000000000000023       0x24 /home/chris/altera/16.0/nios2eds/bin/gnu/H-x86_64-pc-linux-gnu/bin/../lib/gcc/nios2-elf/5.2.0/../../../../../H-x86_64-pc-linux-gnu/nios2-elf/lib/libc.a(lib_a-impure.o)
 .comment       0x0000000000000023       0x24 /home/chris/altera/16.0/nios2eds/bin/gnu/H-x86_64-pc-linux-gnu/bin/../lib/gcc/nios2-elf/5.2.0/../../../../../H-x86_64-pc-linux-gnu/nios2-elf/lib/libc.a(lib_a-mallocr.o)
 .comment       0x0000000000000023       0x24 /home/chris/altera/16.0/nios2eds/bin/gnu/H-x86_64-pc-linux-gnu/bin/../lib/gcc/nios2-elf/5.2.0/../../../../../H-x86_64-pc-linux-gnu/nios2-elf/lib/libc.a(lib_a-memchr.o)
 .comment       0x0000000000000023       0x24 /home/chris/altera/16.0/nios2eds/bin/gnu/H-x86_64-pc-linux-gnu/bin/../lib/gcc/nios2-elf/5.2.0/../../../../../H-x86_64-pc-linux-gnu/nios2-elf/lib/libc.a(lib_a-memcpy.o)
 .comment       0x0000000000000023       0x24 /home/chris/altera/16.0/nios2eds/bin/gnu/H-x86_64-pc-linux-gnu/bin/../lib/gcc/nios2-elf/5.2.0/../../../../../H-x86_64-pc-linux-gnu/nios2-elf/lib/libc.a(lib_a-memmove.o)
 .comment       0x0000000000000023       0x24 /home/chris/altera/16.0/nios2eds/bin/gnu/H-x86_64-pc-linux-gnu/bin/../lib/gcc/nios2-elf/5.2.0/../../../../../H-x86_64-pc-linux-gnu/nios2-elf/lib/libc.a(lib_a-memset.o)
 .comment       0x0000000000000023       0x24 /home/chris/altera/16.0/nios2eds/bin/gnu/H-x86_64-pc-linux-gnu/bin/../lib/gcc/nios2-elf/5.2.0/../../../../../H-x86_64-pc-linux-gnu/nios2-elf/lib/libc.a(lib_a-reallocr.o)
 .comment       0x0000000000000023       0x24 /home/chris/altera/16.0/nios2eds/bin/gnu/H-x86_64-pc-linux-gnu/bin/../lib/gcc/nios2-elf/5.2.0/../../../../../H-x86_64-pc-linux-gnu/nios2-elf/lib/libc.a(lib_a-sbrkr.o)
 .comment       0x0000000000000023       0x24 /home/chris/altera/16.0/nios2eds/bin/gnu/H-x86_64-pc-linux-gnu/bin/../lib/gcc/nios2-elf/5.2.0/../../../../../H-x86_64-pc-linux-gnu/nios2-elf/lib/libc.a(lib_a-stdio.o)
 .comment       0x0000000000000023       0x24 /home/chris/altera/16.0/nios2eds/bin/gnu/H-x86_64-pc-linux-gnu/bin/../lib/gcc/nios2-elf/5.2.0/../../../../../H-x86_64-pc-linux-gnu/nios2-elf/lib/libc.a(lib_a-writer.o)
 .comment       0x0000000000000023       0x24 /home/chris/altera/16.0/nios2eds/bin/gnu/H-x86_64-pc-linux-gnu/bin/../lib/gcc/nios2-elf/5.2.0/../../../../../H-x86_64-pc-linux-gnu/nios2-elf/lib/libc.a(lib_a-wsetup.o)
 .comment       0x0000000000000023       0x24 /home/chris/altera/16.0/nios2eds/bin/gnu/H-x86_64-pc-linux-gnu/bin/../lib/gcc/nios2-elf/5.2.0/../../../../../H-x86_64-pc-linux-gnu/nios2-elf/lib/libc.a(closer.o)
 .comment       0x0000000000000023       0x24 /home/chris/altera/16.0/nios2eds/bin/gnu/H-x86_64-pc-linux-gnu/bin/../lib/gcc/nios2-elf/5.2.0/../../../../../H-x86_64-pc-linux-gnu/nios2-elf/lib/libc.a(lib_a-fclose.o)
 .comment       0x0000000000000023       0x24 /home/chris/altera/16.0/nios2eds/bin/gnu/H-x86_64-pc-linux-gnu/bin/../lib/gcc/nios2-elf/5.2.0/../../../../../H-x86_64-pc-linux-gnu/nios2-elf/lib/libc.a(lib_a-fflush.o)
 .comment       0x0000000000000023       0x24 /home/chris/altera/16.0/nios2eds/bin/gnu/H-x86_64-pc-linux-gnu/bin/../lib/gcc/nios2-elf/5.2.0/../../../../../H-x86_64-pc-linux-gnu/nios2-elf/lib/libc.a(lib_a-freer.o)
 .comment       0x0000000000000023       0x24 /home/chris/altera/16.0/nios2eds/bin/gnu/H-x86_64-pc-linux-gnu/bin/../lib/gcc/nios2-elf/5.2.0/../../../../../H-x86_64-pc-linux-gnu/nios2-elf/lib/libc.a(lib_a-int_errno.o)
 .comment       0x0000000000000023       0x24 /home/chris/altera/16.0/nios2eds/bin/gnu/H-x86_64-pc-linux-gnu/bin/../lib/gcc/nios2-elf/5.2.0/../../../../../H-x86_64-pc-linux-gnu/nios2-elf/lib/libc.a(lib_a-lseekr.o)
 .comment       0x0000000000000023       0x24 /home/chris/altera/16.0/nios2eds/bin/gnu/H-x86_64-pc-linux-gnu/bin/../lib/gcc/nios2-elf/5.2.0/../../../../../H-x86_64-pc-linux-gnu/nios2-elf/lib/libc.a(lib_a-makebuf.o)
 .comment       0x0000000000000023       0x24 /home/chris/altera/16.0/nios2eds/bin/gnu/H-x86_64-pc-linux-gnu/bin/../lib/gcc/nios2-elf/5.2.0/../../../../../H-x86_64-pc-linux-gnu/nios2-elf/lib/libc.a(lib_a-readr.o)
 .comment       0x0000000000000023       0x24 /home/chris/altera/16.0/nios2eds/bin/gnu/H-x86_64-pc-linux-gnu/bin/../lib/gcc/nios2-elf/5.2.0/../../../../../H-x86_64-pc-linux-gnu/nios2-elf/lib/libc.a(lib_a-fstatr.o)
 .comment       0x0000000000000023       0x24 /home/chris/altera/16.0/nios2eds/bin/gnu/H-x86_64-pc-linux-gnu/bin/../lib/gcc/nios2-elf/5.2.0/../../../../../H-x86_64-pc-linux-gnu/nios2-elf/lib/libc.a(lib_a-isattyr.o)
 .comment       0x0000000000000023       0x24 /home/chris/altera/16.0/nios2eds/bin/gnu/H-x86_64-pc-linux-gnu/bin/../lib/gcc/nios2-elf/5.2.0/libgcc.a(lib2-divmod.o)
 .comment       0x0000000000000023       0x24 ../ucos_bsp//libucosii_bsp.a(alt_close.o)
 .comment       0x0000000000000023       0x24 ../ucos_bsp//libucosii_bsp.a(alt_dev.o)
 .comment       0x0000000000000023       0x24 ../ucos_bsp//libucosii_bsp.a(alt_errno.o)
 .comment       0x0000000000000023       0x24 ../ucos_bsp//libucosii_bsp.a(alt_fstat.o)
 .comment       0x0000000000000023       0x24 ../ucos_bsp//libucosii_bsp.a(alt_isatty.o)
 .comment       0x0000000000000023       0x24 ../ucos_bsp//libucosii_bsp.a(alt_load.o)
 .comment       0x0000000000000023       0x24 ../ucos_bsp//libucosii_bsp.a(alt_lseek.o)
 .comment       0x0000000000000023       0x24 ../ucos_bsp//libucosii_bsp.a(alt_main.o)
 .comment       0x0000000000000023       0x24 ../ucos_bsp//libucosii_bsp.a(alt_read.o)
 .comment       0x0000000000000023       0x24 ../ucos_bsp//libucosii_bsp.a(alt_release_fd.o)
 .comment       0x0000000000000023       0x24 ../ucos_bsp//libucosii_bsp.a(alt_sbrk.o)
 .comment       0x0000000000000023       0x24 ../ucos_bsp//libucosii_bsp.a(alt_write.o)
 .comment       0x0000000000000023       0x24 ../ucos_bsp//libucosii_bsp.a(alt_env_lock.o)
 .comment       0x0000000000000023       0x24 ../ucos_bsp//libucosii_bsp.a(alt_malloc_lock.o)
 .comment       0x0000000000000023       0x24 ../ucos_bsp//libucosii_bsp.a(os_core.o)
 .comment       0x0000000000000023       0x24 ../ucos_bsp//libucosii_bsp.a(os_dbg.o)
 .comment       0x0000000000000023       0x24 ../ucos_bsp//libucosii_bsp.a(os_flag.o)
 .comment       0x0000000000000023       0x24 ../ucos_bsp//libucosii_bsp.a(os_mem.o)
 .comment       0x0000000000000023       0x24 ../ucos_bsp//libucosii_bsp.a(os_q.o)
 .comment       0x0000000000000023       0x24 ../ucos_bsp//libucosii_bsp.a(os_sem.o)
 .comment       0x0000000000000023       0x24 ../ucos_bsp//libucosii_bsp.a(os_task.o)
 .comment       0x0000000000000023       0x24 ../ucos_bsp//libucosii_bsp.a(os_time.o)
 .comment       0x0000000000000023       0x24 ../ucos_bsp//libucosii_bsp.a(alt_sys_init.o)
 .comment       0x0000000000000023       0x24 ../ucos_bsp//libucosii_bsp.a(altera_avalon_jtag_uart_fd.o)
 .comment       0x0000000000000023       0x24 ../ucos_bsp//libucosii_bsp.a(altera_avalon_jtag_uart_init.o)
 .comment       0x0000000000000023       0x24 ../ucos_bsp//libucosii_bsp.a(altera_avalon_jtag_uart_ioctl.o)
 .comment       0x0000000000000023       0x24 ../ucos_bsp//libucosii_bsp.a(altera_avalon_jtag_uart_read.o)
 .comment       0x0000000000000023       0x24 ../ucos_bsp//libucosii_bsp.a(altera_avalon_jtag_uart_write.o)
 .comment       0x0000000000000023       0x24 ../ucos_bsp//libucosii_bsp.a(altera_avalon_timer_sc.o)
 .comment       0x0000000000000023       0x24 ../ucos_bsp//libucosii_bsp.a(alt_alarm_start.o)
 .comment       0x0000000000000023       0x24 ../ucos_bsp//libucosii_bsp.a(alt_dcache_flush_all.o)
 .comment       0x0000000000000023       0x24 ../ucos_bsp//libucosii_bsp.a(alt_dev_llist_insert.o)
 .comment       0x0000000000000023       0x24 ../ucos_bsp//libucosii_bsp.a(alt_do_ctors.o)
 .comment       0x0000000000000023       0x24 ../ucos_bsp//libucosii_bsp.a(alt_do_dtors.o)
 .comment       0x0000000000000023       0x24 ../ucos_bsp//libucosii_bsp.a(alt_icache_flush_all.o)
 .comment       0x0000000000000023       0x24 ../ucos_bsp//libucosii_bsp.a(alt_iic.o)
 .comment       0x0000000000000023       0x24 ../ucos_bsp//libucosii_bsp.a(alt_iic_isr_register.o)
 .comment       0x0000000000000023       0x24 ../ucos_bsp//libucosii_bsp.a(alt_io_redirect.o)
 .comment       0x0000000000000023       0x24 ../ucos_bsp//libucosii_bsp.a(alt_irq_handler.o)
 .comment       0x0000000000000023       0x24 ../ucos_bsp//libucosii_bsp.a(alt_irq_vars.o)
 .comment       0x0000000000000023       0x24 ../ucos_bsp//libucosii_bsp.a(alt_open.o)
 .comment       0x0000000000000023       0x24 ../ucos_bsp//libucosii_bsp.a(alt_tick.o)
 .comment       0x0000000000000023       0x24 ../ucos_bsp//libucosii_bsp.a(altera_nios2_gen2_irq.o)
 .comment       0x0000000000000023       0x24 ../ucos_bsp//libucosii_bsp.a(os_cpu_c.o)
 .comment       0x0000000000000023       0x24 ../ucos_bsp//libucosii_bsp.a(alt_find_dev.o)
 .comment       0x0000000000000023       0x24 ../ucos_bsp//libucosii_bsp.a(alt_find_file.o)
 .comment       0x0000000000000023       0x24 ../ucos_bsp//libucosii_bsp.a(alt_get_fd.o)
 .comment       0x0000000000000023       0x24 ../ucos_bsp//libucosii_bsp.a(alt_icache_flush.o)
 .comment       0x0000000000000023       0x24 ../ucos_bsp//libucosii_bsp.a(alt_instruction_exception_entry.o)