Archive member included to satisfy reference by file (symbol)

/home/chris/altera/16.0/nios2eds/bin/gnu/H-x86_64-pc-linux-gnu/bin/../lib/gcc/nios2-elf/5.2.0/libgcc.a(lib2-divmod.o)
                              obj/default/hello_world.o (__modsi3)
/home/chris/altera/16.0/nios2eds/bin/gnu/H-x86_64-pc-linux-gnu/bin/../lib/gcc/nios2-elf/5.2.0/../../../../../H-x86_64-pc-linux-gnu/nios2-elf/lib/libc.a(lib_a-printf.o)
                              obj/default/hello_world.o (printf)
/home/chris/altera/16.0/nios2eds/bin/gnu/H-x86_64-pc-linux-gnu/bin/../lib/gcc/nios2-elf/5.2.0/../../../../../H-x86_64-pc-linux-gnu/nios2-elf/lib/libc.a(lib_a-puts.o)
                              obj/default/hello_world.o (puts)
/home/chris/altera/16.0/nios2eds/bin/gnu/H-x86_64-pc-linux-gnu/bin/../lib/gcc/nios2-elf/5.2.0/../../../../../H-x86_64-pc-linux-gnu/nios2-elf/lib/libc.a(lib_a-strlen.o)
                              /home/chris/altera/16.0/nios2eds/bin/gnu/H-x86_64-pc-linux-gnu/bin/../lib/gcc/nios2-elf/5.2.0/../../../../../H-x86_64-pc-linux-gnu/nios2-elf/lib/libc.a(lib_a-puts.o) (strlen)
/home/chris/altera/16.0/nios2eds/bin/gnu/H-x86_64-pc-linux-gnu/bin/../lib/gcc/nios2-elf/5.2.0/../../../../../H-x86_64-pc-linux-gnu/nios2-elf/lib/libc.a(lib_a-vfprintf.o)
                              /home/chris/altera/16.0/nios2eds/bin/gnu/H-x86_64-pc-linux-gnu/bin/../lib/gcc/nios2-elf/5.2.0/../../../../../H-x86_64-pc-linux-gnu/nios2-elf/lib/libc.a(lib_a-printf.o) (___vfprintf_internal_r)
/home/chris/altera/16.0/nios2eds/bin/gnu/H-x86_64-pc-linux-gnu/bin/../lib/gcc/nios2-elf/5.2.0/../../../../../H-x86_64-pc-linux-gnu/nios2-elf/lib/libc.a(lib_a-wsetup.o)
                              /home/chris/altera/16.0/nios2eds/bin/gnu/H-x86_64-pc-linux-gnu/bin/../lib/gcc/nios2-elf/5.2.0/../../../../../H-x86_64-pc-linux-gnu/nios2-elf/lib/libc.a(lib_a-vfprintf.o) (__swsetup_r)
/home/chris/altera/16.0/nios2eds/bin/gnu/H-x86_64-pc-linux-gnu/bin/../lib/gcc/nios2-elf/5.2.0/../../../../../H-x86_64-pc-linux-gnu/nios2-elf/lib/libc.a(lib_a-dtoa.o)
                              /home/chris/altera/16.0/nios2eds/bin/gnu/H-x86_64-pc-linux-gnu/bin/../lib/gcc/nios2-elf/5.2.0/../../../../../H-x86_64-pc-linux-gnu/nios2-elf/lib/libc.a(lib_a-vfprintf.o) (_dtoa_r)
/home/chris/altera/16.0/nios2eds/bin/gnu/H-x86_64-pc-linux-gnu/bin/../lib/gcc/nios2-elf/5.2.0/../../../../../H-x86_64-pc-linux-gnu/nios2-elf/lib/libc.a(lib_a-fflush.o)
                              /home/chris/altera/16.0/nios2eds/bin/gnu/H-x86_64-pc-linux-gnu/bin/../lib/gcc/nios2-elf/5.2.0/../../../../../H-x86_64-pc-linux-gnu/nios2-elf/lib/libc.a(lib_a-vfprintf.o) (_fflush_r)
/home/chris/altera/16.0/nios2eds/bin/gnu/H-x86_64-pc-linux-gnu/bin/../lib/gcc/nios2-elf/5.2.0/../../../../../H-x86_64-pc-linux-gnu/nios2-elf/lib/libc.a(lib_a-findfp.o)
                              /home/chris/altera/16.0/nios2eds/bin/gnu/H-x86_64-pc-linux-gnu/bin/../lib/gcc/nios2-elf/5.2.0/../../../../../H-x86_64-pc-linux-gnu/nios2-elf/lib/libc.a(lib_a-puts.o) (__sinit)
/home/chris/altera/16.0/nios2eds/bin/gnu/H-x86_64-pc-linux-gnu/bin/../lib/gcc/nios2-elf/5.2.0/../../../../../H-x86_64-pc-linux-gnu/nios2-elf/lib/libc.a(lib_a-freer.o)
                              /home/chris/altera/16.0/nios2eds/bin/gnu/H-x86_64-pc-linux-gnu/bin/../lib/gcc/nios2-elf/5.2.0/../../../../../H-x86_64-pc-linux-gnu/nios2-elf/lib/libc.a(lib_a-wsetup.o) (_free_r)
/home/chris/altera/16.0/nios2eds/bin/gnu/H-x86_64-pc-linux-gnu/bin/../lib/gcc/nios2-elf/5.2.0/../../../../../H-x86_64-pc-linux-gnu/nios2-elf/lib/libc.a(lib_a-fvwrite.o)
                              /home/chris/altera/16.0/nios2eds/bin/gnu/H-x86_64-pc-linux-gnu/bin/../lib/gcc/nios2-elf/5.2.0/../../../../../H-x86_64-pc-linux-gnu/nios2-elf/lib/libc.a(lib_a-puts.o) (__sfvwrite_r)
/home/chris/altera/16.0/nios2eds/bin/gnu/H-x86_64-pc-linux-gnu/bin/../lib/gcc/nios2-elf/5.2.0/../../../../../H-x86_64-pc-linux-gnu/nios2-elf/lib/libc.a(lib_a-fwalk.o)
                              /home/chris/altera/16.0/nios2eds/bin/gnu/H-x86_64-pc-linux-gnu/bin/../lib/gcc/nios2-elf/5.2.0/../../../../../H-x86_64-pc-linux-gnu/nios2-elf/lib/libc.a(lib_a-findfp.o) (_fwalk)
/home/chris/altera/16.0/nios2eds/bin/gnu/H-x86_64-pc-linux-gnu/bin/../lib/gcc/nios2-elf/5.2.0/../../../../../H-x86_64-pc-linux-gnu/nios2-elf/lib/libc.a(lib_a-impure.o)
                              /home/chris/altera/16.0/nios2eds/bin/gnu/H-x86_64-pc-linux-gnu/bin/../lib/gcc/nios2-elf/5.2.0/../../../../../H-x86_64-pc-linux-gnu/nios2-elf/lib/libc.a(lib_a-fflush.o) (_global_impure_ptr)
/home/chris/altera/16.0/nios2eds/bin/gnu/H-x86_64-pc-linux-gnu/bin/../lib/gcc/nios2-elf/5.2.0/../../../../../H-x86_64-pc-linux-gnu/nios2-elf/lib/libc.a(lib_a-locale.o)
                              /home/chris/altera/16.0/nios2eds/bin/gnu/H-x86_64-pc-linux-gnu/bin/../lib/gcc/nios2-elf/5.2.0/../../../../../H-x86_64-pc-linux-gnu/nios2-elf/lib/libc.a(lib_a-vfprintf.o) (_localeconv_r)
[...]
Memory Configuration

Name             Origin             Length             Attributes
reset            0x0000000000000000 0x0000000000000020
SDRAM            0x0000000000000020 0x0000000003ffffe0
SRAM             0x0000000004020000 0x0000000000014000
*default*        0x0000000000000000 0xffffffffffffffff

Linker script and memory map

LOAD ../sw_design_bsp//obj/HAL/src/crt0.o
LOAD obj/default/hello_world.o
LOAD /home/chris/altera/16.0/nios2eds/bin/gnu/H-x86_64-pc-linux-gnu/bin/../lib/gcc/nios2-elf/5.2.0/../../../../../H-x86_64-pc-linux-gnu/nios2-elf/lib/libstdc++.a
LOAD /home/chris/altera/16.0/nios2eds/bin/gnu/H-x86_64-pc-linux-gnu/bin/../lib/gcc/nios2-elf/5.2.0/../../../../../H-x86_64-pc-linux-gnu/nios2-elf/lib/libm.a
LOAD /home/chris/altera/16.0/nios2eds/bin/gnu/H-x86_64-pc-linux-gnu/bin/../lib/gcc/nios2-elf/5.2.0/libgcc.a
START GROUP
LOAD /home/chris/altera/16.0/nios2eds/bin/gnu/H-x86_64-pc-linux-gnu/bin/../lib/gcc/nios2-elf/5.2.0/../../../../../H-x86_64-pc-linux-gnu/nios2-elf/lib/libc.a
LOAD /home/chris/altera/16.0/nios2eds/bin/gnu/H-x86_64-pc-linux-gnu/bin/../lib/gcc/nios2-elf/5.2.0/libgcc.a
LOAD ../sw_design_bsp//libhal_bsp.a
LOAD /home/chris/altera/16.0/nios2eds/bin/gnu/H-x86_64-pc-linux-gnu/bin/../lib/gcc/nios2-elf/5.2.0/../../../../../H-x86_64-pc-linux-gnu/nios2-elf/lib/libm.a
END GROUP
LOAD /home/chris/altera/16.0/nios2eds/bin/gnu/H-x86_64-pc-linux-gnu/bin/../lib/gcc/nios2-elf/5.2.0/libgcc.a
                0x0000000000000000                __alt_mem_SDRAM = 0x0
                0x0000000004020000                __alt_mem_SRAM = 0x4020000

.entry          0x0000000000000000       0x20
 *(.entry)
 .entry         0x0000000000000000       0x20 ../sw_design_bsp//obj/HAL/src/crt0.o
                0x0000000000000000                __reset

.exceptions     0x0000000000000020      0x228
                0x0000000000000020                PROVIDE (__ram_exceptions_start, ABSOLUTE (.))
                0x0000000000000020                . = ALIGN (0x20)
 *(.irq)
 *(.exceptions.entry.label)
 .exceptions.entry.label
                0x0000000000000020        0x0 ../sw_design_bsp//libhal_bsp.a(alt_irq_entry.o)
                0x0000000000000020                alt_irq_entry
 .exceptions.entry.label
                0x0000000000000020        0x0 ../sw_design_bsp//libhal_bsp.a(alt_exception_entry.o)
                0x0000000000000020                alt_exception
 *(.exceptions.entry.user)
 *(.exceptions.entry.ecc_fatal)
 *(.exceptions.entry)
 .exceptions.entry
                0x0000000000000020       0x54 ../sw_design_bsp//libhal_bsp.a(alt_exception_entry.o)
 *(.exceptions.irqtest.user)
 *(.exceptions.irqtest)
 .exceptions.irqtest
                0x0000000000000074       0x10 ../sw_design_bsp//libhal_bsp.a(alt_irq_entry.o)
 *(.exceptions.irqhandler.user)
 *(.exceptions.irqhandler)
 .exceptions.irqhandler
                0x0000000000000084        0x4 ../sw_design_bsp//libhal_bsp.a(alt_irq_entry.o)
 *(.exceptions.irqreturn.user)
 *(.exceptions.irqreturn)
 .exceptions.irqreturn
                0x0000000000000088        0x4 ../sw_design_bsp//libhal_bsp.a(alt_irq_entry.o)
 *(.exceptions.notirq.label)
 .exceptions.notirq.label
                0x000000000000008c        0x0 ../sw_design_bsp//libhal_bsp.a(alt_irq_entry.o)
 *(.exceptions.notirq.user)
 *(.exceptions.notirq)
 .exceptions.notirq
                0x000000000000008c        0x8 ../sw_design_bsp//libhal_bsp.a(alt_exception_entry.o)
 *(.exceptions.soft.user)
 *(.exceptions.soft)
 *(.exceptions.unknown.user)
 *(.exceptions.unknown)
 .exceptions.unknown
                0x0000000000000094       0x14 ../sw_design_bsp//libhal_bsp.a(alt_exception_entry.o)
 *(.exceptions.exit.label)
 .exceptions.exit.label
                0x00000000000000a8        0x0 ../sw_design_bsp//libhal_bsp.a(alt_irq_entry.o)
 .exceptions.exit.label
                0x00000000000000a8        0x0 ../sw_design_bsp//libhal_bsp.a(alt_exception_entry.o)
 *(.exceptions.exit.user)
 *(.exceptions.exit)
 .exceptions.exit
                0x00000000000000a8       0x54 ../sw_design_bsp//libhal_bsp.a(alt_exception_entry.o)
 *(.exceptions)
 .exceptions    0x00000000000000fc       0xd8 ../sw_design_bsp//libhal_bsp.a(alt_irq_handler.o)
                0x00000000000000fc                alt_irq_handler
 .exceptions    0x00000000000001d4       0x74 ../sw_design_bsp//libhal_bsp.a(alt_instruction_exception_entry.o)
                0x00000000000001d4                alt_instruction_exception_entry
                0x0000000000000248                PROVIDE (__ram_exceptions_end, ABSOLUTE (.))
                0x0000000000000020                PROVIDE (__flash_exceptions_start, LOADADDR (.exceptions))

.text           0x0000000000000248    0x10598
                [!provide]                        PROVIDE (stext, ABSOLUTE (.))
 *(.interp)
 *(.hash)
 *(.dynsym)
 *(.dynstr)
 *(.gnu.version)
 *(.gnu.version_d)
 *(.gnu.version_r)
 *(.rel.init)
 *(.rela.init)
 *(.rel.text .rel.text.* .rel.gnu.linkonce.t.*)
 *(.rela.text .rela.text.* .rela.gnu.linkonce.t.*)
 *(.rel.fini)
 *(.rela.fini)
 *(.rel.rodata .rel.rodata.* .rel.gnu.linkonce.r.*)
 *(.rela.rodata .rela.rodata.* .rela.gnu.linkonce.r.*)
 *(.rel.data .rel.data.* .rel.gnu.linkonce.d.*)
 *(.rela.data .rela.data.* .rela.gnu.linkonce.d.*)
 *(.rel.tdata .rel.tdata.* .rel.gnu.linkonce.td.*)
 *(.rela.tdata .rela.tdata.* .rela.gnu.linkonce.td.*)
 *(.rel.tbss .rel.tbss.* .rel.gnu.linkonce.tb.*)
 *(.rela.tbss .rela.tbss.* .rela.gnu.linkonce.tb.*)
 *(.rel.ctors)
 *(.rela.ctors)
 *(.rel.dtors)
 *(.rela.dtors)
 *(.rel.got)
 *(.rela.got)
 *(.rel.sdata .rel.sdata.* .rel.gnu.linkonce.s.*)
 *(.rela.sdata .rela.sdata.* .rela.gnu.linkonce.s.*)
 *(.rel.sbss .rel.sbss.* .rel.gnu.linkonce.sb.*)
 *(.rela.sbss .rela.sbss.* .rela.gnu.linkonce.sb.*)
 *(.rel.sdata2 .rel.sdata2.* .rel.gnu.linkonce.s2.*)
 *(.rela.sdata2 .rela.sdata2.* .rela.gnu.linkonce.s2.*)
 *(.rel.sbss2 .rel.sbss2.* .rel.gnu.linkonce.sb2.*)
 *(.rela.sbss2 .rela.sbss2.* .rela.gnu.linkonce.sb2.*)
 *(.rel.bss .rel.bss.* .rel.gnu.linkonce.b.*)
 *(.rela.bss .rela.bss.* .rela.gnu.linkonce.b.*)
 *(.rel.plt)
 *(.rela.plt)
 *(.rel.dyn)
 *(.init)
 *(.plt)
 *(.text .stub .text.* .gnu.linkonce.t.*)
 .text          0x0000000000000248       0x4c ../sw_design_bsp//obj/HAL/src/crt0.o
                0x0000000000000248                _start
 .text          0x0000000000000294      0x218 obj/default/hello_world.o
                0x0000000000000294                caculate_convolution
                0x00000000000002b8                main
 .text          0x00000000000004ac      0x1b4 /home/chris/altera/16.0/nios2eds/bin/gnu/H-x86_64-pc-linux-gnu/bin/../lib/gcc/nios2-elf/5.2.0/libgcc.a(lib2-divmod.o)
                0x00000000000004ac                __divsi3
                0x0000000000000530                __modsi3
                0x00000000000005a4                __udivsi3
                0x0000000000000608                __umodsi3
 .text          0x0000000000000660        0x0 /home/chris/altera/16.0/nios2eds/bin/gnu/H-x86_64-pc-linux-gnu/bin/../lib/gcc/nios2-elf/5.2.0/../../../../../H-x86_64-pc-linux-gnu/nios2-elf/lib/libc.a(lib_a-printf.o)
 .text._printf_r
                0x0000000000000660       0x30 /home/chris/altera/16.0/nios2eds/bin/gnu/H-x86_64-pc-linux-gnu/bin/../lib/gcc/nios2-elf/5.2.0/../../../../../H-x86_64-pc-linux-gnu/nios2-elf/lib/libc.a(lib_a-printf.o)
                0x0000000000000660                _printf_r
 .text.printf   0x0000000000000690       0x3c /home/chris/altera/16.0/nios2eds/bin/gnu/H-x86_64-pc-linux-gnu/bin/../lib/gcc/nios2-elf/5.2.0/../../../../../H-x86_64-pc-linux-gnu/nios2-elf/lib/libc.a(lib_a-printf.o)
                0x0000000000000690                printf
 .text          0x00000000000006cc        0x0 /home/chris/altera/16.0/nios2eds/bin/gnu/H-x86_64-pc-linux-gnu/bin/../lib/gcc/nios2-elf/5.2.0/../../../../../H-x86_64-pc-linux-gnu/nios2-elf/lib/libc.a(lib_a-puts.o)
 .text._puts_r  0x00000000000006cc       0xc0 /home/chris/altera/16.0/nios2eds/bin/gnu/H-x86_64-pc-linux-gnu/bin/../lib/gcc/nios2-elf/5.2.0/../../../../../H-x86_64-pc-linux-gnu/nios2-elf/lib/libc.a(lib_a-puts.o)
                0x00000000000006cc                _puts_r
 .text.puts     0x000000000000078c       0x14 /home/chris/altera/16.0/nios2eds/bin/gnu/H-x86_64-pc-linux-gnu/bin/../lib/gcc/nios2-elf/5.2.0/../../../../../H-x86_64-pc-linux-gnu/nios2-elf/lib/libc.a(lib_a-puts.o)
                0x000000000000078c                puts
 .text          0x00000000000007a0        0x0 /home/chris/altera/16.0/nios2eds/bin/gnu/H-x86_64-pc-linux-gnu/bin/../lib/gcc/nios2-elf/5.2.0/../../../../../H-x86_64-pc-linux-gnu/nios2-elf/lib/libc.a(lib_a-strlen.o)
 .text.strlen   0x00000000000007a0       0x98 /home/chris/altera/16.0/nios2eds/bin/gnu/H-x86_64-pc-linux-gnu/bin/../lib/gcc/nios2-elf/5.2.0/../../../../../H-x86_64-pc-linux-gnu/nios2-elf/lib/libc.a(lib_a-strlen.o)
                0x00000000000007a0                strlen
 .text          0x0000000000000838        0x0 /home/chris/altera/16.0/nios2eds/bin/gnu/H-x86_64-pc-linux-gnu/bin/../lib/gcc/nios2-elf/5.2.0/../../../../../H-x86_64-pc-linux-gnu/nios2-elf/lib/libc.a(lib_a-vfprintf.o)
 .text.___vfprintf_internal_r
                0x0000000000000838     0x21f8 /home/chris/altera/16.0/nios2eds/bin/gnu/H-x86_64-pc-linux-gnu/bin/../lib/gcc/nios2-elf/5.2.0/../../../../../H-x86_64-pc-linux-gnu/nios2-elf/lib/libc.a(lib_a-vfprintf.o)
                0x0000000000000838                ___vfprintf_internal_r
 .text.__vfprintf_internal
                0x0000000000002a30       0x1c /home/chris/altera/16.0/nios2eds/bin/gnu/H-x86_64-pc-linux-gnu/bin/../lib/gcc/nios2-elf/5.2.0/../../../../../H-x86_64-pc-linux-gnu/nios2-elf/lib/libc.a(lib_a-vfprintf.o)
                0x0000000000002a30                __vfprintf_internal
 .text.__sbprintf
                0x0000000000002a4c       0xbc /home/chris/altera/16.0/nios2eds/bin/gnu/H-x86_64-pc-linux-gnu/bin/../lib/gcc/nios2-elf/5.2.0/../../../../../H-x86_64-pc-linux-gnu/nios2-elf/lib/libc.a(lib_a-vfprintf.o)
 .text          0x0000000000002b08        0x0 /home/chris/altera/16.0/nios2eds/bin/gnu/H-x86_64-pc-linux-gnu/bin/../lib/gcc/nios2-elf/5.2.0/../../../../../H-x86_64-pc-linux-gnu/nios2-elf/lib/libc.a(lib_a-wsetup.o)
 .text.__swsetup_r
                0x0000000000002b08      0x154 /home/chris/altera/16.0/nios2eds/bin/gnu/H-x86_64-pc-linux-gnu/bin/../lib/gcc/nios2-elf/5.2.0/../../../../../H-x86_64-pc-linux-gnu/nios2-elf/lib/libc.a(lib_a-wsetup.o)
                0x0000000000002b08                __swsetup_r
 .text          0x0000000000002c5c        0x0 /home/chris/altera/16.0/nios2eds/bin/gnu/H-x86_64-pc-linux-gnu/bin/../lib/gcc/nios2-elf/5.2.0/../../../../../H-x86_64-pc-linux-gnu/nios2-elf/lib/libc.a(lib_a-dtoa.o)
 .text.quorem   0x0000000000002c5c      0x200 /home/chris/altera/16.0/nios2eds/bin/gnu/H-x86_64-pc-linux-gnu/bin/../lib/gcc/nios2-elf/5.2.0/../../../../../H-x86_64-pc-linux-gnu/nios2-elf/lib/libc.a(lib_a-dtoa.o)
 .text._dtoa_r  0x0000000000002e5c     0x1688 /home/chris/altera/16.0/nios2eds/bin/gnu/H-x86_64-pc-linux-gnu/bin/../lib/gcc/nios2-elf/5.2.0/../../../../../H-x86_64-pc-linux-gnu/nios2-elf/lib/libc.a(lib_a-dtoa.o)
                0x0000000000002e5c                _dtoa_r
 .text          0x00000000000044e4        0x0 /home/chris/altera/16.0/nios2eds/bin/gnu/H-x86_64-pc-linux-gnu/bin/../lib/gcc/nios2-elf/5.2.0/../../../../../H-x86_64-pc-linux-gnu/nios2-elf/lib/libc.a(lib_a-fflush.o)
 .text.__sflush_r
                0x00000000000044e4      0x21c /home/chris/altera/16.0/nios2eds/bin/gnu/H-x86_64-pc-linux-gnu/bin/../lib/gcc/nios2-elf/5.2.0/../../../../../H-x86_64-pc-linux-gnu/nios2-elf/lib/libc.a(lib_a-fflush.o)
                0x00000000000044e4                __sflush_r
 .text._fflush_r
                0x0000000000004700       0x5c /home/chris/altera/16.0/nios2eds/bin/gnu/H-x86_64-pc-linux-gnu/bin/../lib/gcc/nios2-elf/5.2.0/../../../../../H-x86_64-pc-linux-gnu/nios2-elf/lib/libc.a(lib_a-fflush.o)
                0x0000000000004700                _fflush_r
 .text.fflush   0x000000000000475c       0x30 /home/chris/altera/16.0/nios2eds/bin/gnu/H-x86_64-pc-linux-gnu/bin/../lib/gcc/nios2-elf/5.2.0/../../../../../H-x86_64-pc-linux-gnu/nios2-elf/lib/libc.a(lib_a-fflush.o)
                0x000000000000475c                fflush
 .text          0x000000000000478c        0x0 /home/chris/altera/16.0/nios2eds/bin/gnu/H-x86_64-pc-linux-gnu/bin/../lib/gcc/nios2-elf/5.2.0/../../../../../H-x86_64-pc-linux-gnu/nios2-elf/lib/libc.a(lib_a-findfp.o)
 .text.__fp_unlock
                0x000000000000478c        0x8 /home/chris/altera/16.0/nios2eds/bin/gnu/H-x86_64-pc-linux-gnu/bin/../lib/gcc/nios2-elf/5.2.0/../../../../../H-x86_64-pc-linux-gnu/nios2-elf/lib/libc.a(lib_a-findfp.o)
 .text._cleanup_r
                0x0000000000004794        0xc /home/chris/altera/16.0/nios2eds/bin/gnu/H-x86_64-pc-linux-gnu/bin/../lib/gcc/nios2-elf/5.2.0/../../../../../H-x86_64-pc-linux-gnu/nios2-elf/lib/libc.a(lib_a-findfp.o)
                0x0000000000004794                _cleanup_r
 .text.__sinit.part.1
                0x00000000000047a0      0x19c /home/chris/altera/16.0/nios2eds/bin/gnu/H-x86_64-pc-linux-gnu/bin/../lib/gcc/nios2-elf/5.2.0/../../../../../H-x86_64-pc-linux-gnu/nios2-elf/lib/libc.a(lib_a-findfp.o)
 .text.__fp_lock
                0x000000000000493c        0x8 /home/chris/altera/16.0/nios2eds/bin/gnu/H-x86_64-pc-linux-gnu/bin/../lib/gcc/nios2-elf/5.2.0/../../../../../H-x86_64-pc-linux-gnu/nios2-elf/lib/libc.a(lib_a-findfp.o)
 .text.__sfmoreglue
                0x0000000000004944       0x68 /home/chris/altera/16.0/nios2eds/bin/gnu/H-x86_64-pc-linux-gnu/bin/../lib/gcc/nios2-elf/5.2.0/../../../../../H-x86_64-pc-linux-gnu/nios2-elf/lib/libc.a(lib_a-findfp.o)
                0x0000000000004944                __sfmoreglue
 .text.__sfp    0x00000000000049ac      0x118 /home/chris/altera/16.0/nios2eds/bin/gnu/H-x86_64-pc-linux-gnu/bin/../lib/gcc/nios2-elf/5.2.0/../../../../../H-x86_64-pc-linux-gnu/nios2-elf/lib/libc.a(lib_a-findfp.o)
                0x00000000000049ac                __sfp
 .text._cleanup
                0x0000000000004ac4       0x18 /home/chris/altera/16.0/nios2eds/bin/gnu/H-x86_64-pc-linux-gnu/bin/../lib/gcc/nios2-elf/5.2.0/../../../../../H-x86_64-pc-linux-gnu/nios2-elf/lib/libc.a(lib_a-findfp.o)
                0x0000000000004ac4                _cleanup
 .text.__sinit  0x0000000000004adc       0x10 /home/chris/altera/16.0/nios2eds/bin/gnu/H-x86_64-pc-linux-gnu/bin/../lib/gcc/nios2-elf/5.2.0/../../../../../H-x86_64-pc-linux-gnu/nios2-elf/lib/libc.a(lib_a-findfp.o)
                0x0000000000004adc                __sinit
 .text.__sfp_lock_acquire
                0x0000000000004aec        0x4 /home/chris/altera/16.0/nios2eds/bin/gnu/H-x86_64-pc-linux-gnu/bin/../lib/gcc/nios2-elf/5.2.0/../../../../../H-x86_64-pc-linux-gnu/nios2-elf/lib/libc.a(lib_a-findfp.o)
                0x0000000000004aec                __sfp_lock_acquire
 .text.__sfp_lock_release
                0x0000000000004af0        0x4 /home/chris/altera/16.0/nios2eds/bin/gnu/H-x86_64-pc-linux-gnu/bin/../lib/gcc/nios2-elf/5.2.0/../../../../../H-x86_64-pc-linux-gnu/nios2-elf/lib/libc.a(lib_a-findfp.o)
                0x0000000000004af0                __sfp_lock_release
 .text.__sinit_lock_acquire
                0x0000000000004af4        0x4 /home/chris/altera/16.0/nios2eds/bin/gnu/H-x86_64-pc-linux-gnu/bin/../lib/gcc/nios2-elf/5.2.0/../../../../../H-x86_64-pc-linux-gnu/nios2-elf/lib/libc.a(lib_a-findfp.o)
                0x0000000000004af4                __sinit_lock_acquire
 .text.__sinit_lock_release
                0x0000000000004af8        0x4 /home/chris/altera/16.0/nios2eds/bin/gnu/H-x86_64-pc-linux-gnu/bin/../lib/gcc/nios2-elf/5.2.0/../../../../../H-x86_64-pc-linux-gnu/nios2-elf/lib/libc.a(lib_a-findfp.o)
                0x0000000000004af8                __sinit_lock_release
 .text.__fp_lock_all
                0x0000000000004afc       0x18 /home/chris/altera/16.0/nios2eds/bin/gnu/H-x86_64-pc-linux-gnu/bin/../lib/gcc/nios2-elf/5.2.0/../../../../../H-x86_64-pc-linux-gnu/nios2-elf/lib/libc.a(lib_a-findfp.o)
                0x0000000000004afc                __fp_lock_all
 .text.__fp_unlock_all
                0x0000000000004b14       0x18 /home/chris/altera/16.0/nios2eds/bin/gnu/H-x86_64-pc-linux-gnu/bin/../lib/gcc/nios2-elf/5.2.0/../../../../../H-x86_64-pc-linux-gnu/nios2-elf/lib/libc.a(lib_a-findfp.o)
                0x0000000000004b14                __fp_unlock_all
 .text          0x0000000000004b2c        0x0 /home/chris/altera/16.0/nios2eds/bin/gnu/H-x86_64-pc-linux-gnu/bin/../lib/gcc/nios2-elf/5.2.0/../../../../../H-x86_64-pc-linux-gnu/nios2-elf/lib/libc.a(lib_a-freer.o)
 .text._malloc_trim_r
                0x0000000000004b2c      0x124 /home/chris/altera/16.0/nios2eds/bin/gnu/H-x86_64-pc-linux-gnu/bin/../lib/gcc/nios2-elf/5.2.0/../../../../../H-x86_64-pc-linux-gnu/nios2-elf/lib/libc.a(lib_a-freer.o)
                0x0000000000004b2c                _malloc_trim_r
 .text._free_r  0x0000000000004c50      0x310 /home/chris/altera/16.0/nios2eds/bin/gnu/H-x86_64-pc-linux-gnu/bin/../lib/gcc/nios2-elf/5.2.0/../../../../../H-x86_64-pc-linux-gnu/nios2-elf/lib/libc.a(lib_a-freer.o)
                0x0000000000004c50                _free_r
 .text          0x0000000000004f60        0x0 /home/chris/altera/16.0/nios2eds/bin/gnu/H-x86_64-pc-linux-gnu/bin/../lib/gcc/nios2-elf/5.2.0/../../../../../H-x86_64-pc-linux-gnu/nios2-elf/lib/libc.a(lib_a-fvwrite.o)
 .text.__sfvwrite_r
                0x0000000000004f60      0x4bc /home/chris/altera/16.0/nios2eds/bin/gnu/H-x86_64-pc-linux-gnu/bin/../lib/gcc/nios2-elf/5.2.0/../../../../../H-x86_64-pc-linux-gnu/nios2-elf/lib/libc.a(lib_a-fvwrite.o)
                0x0000000000004f60                __sfvwrite_r
 .text          0x000000000000541c        0x0 /home/chris/altera/16.0/nios2eds/bin/gnu/H-x86_64-pc-linux-gnu/bin/../lib/gcc/nios2-elf/5.2.0/../../../../../H-x86_64-pc-linux-gnu/nios2-elf/lib/libc.a(lib_a-fwalk.o)
 .text._fwalk   0x000000000000541c       0xc4 /home/chris/altera/16.0/nios2eds/bin/gnu/H-x86_64-pc-linux-gnu/bin/../lib/gcc/nios2-elf/5.2.0/../../../../../H-x86_64-pc-linux-gnu/nios2-elf/lib/libc.a(lib_a-fwalk.o)
                0x000000000000541c                _fwalk
 .text._fwalk_reent
                0x00000000000054e0       0xc4 /home/chris/altera/16.0/nios2eds/bin/gnu/H-x86_64-pc-linux-gnu/bin/../lib/gcc/nios2-elf/5.2.0/../../../../../H-x86_64-pc-linux-gnu/nios2-elf/lib/libc.a(lib_a-fwalk.o)
                0x00000000000054e0                _fwalk_reent
 .text          0x00000000000055a4        0x0 /home/chris/altera/16.0/nios2eds/bin/gnu/H-x86_64-pc-linux-gnu/bin/../lib/gcc/nios2-elf/5.2.0/../../../../../H-x86_64-pc-linux-gnu/nios2-elf/lib/libc.a(lib_a-impure.o)
 .text          0x00000000000055a4        0x0 /home/chris/altera/16.0/nios2eds/bin/gnu/H-x86_64-pc-linux-gnu/bin/../lib/gcc/nios2-elf/5.2.0/../../../../../H-x86_64-pc-linux-gnu/nios2-elf/lib/libc.a(lib_a-locale.o)
 .text._setlocale_r
                0x00000000000055a4       0x7c /home/chris/altera/16.0/nios2eds/bin/gnu/H-x86_64-pc-linux-gnu/bin/../lib/gcc/nios2-elf/5.2.0/../../../../../H-x86_64-pc-linux-gnu/nios2-elf/lib/libc.a(lib_a-locale.o)
                0x00000000000055a4                _setlocale_r
 .text.__locale_charset
                0x0000000000005620        0xc /home/chris/altera/16.0/nios2eds/bin/gnu/H-x86_64-pc-linux-gnu/bin/../lib/gcc/nios2-elf/5.2.0/../../../../../H-x86_64-pc-linux-gnu/nios2-elf/lib/libc.a(lib_a-locale.o)
                0x0000000000005620                __locale_charset
 .text.__locale_mb_cur_max
                0x000000000000562c       0x10 /home/chris/altera/16.0/nios2eds/bin/gnu/H-x86_64-pc-linux-gnu/bin/../lib/gcc/nios2-elf/5.2.0/../../../../../H-x86_64-pc-linux-gnu/nios2-elf/lib/libc.a(lib_a-locale.o)
                0x000000000000562c                __locale_mb_cur_max
 .text.__locale_msgcharset
                0x000000000000563c        0xc /home/chris/altera/16.0/nios2eds/bin/gnu/H-x86_64-pc-linux-gnu/bin/../lib/gcc/nios2-elf/5.2.0/../../../../../H-x86_64-pc-linux-gnu/nios2-elf/lib/libc.a(lib_a-locale.o)
                0x000000000000563c                __locale_msgcharset
 .text.__locale_cjk_lang
                0x0000000000005648        0x8 /home/chris/altera/16.0/nios2eds/bin/gnu/H-x86_64-pc-linux-gnu/bin/../lib/gcc/nios2-elf/5.2.0/../../../../../H-x86_64-pc-linux-gnu/nios2-elf/lib/libc.a(lib_a-locale.o)
                0x0000000000005648                __locale_cjk_lang
 .text._localeconv_r
                0x0000000000005650        0xc /home/chris/altera/16.0/nios2eds/bin/gnu/H-x86_64-pc-linux-gnu/bin/../lib/gcc/nios2-elf/5.2.0/../../../../../H-x86_64-pc-linux-gnu/nios2-elf/lib/libc.a(lib_a-locale.o)
                0x0000000000005650                _localeconv_r
 .text.setlocale
                0x000000000000565c       0x18 /home/chris/altera/16.0/nios2eds/bin/gnu/H-x86_64-pc-linux-gnu/bin/../lib/gcc/nios2-elf/5.2.0/../../../../../H-x86_64-pc-linux-gnu/nios2-elf/lib/libc.a(lib_a-locale.o)
                0x000000000000565c                setlocale
 .text.localeconv
                0x0000000000005674        0xc /home/chris/altera/16.0/nios2eds/bin/gnu/H-x86_64-pc-linux-gnu/bin/../lib/gcc/nios2-elf/5.2.0/../../../../../H-x86_64-pc-linux-gnu/nios2-elf/lib/libc.a(lib_a-locale.o)
                0x0000000000005674                localeconv
 .text          0x0000000000005680        0x0 /home/chris/altera/16.0/nios2eds/bin/gnu/H-x86_64-pc-linux-gnu/bin/../lib/gcc/nios2-elf/5.2.0/../../../../../H-x86_64-pc-linux-gnu/nios2-elf/lib/libc.a(lib_a-makebuf.o)
 .text.__smakebuf_r
                0x0000000000005680      0x1bc /home/chris/altera/16.0/nios2eds/bin/gnu/H-x86_64-pc-linux-gnu/bin/../lib/gcc/nios2-elf/5.2.0/../../../../../H-x86_64-pc-linux-gnu/nios2-elf/lib/libc.a(lib_a-makebuf.o)
                0x0000000000005680                __smakebuf_r
 .text          0x000000000000583c        0x0 /home/chris/altera/16.0/nios2eds/bin/gnu/H-x86_64-pc-linux-gnu/bin/../lib/gcc/nios2-elf/5.2.0/../../../../../H-x86_64-pc-linux-gnu/nios2-elf/lib/libc.a(lib_a-mallocr.o)
 .text._malloc_r
                0x000000000000583c      0x80c /home/chris/altera/16.0/nios2eds/bin/gnu/H-x86_64-pc-linux-gnu/bin/../lib/gcc/nios2-elf/5.2.0/../../../../../H-x86_64-pc-linux-gnu/nios2-elf/lib/libc.a(lib_a-mallocr.o)
                0x000000000000583c                _malloc_r
 .text          0x0000000000006048        0x0 /home/chris/altera/16.0/nios2eds/bin/gnu/H-x86_64-pc-linux-gnu/bin/../lib/gcc/nios2-elf/5.2.0/../../../../../H-x86_64-pc-linux-gnu/nios2-elf/lib/libc.a(lib_a-memchr.o)
 .text.memchr   0x0000000000006048       0xe4 /home/chris/altera/16.0/nios2eds/bin/gnu/H-x86_64-pc-linux-gnu/bin/../lib/gcc/nios2-elf/5.2.0/../../../../../H-x86_64-pc-linux-gnu/nios2-elf/lib/libc.a(lib_a-memchr.o)
                0x0000000000006048                memchr
 .text          0x000000000000612c        0x0 /home/chris/altera/16.0/nios2eds/bin/gnu/H-x86_64-pc-linux-gnu/bin/../lib/gcc/nios2-elf/5.2.0/../../../../../H-x86_64-pc-linux-gnu/nios2-elf/lib/libc.a(lib_a-memcpy.o)
 .text.memcpy   0x000000000000612c      0x148 /home/chris/altera/16.0/nios2eds/bin/gnu/H-x86_64-pc-linux-gnu/bin/../lib/gcc/nios2-elf/5.2.0/../../../../../H-x86_64-pc-linux-gnu/nios2-elf/lib/libc.a(lib_a-memcpy.o)
                0x000000000000612c                memcpy
 .text          0x0000000000006274        0x0 /home/chris/altera/16.0/nios2eds/bin/gnu/H-x86_64-pc-linux-gnu/bin/../lib/gcc/nios2-elf/5.2.0/../../../../../H-x86_64-pc-linux-gnu/nios2-elf/lib/libc.a(lib_a-memmove.o)
 .text.memmove  0x0000000000006274      0x15c /home/chris/altera/16.0/nios2eds/bin/gnu/H-x86_64-pc-linux-gnu/bin/../lib/gcc/nios2-elf/5.2.0/../../../../../H-x86_64-pc-linux-gnu/nios2-elf/lib/libc.a(lib_a-memmove.o)
                0x0000000000006274                memmove
 .text          0x00000000000063d0        0x0 /home/chris/altera/16.0/nios2eds/bin/gnu/H-x86_64-pc-linux-gnu/bin/../lib/gcc/nios2-elf/5.2.0/../../../../../H-x86_64-pc-linux-gnu/nios2-elf/lib/libc.a(lib_a-memset.o)
 .text.memset   0x00000000000063d0      0x128 /home/chris/altera/16.0/nios2eds/bin/gnu/H-x86_64-pc-linux-gnu/bin/../lib/gcc/nios2-elf/5.2.0/../../../../../H-x86_64-pc-linux-gnu/nios2-elf/lib/libc.a(lib_a-memset.o)
                0x00000000000063d0                memset
 .text          0x00000000000064f8        0x0 /home/chris/altera/16.0/nios2eds/bin/gnu/H-x86_64-pc-linux-gnu/bin/../lib/gcc/nios2-elf/5.2.0/../../../../../H-x86_64-pc-linux-gnu/nios2-elf/lib/libc.a(lib_a-mprec.o)
 .text._Balloc  0x00000000000064f8       0xa8 /home/chris/altera/16.0/nios2eds/bin/gnu/H-x86_64-pc-linux-gnu/bin/../lib/gcc/nios2-elf/5.2.0/../../../../../H-x86_64-pc-linux-gnu/nios2-elf/lib/libc.a(lib_a-mprec.o)
                0x00000000000064f8                _Balloc
 .text._Bfree   0x00000000000065a0       0x28 /home/chris/altera/16.0/nios2eds/bin/gnu/H-x86_64-pc-linux-gnu/bin/../lib/gcc/nios2-elf/5.2.0/../../../../../H-x86_64-pc-linux-gnu/nios2-elf/lib/libc.a(lib_a-mprec.o)
                0x00000000000065a0                _Bfree
 .text.__multadd
                0x00000000000065c8      0x120 /home/chris/altera/16.0/nios2eds/bin/gnu/H-x86_64-pc-linux-gnu/bin/../lib/gcc/nios2-elf/5.2.0/../../../../../H-x86_64-pc-linux-gnu/nios2-elf/lib/libc.a(lib_a-mprec.o)
                0x00000000000065c8                __multadd
 .text.__s2b    0x00000000000066e8      0x104 /home/chris/altera/16.0/nios2eds/bin/gnu/H-x86_64-pc-linux-gnu/bin/../lib/gcc/nios2-elf/5.2.0/../../../../../H-x86_64-pc-linux-gnu/nios2-elf/lib/libc.a(lib_a-mprec.o)
                0x00000000000066e8                __s2b
 .text.__hi0bits
                0x00000000000067ec       0x68 /home/chris/altera/16.0/nios2eds/bin/gnu/H-x86_64-pc-linux-gnu/bin/../lib/gcc/nios2-elf/5.2.0/../../../../../H-x86_64-pc-linux-gnu/nios2-elf/lib/libc.a(lib_a-mprec.o)
                0x00000000000067ec                __hi0bits
 .text.__lo0bits
                0x0000000000006854       0xb0 /home/chris/altera/16.0/nios2eds/bin/gnu/H-x86_64-pc-linux-gnu/bin/../lib/gcc/nios2-elf/5.2.0/../../../../../H-x86_64-pc-linux-gnu/nios2-elf/lib/libc.a(lib_a-mprec.o)
                0x0000000000006854                __lo0bits
 .text.__i2b    0x0000000000006904       0x3c /home/chris/altera/16.0/nios2eds/bin/gnu/H-x86_64-pc-linux-gnu/bin/../lib/gcc/nios2-elf/5.2.0/../../../../../H-x86_64-pc-linux-gnu/nios2-elf/lib/libc.a(lib_a-mprec.o)
                0x0000000000006904                __i2b
 .text.__multiply
                0x0000000000006940      0x1f8 /home/chris/altera/16.0/nios2eds/bin/gnu/H-x86_64-pc-linux-gnu/bin/../lib/gcc/nios2-elf/5.2.0/../../../../../H-x86_64-pc-linux-gnu/nios2-elf/lib/libc.a(lib_a-mprec.o)
                0x0000000000006940                __multiply
 .text.__pow5mult
                0x0000000000006b38      0x140 /home/chris/altera/16.0/nios2eds/bin/gnu/H-x86_64-pc-linux-gnu/bin/../lib/gcc/nios2-elf/5.2.0/../../../../../H-x86_64-pc-linux-gnu/nios2-elf/lib/libc.a(lib_a-mprec.o)
                0x0000000000006b38                __pow5mult
 .text.__lshift
                0x0000000000006c78      0x148 /home/chris/altera/16.0/nios2eds/bin/gnu/H-x86_64-pc-linux-gnu/bin/../lib/gcc/nios2-elf/5.2.0/../../../../../H-x86_64-pc-linux-gnu/nios2-elf/lib/libc.a(lib_a-mprec.o)
                0x0000000000006c78                __lshift
 .text.__mcmp   0x0000000000006dc0       0x60 /home/chris/altera/16.0/nios2eds/bin/gnu/H-x86_64-pc-linux-gnu/bin/../lib/gcc/nios2-elf/5.2.0/../../../../../H-x86_64-pc-linux-gnu/nios2-elf/lib/libc.a(lib_a-mprec.o)
                0x0000000000006dc0                __mcmp
 .text.__mdiff  0x0000000000006e20      0x1fc /home/chris/altera/16.0/nios2eds/bin/gnu/H-x86_64-pc-linux-gnu/bin/../lib/gcc/nios2-elf/5.2.0/../../../../../H-x86_64-pc-linux-gnu/nios2-elf/lib/libc.a(lib_a-mprec.o)
                0x0000000000006e20                __mdiff
 .text.__ulp    0x000000000000701c       0x64 /home/chris/altera/16.0/nios2eds/bin/gnu/H-x86_64-pc-linux-gnu/bin/../lib/gcc/nios2-elf/5.2.0/../../../../../H-x86_64-pc-linux-gnu/nios2-elf/lib/libc.a(lib_a-mprec.o)
                0x000000000000701c                __ulp
 .text.__b2d    0x0000000000007080      0x10c /home/chris/altera/16.0/nios2eds/bin/gnu/H-x86_64-pc-linux-gnu/bin/../lib/gcc/nios2-elf/5.2.0/../../../../../H-x86_64-pc-linux-gnu/nios2-elf/lib/libc.a(lib_a-mprec.o)
                0x0000000000007080                __b2d
 .text.__d2b    0x000000000000718c      0x14c /home/chris/altera/16.0/nios2eds/bin/gnu/H-x86_64-pc-linux-gnu/bin/../lib/gcc/nios2-elf/5.2.0/../../../../../H-x86_64-pc-linux-gnu/nios2-elf/lib/libc.a(lib_a-mprec.o)
                0x000000000000718c                __d2b
 .text.__ratio  0x00000000000072d8       0xa4 /home/chris/altera/16.0/nios2eds/bin/gnu/H-x86_64-pc-linux-gnu/bin/../lib/gcc/nios2-elf/5.2.0/../../../../../H-x86_64-pc-linux-gnu/nios2-elf/lib/libc.a(lib_a-mprec.o)
                0x00000000000072d8                __ratio
 .text._mprec_log10
                0x000000000000737c       0x74 /home/chris/altera/16.0/nios2eds/bin/gnu/H-x86_64-pc-linux-gnu/bin/../lib/gcc/nios2-elf/5.2.0/../../../../../H-x86_64-pc-linux-gnu/nios2-elf/lib/libc.a(lib_a-mprec.o)
                0x000000000000737c                _mprec_log10
 .text.__copybits
                0x00000000000073f0       0x78 /home/chris/altera/16.0/nios2eds/bin/gnu/H-x86_64-pc-linux-gnu/bin/../lib/gcc/nios2-elf/5.2.0/../../../../../H-x86_64-pc-linux-gnu/nios2-elf/lib/libc.a(lib_a-mprec.o)
                0x00000000000073f0                __copybits
 .text.__any_on
                0x0000000000007468       0x8c /home/chris/altera/16.0/nios2eds/bin/gnu/H-x86_64-pc-linux-gnu/bin/../lib/gcc/nios2-elf/5.2.0/../../../../../H-x86_64-pc-linux-gnu/nios2-elf/lib/libc.a(lib_a-mprec.o)
                0x0000000000007468                __any_on
 .text          0x00000000000074f4        0x0 /home/chris/altera/16.0/nios2eds/bin/gnu/H-x86_64-pc-linux-gnu/bin/../lib/gcc/nios2-elf/5.2.0/../../../../../H-x86_64-pc-linux-gnu/nios2-elf/lib/libc.a(lib_a-reallocr.o)
 .text._realloc_r
                0x00000000000074f4      0x564 /home/chris/altera/16.0/nios2eds/bin/gnu/H-x86_64-pc-linux-gnu/bin/../lib/gcc/nios2-elf/5.2.0/../../../../../H-x86_64-pc-linux-gnu/nios2-elf/lib/libc.a(lib_a-reallocr.o)
                0x00000000000074f4                _realloc_r
 .text          0x0000000000007a58        0x0 /home/chris/altera/16.0/nios2eds/bin/gnu/H-x86_64-pc-linux-gnu/bin/../lib/gcc/nios2-elf/5.2.0/../../../../../H-x86_64-pc-linux-gnu/nios2-elf/lib/libc.a(lib_a-s_fpclassify.o)
 .text.__fpclassifyd
                0x0000000000007a58       0x74 /home/chris/altera/16.0/nios2eds/bin/gnu/H-x86_64-pc-linux-gnu/bin/../lib/gcc/nios2-elf/5.2.0/../../../../../H-x86_64-pc-linux-gnu/nios2-elf/lib/libc.a(lib_a-s_fpclassify.o)
                0x0000000000007a58                __fpclassifyd
 .text          0x0000000000007acc        0x0 /home/chris/altera/16.0/nios2eds/bin/gnu/H-x86_64-pc-linux-gnu/bin/../lib/gcc/nios2-elf/5.2.0/../../../../../H-x86_64-pc-linux-gnu/nios2-elf/lib/libc.a(lib_a-sbrkr.o)
 .text._sbrk_r  0x0000000000007acc       0x54 /home/chris/altera/16.0/nios2eds/bin/gnu/H-x86_64-pc-linux-gnu/bin/../lib/gcc/nios2-elf/5.2.0/../../../../../H-x86_64-pc-linux-gnu/nios2-elf/lib/libc.a(lib_a-sbrkr.o)
                0x0000000000007acc                _sbrk_r
 .text          0x0000000000007b20        0x0 /home/chris/altera/16.0/nios2eds/bin/gnu/H-x86_64-pc-linux-gnu/bin/../lib/gcc/nios2-elf/5.2.0/../../../../../H-x86_64-pc-linux-gnu/nios2-elf/lib/libc.a(lib_a-stdio.o)
 .text.__sread  0x0000000000007b20       0x54 /home/chris/altera/16.0/nios2eds/bin/gnu/H-x86_64-pc-linux-gnu/bin/../lib/gcc/nios2-elf/5.2.0/../../../../../H-x86_64-pc-linux-gnu/nios2-elf/lib/libc.a(lib_a-stdio.o)
                0x0000000000007b20                __sread
 .text.__seofread
                0x0000000000007b74        0x8 /home/chris/altera/16.0/nios2eds/bin/gnu/H-x86_64-pc-linux-gnu/bin/../lib/gcc/nios2-elf/5.2.0/../../../../../H-x86_64-pc-linux-gnu/nios2-elf/lib/libc.a(lib_a-stdio.o)
                0x0000000000007b74                __seofread
 .text.__swrite
                0x0000000000007b7c       0x7c /home/chris/altera/16.0/nios2eds/bin/gnu/H-x86_64-pc-linux-gnu/bin/../lib/gcc/nios2-elf/5.2.0/../../../../../H-x86_64-pc-linux-gnu/nios2-elf/lib/libc.a(lib_a-stdio.o)
                0x0000000000007b7c                __swrite
 .text.__sseek  0x0000000000007bf8       0x5c /home/chris/altera/16.0/nios2eds/bin/gnu/H-x86_64-pc-linux-gnu/bin/../lib/gcc/nios2-elf/5.2.0/../../../../../H-x86_64-pc-linux-gnu/nios2-elf/lib/libc.a(lib_a-stdio.o)
                0x0000000000007bf8                __sseek
 .text.__sclose
                0x0000000000007c54        0x8 /home/chris/altera/16.0/nios2eds/bin/gnu/H-x86_64-pc-linux-gnu/bin/../lib/gcc/nios2-elf/5.2.0/../../../../../H-x86_64-pc-linux-gnu/nios2-elf/lib/libc.a(lib_a-stdio.o)
                0x0000000000007c54                __sclose
 .text          0x0000000000007c5c        0x0 /home/chris/altera/16.0/nios2eds/bin/gnu/H-x86_64-pc-linux-gnu/bin/../lib/gcc/nios2-elf/5.2.0/../../../../../H-x86_64-pc-linux-gnu/nios2-elf/lib/libc.a(lib_a-strcmp.o)
 .text.strcmp   0x0000000000007c5c       0xdc /home/chris/altera/16.0/nios2eds/bin/gnu/H-x86_64-pc-linux-gnu/bin/../lib/gcc/nios2-elf/5.2.0/../../../../../H-x86_64-pc-linux-gnu/nios2-elf/lib/libc.a(lib_a-strcmp.o)
                0x0000000000007c5c                strcmp
 .text          0x0000000000007d38        0x0 /home/chris/altera/16.0/nios2eds/bin/gnu/H-x86_64-pc-linux-gnu/bin/../lib/gcc/nios2-elf/5.2.0/../../../../../H-x86_64-pc-linux-gnu/nios2-elf/lib/libc.a(lib_a-vfiprintf.o)
 .text.__sprint_r.part.0
                0x0000000000007d38       0xfc /home/chris/altera/16.0/nios2eds/bin/gnu/H-x86_64-pc-linux-gnu/bin/../lib/gcc/nios2-elf/5.2.0/../../../../../H-x86_64-pc-linux-gnu/nios2-elf/lib/libc.a(lib_a-vfiprintf.o)
 .text.__sprint_r
                0x0000000000007e34       0x18 /home/chris/altera/16.0/nios2eds/bin/gnu/H-x86_64-pc-linux-gnu/bin/../lib/gcc/nios2-elf/5.2.0/../../../../../H-x86_64-pc-linux-gnu/nios2-elf/lib/libc.a(lib_a-vfiprintf.o)
                0x0000000000007e34                __sprint_r
 .text.___vfiprintf_internal_r
                0x0000000000007e4c     0x145c /home/chris/altera/16.0/nios2eds/bin/gnu/H-x86_64-pc-linux-gnu/bin/../lib/gcc/nios2-elf/5.2.0/../../../../../H-x86_64-pc-linux-gnu/nios2-elf/lib/libc.a(lib_a-vfiprintf.o)
                0x0000000000007e4c                ___vfiprintf_internal_r
 .text.__vfiprintf_internal
                0x00000000000092a8       0x1c /home/chris/altera/16.0/nios2eds/bin/gnu/H-x86_64-pc-linux-gnu/bin/../lib/gcc/nios2-elf/5.2.0/../../../../../H-x86_64-pc-linux-gnu/nios2-elf/lib/libc.a(lib_a-vfiprintf.o)
                0x00000000000092a8                __vfiprintf_internal
 .text.__sbprintf
                0x00000000000092c4       0xbc /home/chris/altera/16.0/nios2eds/bin/gnu/H-x86_64-pc-linux-gnu/bin/../lib/gcc/nios2-elf/5.2.0/../../../../../H-x86_64-pc-linux-gnu/nios2-elf/lib/libc.a(lib_a-vfiprintf.o)
 .text          0x0000000000009380        0x0 /home/chris/altera/16.0/nios2eds/bin/gnu/H-x86_64-pc-linux-gnu/bin/../lib/gcc/nios2-elf/5.2.0/../../../../../H-x86_64-pc-linux-gnu/nios2-elf/lib/libc.a(lib_a-writer.o)
 .text._write_r
                0x0000000000009380       0x60 /home/chris/altera/16.0/nios2eds/bin/gnu/H-x86_64-pc-linux-gnu/bin/../lib/gcc/nios2-elf/5.2.0/../../../../../H-x86_64-pc-linux-gnu/nios2-elf/lib/libc.a(lib_a-writer.o)
                0x0000000000009380                _write_r
 .text          0x00000000000093e0        0x0 /home/chris/altera/16.0/nios2eds/bin/gnu/H-x86_64-pc-linux-gnu/bin/../lib/gcc/nios2-elf/5.2.0/../../../../../H-x86_64-pc-linux-gnu/nios2-elf/lib/libc.a(closer.o)
 .text._close_r
                0x00000000000093e0       0x54 /home/chris/altera/16.0/nios2eds/bin/gnu/H-x86_64-pc-linux-gnu/bin/../lib/gcc/nios2-elf/5.2.0/../../../../../H-x86_64-pc-linux-gnu/nios2-elf/lib/libc.a(closer.o)
                0x00000000000093e0                _close_r
 .text          0x0000000000009434        0x0 /home/chris/altera/16.0/nios2eds/bin/gnu/H-x86_64-pc-linux-gnu/bin/../lib/gcc/nios2-elf/5.2.0/../../../../../H-x86_64-pc-linux-gnu/nios2-elf/lib/libc.a(lib_a-callocr.o)
 .text._calloc_r
                0x0000000000009434       0xc4 /home/chris/altera/16.0/nios2eds/bin/gnu/H-x86_64-pc-linux-gnu/bin/../lib/gcc/nios2-elf/5.2.0/../../../../../H-x86_64-pc-linux-gnu/nios2-elf/lib/libc.a(lib_a-callocr.o)
                0x0000000000009434                _calloc_r
 .text          0x00000000000094f8        0x0 /home/chris/altera/16.0/nios2eds/bin/gnu/H-x86_64-pc-linux-gnu/bin/../lib/gcc/nios2-elf/5.2.0/../../../../../H-x86_64-pc-linux-gnu/nios2-elf/lib/libc.a(lib_a-fclose.o)
 .text._fclose_r
                0x00000000000094f8       0xf0 /home/chris/altera/16.0/nios2eds/bin/gnu/H-x86_64-pc-linux-gnu/bin/../lib/gcc/nios2-elf/5.2.0/../../../../../H-x86_64-pc-linux-gnu/nios2-elf/lib/libc.a(lib_a-fclose.o)
                0x00000000000094f8                _fclose_r
 .text.fclose   0x00000000000095e8       0x14 /home/chris/altera/16.0/nios2eds/bin/gnu/H-x86_64-pc-linux-gnu/bin/../lib/gcc/nios2-elf/5.2.0/../../../../../H-x86_64-pc-linux-gnu/nios2-elf/lib/libc.a(lib_a-fclose.o)
                0x00000000000095e8                fclose
 .text          0x00000000000095fc        0x0 /home/chris/altera/16.0/nios2eds/bin/gnu/H-x86_64-pc-linux-gnu/bin/../lib/gcc/nios2-elf/5.2.0/../../../../../H-x86_64-pc-linux-gnu/nios2-elf/lib/libc.a(lib_a-fputwc.o)
 .text.__fputwc
                0x00000000000095fc      0x164 /home/chris/altera/16.0/nios2eds/bin/gnu/H-x86_64-pc-linux-gnu/bin/../lib/gcc/nios2-elf/5.2.0/../../../../../H-x86_64-pc-linux-gnu/nios2-elf/lib/libc.a(lib_a-fputwc.o)
                0x00000000000095fc                __fputwc
 .text._fputwc_r
                0x0000000000009760       0x24 /home/chris/altera/16.0/nios2eds/bin/gnu/H-x86_64-pc-linux-gnu/bin/../lib/gcc/nios2-elf/5.2.0/../../../../../H-x86_64-pc-linux-gnu/nios2-elf/lib/libc.a(lib_a-fputwc.o)
                0x0000000000009760                _fputwc_r
 .text.fputwc   0x0000000000009784       0x80 /home/chris/altera/16.0/nios2eds/bin/gnu/H-x86_64-pc-linux-gnu/bin/../lib/gcc/nios2-elf/5.2.0/../../../../../H-x86_64-pc-linux-gnu/nios2-elf/lib/libc.a(lib_a-fputwc.o)
                0x0000000000009784                fputwc
 .text          0x0000000000009804        0x0 /home/chris/altera/16.0/nios2eds/bin/gnu/H-x86_64-pc-linux-gnu/bin/../lib/gcc/nios2-elf/5.2.0/../../../../../H-x86_64-pc-linux-gnu/nios2-elf/lib/libc.a(lib_a-fstatr.o)
 .text._fstat_r
                0x0000000000009804       0x5c /home/chris/altera/16.0/nios2eds/bin/gnu/H-x86_64-pc-linux-gnu/bin/../lib/gcc/nios2-elf/5.2.0/../../../../../H-x86_64-pc-linux-gnu/nios2-elf/lib/libc.a(lib_a-fstatr.o)
                0x0000000000009804                _fstat_r
 .text          0x0000000000009860        0x0 /home/chris/altera/16.0/nios2eds/bin/gnu/H-x86_64-pc-linux-gnu/bin/../lib/gcc/nios2-elf/5.2.0/../../../../../H-x86_64-pc-linux-gnu/nios2-elf/lib/libc.a(lib_a-int_errno.o)
 .text          0x0000000000009860        0x0 /home/chris/altera/16.0/nios2eds/bin/gnu/H-x86_64-pc-linux-gnu/bin/../lib/gcc/nios2-elf/5.2.0/../../../../../H-x86_64-pc-linux-gnu/nios2-elf/lib/libc.a(lib_a-isattyr.o)
 .text._isatty_r
                0x0000000000009860       0x54 /home/chris/altera/16.0/nios2eds/bin/gnu/H-x86_64-pc-linux-gnu/bin/../lib/gcc/nios2-elf/5.2.0/../../../../../H-x86_64-pc-linux-gnu/nios2-elf/lib/libc.a(lib_a-isattyr.o)
                0x0000000000009860                _isatty_r
 .text          0x00000000000098b4        0x0 /home/chris/altera/16.0/nios2eds/bin/gnu/H-x86_64-pc-linux-gnu/bin/../lib/gcc/nios2-elf/5.2.0/../../../../../H-x86_64-pc-linux-gnu/nios2-elf/lib/libc.a(lib_a-lseekr.o)
 .text._lseek_r
                0x00000000000098b4       0x60 /home/chris/altera/16.0/nios2eds/bin/gnu/H-x86_64-pc-linux-gnu/bin/../lib/gcc/nios2-elf/5.2.0/../../../../../H-x86_64-pc-linux-gnu/nios2-elf/lib/libc.a(lib_a-lseekr.o)
                0x00000000000098b4                _lseek_r
 .text          0x0000000000009914        0x0 /home/chris/altera/16.0/nios2eds/bin/gnu/H-x86_64-pc-linux-gnu/bin/../lib/gcc/nios2-elf/5.2.0/../../../../../H-x86_64-pc-linux-gnu/nios2-elf/lib/libc.a(lib_a-readr.o)
 .text._read_r  0x0000000000009914       0x60 /home/chris/altera/16.0/nios2eds/bin/gnu/H-x86_64-pc-linux-gnu/bin/../lib/gcc/nios2-elf/5.2.0/../../../../../H-x86_64-pc-linux-gnu/nios2-elf/lib/libc.a(lib_a-readr.o)
                0x0000000000009914                _read_r
 .text          0x0000000000009974        0x0 /home/chris/altera/16.0/nios2eds/bin/gnu/H-x86_64-pc-linux-gnu/bin/../lib/gcc/nios2-elf/5.2.0/../../../../../H-x86_64-pc-linux-gnu/nios2-elf/lib/libc.a(lib_a-wbuf.o)
 .text.__swbuf_r
                0x0000000000009974      0x140 /home/chris/altera/16.0/nios2eds/bin/gnu/H-x86_64-pc-linux-gnu/bin/../lib/gcc/nios2-elf/5.2.0/../../../../../H-x86_64-pc-linux-gnu/nios2-elf/lib/libc.a(lib_a-wbuf.o)
                0x0000000000009974                __swbuf_r
 .text.__swbuf  0x0000000000009ab4       0x18 /home/chris/altera/16.0/nios2eds/bin/gnu/H-x86_64-pc-linux-gnu/bin/../lib/gcc/nios2-elf/5.2.0/../../../../../H-x86_64-pc-linux-gnu/nios2-elf/lib/libc.a(lib_a-wbuf.o)
                0x0000000000009ab4                __swbuf
 .text          0x0000000000009acc        0x0 /home/chris/altera/16.0/nios2eds/bin/gnu/H-x86_64-pc-linux-gnu/bin/../lib/gcc/nios2-elf/5.2.0/../../../../../H-x86_64-pc-linux-gnu/nios2-elf/lib/libc.a(lib_a-wcrtomb.o)
 .text._wcrtomb_r
                0x0000000000009acc       0x9c /home/chris/altera/16.0/nios2eds/bin/gnu/H-x86_64-pc-linux-gnu/bin/../lib/gcc/nios2-elf/5.2.0/../../../../../H-x86_64-pc-linux-gnu/nios2-elf/lib/libc.a(lib_a-wcrtomb.o)
                0x0000000000009acc                _wcrtomb_r
 .text.wcrtomb  0x0000000000009b68       0xc0 /home/chris/altera/16.0/nios2eds/bin/gnu/H-x86_64-pc-linux-gnu/bin/../lib/gcc/nios2-elf/5.2.0/../../../../../H-x86_64-pc-linux-gnu/nios2-elf/lib/libc.a(lib_a-wcrtomb.o)
                0x0000000000009b68                wcrtomb
 .text          0x0000000000009c28        0x0 /home/chris/altera/16.0/nios2eds/bin/gnu/H-x86_64-pc-linux-gnu/bin/../lib/gcc/nios2-elf/5.2.0/../../../../../H-x86_64-pc-linux-gnu/nios2-elf/lib/libc.a(lib_a-wctomb_r.o)
 .text.__ascii_wctomb
                0x0000000000009c28       0x30 /home/chris/altera/16.0/nios2eds/bin/gnu/H-x86_64-pc-linux-gnu/bin/../lib/gcc/nios2-elf/5.2.0/../../../../../H-x86_64-pc-linux-gnu/nios2-elf/lib/libc.a(lib_a-wctomb_r.o)
                0x0000000000009c28                __ascii_wctomb
 .text._wctomb_r
                0x0000000000009c58       0x5c /home/chris/altera/16.0/nios2eds/bin/gnu/H-x86_64-pc-linux-gnu/bin/../lib/gcc/nios2-elf/5.2.0/../../../../../H-x86_64-pc-linux-gnu/nios2-elf/lib/libc.a(lib_a-wctomb_r.o)
                0x0000000000009c58                _wctomb_r
 .text          0x0000000000009cb4      0x578 /home/chris/altera/16.0/nios2eds/bin/gnu/H-x86_64-pc-linux-gnu/bin/../lib/gcc/nios2-elf/5.2.0/libgcc.a(_udivdi3.o)
                0x0000000000009cb4                __udivdi3
 .text          0x000000000000a22c      0x538 /home/chris/altera/16.0/nios2eds/bin/gnu/H-x86_64-pc-linux-gnu/bin/../lib/gcc/nios2-elf/5.2.0/libgcc.a(_umoddi3.o)
                0x000000000000a22c                __umoddi3
 .text          0x000000000000a764      0x8ac /home/chris/altera/16.0/nios2eds/bin/gnu/H-x86_64-pc-linux-gnu/bin/../lib/gcc/nios2-elf/5.2.0/libgcc.a(adddf3.o)
                0x000000000000a764                __adddf3
 .text          0x000000000000b010      0x8e8 /home/chris/altera/16.0/nios2eds/bin/gnu/H-x86_64-pc-linux-gnu/bin/../lib/gcc/nios2-elf/5.2.0/libgcc.a(divdf3.o)
                0x000000000000b010                __divdf3
 .text          0x000000000000b8f8       0x88 /home/chris/altera/16.0/nios2eds/bin/gnu/H-x86_64-pc-linux-gnu/bin/../lib/gcc/nios2-elf/5.2.0/libgcc.a(eqdf2.o)
                0x000000000000b8f8                __eqdf2
                0x000000000000b8f8                __nedf2
 .text          0x000000000000b980       0xdc /home/chris/altera/16.0/nios2eds/bin/gnu/H-x86_64-pc-linux-gnu/bin/../lib/gcc/nios2-elf/5.2.0/libgcc.a(gedf2.o)
                0x000000000000b980                __gtdf2
                0x000000000000b980                __gedf2
 .text          0x000000000000ba5c       0xf4 /home/chris/altera/16.0/nios2eds/bin/gnu/H-x86_64-pc-linux-gnu/bin/../lib/gcc/nios2-elf/5.2.0/libgcc.a(ledf2.o)
                0x000000000000ba5c                __ltdf2
                0x000000000000ba5c                __ledf2
 .text          0x000000000000bb50      0x718 /home/chris/altera/16.0/nios2eds/bin/gnu/H-x86_64-pc-linux-gnu/bin/../lib/gcc/nios2-elf/5.2.0/libgcc.a(muldf3.o)
                0x000000000000bb50                __muldf3
 .text          0x000000000000c268      0x8fc /home/chris/altera/16.0/nios2eds/bin/gnu/H-x86_64-pc-linux-gnu/bin/../lib/gcc/nios2-elf/5.2.0/libgcc.a(subdf3.o)
                0x000000000000c268                __subdf3
 .text          0x000000000000cb64       0x80 /home/chris/altera/16.0/nios2eds/bin/gnu/H-x86_64-pc-linux-gnu/bin/../lib/gcc/nios2-elf/5.2.0/libgcc.a(fixdfsi.o)
                0x000000000000cb64                __fixdfsi
 .text          0x000000000000cbe4       0xdc /home/chris/altera/16.0/nios2eds/bin/gnu/H-x86_64-pc-linux-gnu/bin/../lib/gcc/nios2-elf/5.2.0/libgcc.a(floatsidf.o)
                0x000000000000cbe4                __floatsidf
 .text          0x000000000000ccc0       0xa8 /home/chris/altera/16.0/nios2eds/bin/gnu/H-x86_64-pc-linux-gnu/bin/../lib/gcc/nios2-elf/5.2.0/libgcc.a(floatunsidf.o)
                0x000000000000ccc0                __floatunsidf
 .text          0x000000000000cd68        0x0 /home/chris/altera/16.0/nios2eds/bin/gnu/H-x86_64-pc-linux-gnu/bin/../lib/gcc/nios2-elf/5.2.0/libgcc.a(_clz.o)
 .text          0x000000000000cd68       0x64 /home/chris/altera/16.0/nios2eds/bin/gnu/H-x86_64-pc-linux-gnu/bin/../lib/gcc/nios2-elf/5.2.0/libgcc.a(_clzsi2.o)
                0x000000000000cd68                __clzsi2
 .text          0x000000000000cdcc      0x120 ../sw_design_bsp//libhal_bsp.a(alt_close.o)
                0x000000000000ce1c                close
 .text          0x000000000000ceec       0x2c ../sw_design_bsp//libhal_bsp.a(alt_dev.o)
 .text          0x000000000000cf18       0xa4 ../sw_design_bsp//libhal_bsp.a(alt_dma_rxchan_open.o)
                0x000000000000cf68                alt_dma_rxchan_open
 .text          0x000000000000cfbc       0xa4 ../sw_design_bsp//libhal_bsp.a(alt_dma_txchan_open.o)
                0x000000000000d00c                alt_dma_txchan_open
 .text          0x000000000000d060        0x0 ../sw_design_bsp//libhal_bsp.a(alt_errno.o)
 .text          0x000000000000d060       0x90 ../sw_design_bsp//libhal_bsp.a(alt_find_dev.o)
                0x000000000000d060                alt_find_dev
 .text          0x000000000000d0f0      0x100 ../sw_design_bsp//libhal_bsp.a(alt_fstat.o)
                0x000000000000d140                fstat
 .text          0x000000000000d1f0       0xf4 ../sw_design_bsp//libhal_bsp.a(alt_isatty.o)
                0x000000000000d240                isatty
 .text          0x000000000000d2e4       0xec ../sw_design_bsp//libhal_bsp.a(alt_load.o)
                0x000000000000d34c                alt_load
 .text          0x000000000000d3d0      0x124 ../sw_design_bsp//libhal_bsp.a(alt_lseek.o)
                0x000000000000d420                lseek
 .text          0x000000000000d4f4       0x7c ../sw_design_bsp//libhal_bsp.a(alt_main.o)
                0x000000000000d4f4                alt_main
 .text          0x000000000000d570       0x48 ../sw_design_bsp//libhal_bsp.a(alt_malloc_lock.o)
                0x000000000000d570                __malloc_lock
                0x000000000000d594                __malloc_unlock
 .text          0x000000000000d5b8      0x14c ../sw_design_bsp//libhal_bsp.a(alt_read.o)
                0x000000000000d608                read
 .text          0x000000000000d704       0x64 ../sw_design_bsp//libhal_bsp.a(alt_release_fd.o)
                0x000000000000d704                alt_release_fd
 .text          0x000000000000d768       0xb0 ../sw_design_bsp//libhal_bsp.a(alt_sbrk.o)
                0x000000000000d768                sbrk
 .text          0x000000000000d818       0x30 ../sw_design_bsp//libhal_bsp.a(alt_usleep.o)
                0x000000000000d818                usleep
 .text          0x000000000000d848      0x148 ../sw_design_bsp//libhal_bsp.a(alt_write.o)
                0x000000000000d898                write
 .text          0x000000000000d990      0x108 ../sw_design_bsp//libhal_bsp.a(alt_sys_init.o)
                0x000000000000d9c8                alt_irq_init
                0x000000000000da00                alt_sys_init
 .text          0x000000000000da98      0xbc8 ../sw_design_bsp//libhal_bsp.a(altera_avalon_dma.o)
                0x000000000000db08                alt_avalon_dma_launch_bidir
                0x000000000000e07c                alt_avalon_dma_tx_ioctl
                0x000000000000e0c4                alt_avalon_dma_rx_ioctl
                0x000000000000e10c                alt_avalon_dma_prepare
                0x000000000000e244                alt_avalon_dma_space
                0x000000000000e2b8                alt_avalon_dma_send
                0x000000000000e5b4                alt_avalon_dma_init
 .text          0x000000000000e660      0x164 ../sw_design_bsp//libhal_bsp.a(altera_avalon_jtag_uart_fd.o)
                0x000000000000e660                altera_avalon_jtag_uart_read_fd
                0x000000000000e6c0                altera_avalon_jtag_uart_write_fd
                0x000000000000e720                altera_avalon_jtag_uart_close_fd
                0x000000000000e770                altera_avalon_jtag_uart_ioctl_fd
 .text          0x000000000000e7c4      0x3dc ../sw_design_bsp//libhal_bsp.a(altera_avalon_jtag_uart_init.o)
                0x000000000000e7c4                altera_avalon_jtag_uart_init
                0x000000000000eb38                altera_avalon_jtag_uart_close
 .text          0x000000000000eba0       0xf0 ../sw_design_bsp//libhal_bsp.a(altera_avalon_jtag_uart_ioctl.o)
                0x000000000000eba0                altera_avalon_jtag_uart_ioctl
 .text          0x000000000000ec90      0x21c ../sw_design_bsp//libhal_bsp.a(altera_avalon_jtag_uart_read.o)
                0x000000000000ec90                altera_avalon_jtag_uart_read
 .text          0x000000000000eeac      0x224 ../sw_design_bsp//libhal_bsp.a(altera_avalon_jtag_uart_write.o)
                0x000000000000eeac                altera_avalon_jtag_uart_write
 .text          0x000000000000f0d0      0x100 ../sw_design_bsp//libhal_bsp.a(altera_avalon_timer_sc.o)
                0x000000000000f14c                alt_avalon_timer_sc_init
 .text          0x000000000000f1d0      0x394 ../sw_design_bsp//libhal_bsp.a(altera_up_avalon_rs232.o)
                0x000000000000f1d0                alt_up_rs232_enable_read_interrupt
                0x000000000000f22c                alt_up_rs232_disable_read_interrupt
                0x000000000000f28c                alt_up_rs232_get_used_space_in_read_FIFO
                0x000000000000f2cc                alt_up_rs232_get_available_space_in_write_FIFO
                0x000000000000f308                alt_up_rs232_check_parity
                0x000000000000f34c                alt_up_rs232_write_data
                0x000000000000f38c                alt_up_rs232_read_data
                0x000000000000f400                alt_up_rs232_read_fd
                0x000000000000f490                alt_up_rs232_write_fd
                0x000000000000f524                alt_up_rs232_open_dev
 .text          0x000000000000f564      0x140 ../sw_design_bsp//libhal_bsp.a(alt_alarm_start.o)
                0x000000000000f564                alt_alarm_start
 .text          0x000000000000f6a4      0x158 ../sw_design_bsp//libhal_bsp.a(alt_busy_sleep.o)
                0x000000000000f6a4                alt_busy_sleep
 .text          0x000000000000f7fc       0x48 ../sw_design_bsp//libhal_bsp.a(alt_dcache_flush_all.o)
                0x000000000000f7fc                alt_dcache_flush_all
 .text          0x000000000000f844       0xf4 ../sw_design_bsp//libhal_bsp.a(alt_dev_llist_insert.o)
                0x000000000000f894                alt_dev_llist_insert
 .text          0x000000000000f938       0x60 ../sw_design_bsp//libhal_bsp.a(alt_do_ctors.o)
                0x000000000000f938                _do_ctors
 .text          0x000000000000f998       0x60 ../sw_design_bsp//libhal_bsp.a(alt_do_dtors.o)
                0x000000000000f998                _do_dtors
 .text          0x000000000000f9f8       0x34 ../sw_design_bsp//libhal_bsp.a(alt_icache_flush_all.o)
                0x000000000000f9f8                alt_icache_flush_all
 .text          0x000000000000fa2c      0x140 ../sw_design_bsp//libhal_bsp.a(alt_io_redirect.o)
                0x000000000000faf0                alt_io_redirect
 .text          0x000000000000fb6c      0x1b0 ../sw_design_bsp//libhal_bsp.a(alt_irq_register.o)
                0x000000000000fb6c                alt_irq_register
 .text          0x000000000000fd1c        0x0 ../sw_design_bsp//libhal_bsp.a(alt_irq_vars.o)
 .text          0x000000000000fd1c      0x274 ../sw_design_bsp//libhal_bsp.a(alt_open.o)
                0x000000000000fe38                open
 .text          0x000000000000ff90      0x1a4 ../sw_design_bsp//libhal_bsp.a(alt_tick.o)
                0x000000000000ff90                alt_alarm_stop
                0x000000000001002c                alt_tick
 .text          0x0000000000010134       0x24 ../sw_design_bsp//libhal_bsp.a(altera_nios2_gen2_irq.o)
                0x0000000000010134                altera_nios2_gen2_irq_init
 .text          0x0000000000010158      0x114 ../sw_design_bsp//libhal_bsp.a(alt_find_file.o)
                0x0000000000010158                alt_find_file
 .text          0x000000000001026c       0xb4 ../sw_design_bsp//libhal_bsp.a(alt_get_fd.o)
                0x000000000001026c                alt_get_fd
 .text          0x0000000000010320       0x90 ../sw_design_bsp//libhal_bsp.a(alt_icache_flush.o)
                0x0000000000010320                alt_icache_flush
 .text          0x00000000000103b0        0x0 ../sw_design_bsp//libhal_bsp.a(alt_irq_entry.o)
 .text          0x00000000000103b0        0x0 ../sw_design_bsp//libhal_bsp.a(alt_irq_handler.o)
 .text          0x00000000000103b0        0x0 ../sw_design_bsp//libhal_bsp.a(alt_exception_entry.o)
 .text          0x00000000000103b0       0x9c ../sw_design_bsp//libhal_bsp.a(alt_instruction_exception_entry.o)
                0x00000000000103b0                alt_exception_cause_generated_bad_addr
 .text          0x000000000001044c        0x0 /home/chris/altera/16.0/nios2eds/bin/gnu/H-x86_64-pc-linux-gnu/bin/../lib/gcc/nios2-elf/5.2.0/../../../../../H-x86_64-pc-linux-gnu/nios2-elf/lib/libc.a(lib_a-atexit.o)
 .text.atexit   0x000000000001044c       0x14 /home/chris/altera/16.0/nios2eds/bin/gnu/H-x86_64-pc-linux-gnu/bin/../lib/gcc/nios2-elf/5.2.0/../../../../../H-x86_64-pc-linux-gnu/nios2-elf/lib/libc.a(lib_a-atexit.o)
                0x000000000001044c                atexit
 .text          0x0000000000010460        0x0 /home/chris/altera/16.0/nios2eds/bin/gnu/H-x86_64-pc-linux-gnu/bin/../lib/gcc/nios2-elf/5.2.0/../../../../../H-x86_64-pc-linux-gnu/nios2-elf/lib/libc.a(lib_a-exit.o)
 .text.exit     0x0000000000010460       0x38 /home/chris/altera/16.0/nios2eds/bin/gnu/H-x86_64-pc-linux-gnu/bin/../lib/gcc/nios2-elf/5.2.0/../../../../../H-x86_64-pc-linux-gnu/nios2-elf/lib/libc.a(lib_a-exit.o)
                0x0000000000010460                exit
 .text          0x0000000000010498        0x0 /home/chris/altera/16.0/nios2eds/bin/gnu/H-x86_64-pc-linux-gnu/bin/../lib/gcc/nios2-elf/5.2.0/../../../../../H-x86_64-pc-linux-gnu/nios2-elf/lib/libc.a(lib_a-memcmp.o)
 .text.memcmp   0x0000000000010498       0x7c /home/chris/altera/16.0/nios2eds/bin/gnu/H-x86_64-pc-linux-gnu/bin/../lib/gcc/nios2-elf/5.2.0/../../../../../H-x86_64-pc-linux-gnu/nios2-elf/lib/libc.a(lib_a-memcmp.o)
                0x0000000000010498                memcmp
 .text          0x0000000000010514        0x0 /home/chris/altera/16.0/nios2eds/bin/gnu/H-x86_64-pc-linux-gnu/bin/../lib/gcc/nios2-elf/5.2.0/../../../../../H-x86_64-pc-linux-gnu/nios2-elf/lib/libc.a(lib_a-__atexit.o)
 .text.__register_exitproc
                0x0000000000010514      0x118 /home/chris/altera/16.0/nios2eds/bin/gnu/H-x86_64-pc-linux-gnu/bin/../lib/gcc/nios2-elf/5.2.0/../../../../../H-x86_64-pc-linux-gnu/nios2-elf/lib/libc.a(lib_a-__atexit.o)
                0x0000000000010514                __register_exitproc
 .text          0x000000000001062c        0x0 /home/chris/altera/16.0/nios2eds/bin/gnu/H-x86_64-pc-linux-gnu/bin/../lib/gcc/nios2-elf/5.2.0/../../../../../H-x86_64-pc-linux-gnu/nios2-elf/lib/libc.a(lib_a-__call_atexit.o)
 .text.__call_exitprocs
                0x000000000001062c      0x180 /home/chris/altera/16.0/nios2eds/bin/gnu/H-x86_64-pc-linux-gnu/bin/../lib/gcc/nios2-elf/5.2.0/../../../../../H-x86_64-pc-linux-gnu/nios2-elf/lib/libc.a(lib_a-__call_atexit.o)
                0x000000000001062c                __call_exitprocs
 .text          0x00000000000107ac       0x34 ../sw_design_bsp//libhal_bsp.a(alt_exit.o)
                0x00000000000107ac                _exit
 *(.gnu.warning.*)
 *(.fini)
                [!provide]                        PROVIDE (__etext, ABSOLUTE (.))
                [!provide]                        PROVIDE (_etext, ABSOLUTE (.))
                [!provide]                        PROVIDE (etext, ABSOLUTE (.))
 *(.eh_frame_hdr)
                0x00000000000107e0                . = ALIGN (0x4)
                [!provide]                        PROVIDE (__preinit_array_start, ABSOLUTE (.))
 *(.preinit_array)
                [!provide]                        PROVIDE (__preinit_array_end, ABSOLUTE (.))
                [!provide]                        PROVIDE (__init_array_start, ABSOLUTE (.))
 *(.init_array)
                [!provide]                        PROVIDE (__init_array_end, ABSOLUTE (.))
                [!provide]                        PROVIDE (__fini_array_start, ABSOLUTE (.))
 *(.fini_array)
                [!provide]                        PROVIDE (__fini_array_end, ABSOLUTE (.))
 *(.eh_frame)
 *(.gcc_except_table .gcc_except_table.*)
 *(.dynamic)
                0x00000000000107e0                PROVIDE (__CTOR_LIST__, ABSOLUTE (.))
 *(.ctors)
 *(SORT(.ctors.*))
                0x00000000000107e0                PROVIDE (__CTOR_END__, ABSOLUTE (.))
                0x00000000000107e0                PROVIDE (__DTOR_LIST__, ABSOLUTE (.))
 *(.dtors)
 *(SORT(.dtors.*))
                0x00000000000107e0                PROVIDE (__DTOR_END__, ABSOLUTE (.))
 *(.jcr)
                0x00000000000107e0                . = ALIGN (0x4)

.rodata         0x00000000000107e0      0x3f8
                0x00000000000107e0                PROVIDE (__ram_rodata_start, ABSOLUTE (.))
                0x00000000000107e0                . = ALIGN (0x4)
 *(.rodata .rodata.* .gnu.linkonce.r.*)
 .rodata        0x00000000000107e0       0xe3 obj/default/hello_world.o
 *fill*         0x00000000000108c3        0x1 
 .rodata.str1.4
                0x00000000000108c4        0x2 /home/chris/altera/16.0/nios2eds/bin/gnu/H-x86_64-pc-linux-gnu/bin/../lib/gcc/nios2-elf/5.2.0/../../../../../H-x86_64-pc-linux-gnu/nios2-elf/lib/libc.a(lib_a-puts.o)
 *fill*         0x00000000000108c6        0x2 
 .rodata.str1.4
                0x00000000000108c8       0x42 /home/chris/altera/16.0/nios2eds/bin/gnu/H-x86_64-pc-linux-gnu/bin/../lib/gcc/nios2-elf/5.2.0/../../../../../H-x86_64-pc-linux-gnu/nios2-elf/lib/libc.a(lib_a-vfprintf.o)
 .rodata.zeroes.4404
                0x000000000001090a       0x10 /home/chris/altera/16.0/nios2eds/bin/gnu/H-x86_64-pc-linux-gnu/bin/../lib/gcc/nios2-elf/5.2.0/../../../../../H-x86_64-pc-linux-gnu/nios2-elf/lib/libc.a(lib_a-vfprintf.o)
 .rodata.blanks.4403
                0x000000000001091a       0x10 /home/chris/altera/16.0/nios2eds/bin/gnu/H-x86_64-pc-linux-gnu/bin/../lib/gcc/nios2-elf/5.2.0/../../../../../H-x86_64-pc-linux-gnu/nios2-elf/lib/libc.a(lib_a-vfprintf.o)
 *fill*         0x000000000001092a        0x2 
 .rodata.str1.4
                0x000000000001092c       0x10 /home/chris/altera/16.0/nios2eds/bin/gnu/H-x86_64-pc-linux-gnu/bin/../lib/gcc/nios2-elf/5.2.0/../../../../../H-x86_64-pc-linux-gnu/nios2-elf/lib/libc.a(lib_a-dtoa.o)
                                         0x12 (size before relaxing)
 .rodata.str1.4
                0x000000000001093c        0x2 /home/chris/altera/16.0/nios2eds/bin/gnu/H-x86_64-pc-linux-gnu/bin/../lib/gcc/nios2-elf/5.2.0/../../../../../H-x86_64-pc-linux-gnu/nios2-elf/lib/libc.a(lib_a-impure.o)
 *fill*         0x000000000001093e        0x2 
 .rodata.str1.4
                0x0000000000010940        0xc /home/chris/altera/16.0/nios2eds/bin/gnu/H-x86_64-pc-linux-gnu/bin/../lib/gcc/nios2-elf/5.2.0/../../../../../H-x86_64-pc-linux-gnu/nios2-elf/lib/libc.a(lib_a-locale.o)
                                         0x12 (size before relaxing)
 .rodata.p05.2768
                0x000000000001094c        0xc /home/chris/altera/16.0/nios2eds/bin/gnu/H-x86_64-pc-linux-gnu/bin/../lib/gcc/nios2-elf/5.2.0/../../../../../H-x86_64-pc-linux-gnu/nios2-elf/lib/libc.a(lib_a-mprec.o)
 .rodata.__mprec_tinytens
                0x0000000000010958       0x28 /home/chris/altera/16.0/nios2eds/bin/gnu/H-x86_64-pc-linux-gnu/bin/../lib/gcc/nios2-elf/5.2.0/../../../../../H-x86_64-pc-linux-gnu/nios2-elf/lib/libc.a(lib_a-mprec.o)
                0x0000000000010958                __mprec_tinytens
 .rodata.__mprec_bigtens
                0x0000000000010980       0x28 /home/chris/altera/16.0/nios2eds/bin/gnu/H-x86_64-pc-linux-gnu/bin/../lib/gcc/nios2-elf/5.2.0/../../../../../H-x86_64-pc-linux-gnu/nios2-elf/lib/libc.a(lib_a-mprec.o)
                0x0000000000010980                __mprec_bigtens
 .rodata.__mprec_tens
                0x00000000000109a8       0xc8 /home/chris/altera/16.0/nios2eds/bin/gnu/H-x86_64-pc-linux-gnu/bin/../lib/gcc/nios2-elf/5.2.0/../../../../../H-x86_64-pc-linux-gnu/nios2-elf/lib/libc.a(lib_a-mprec.o)
                0x00000000000109a8                __mprec_tens
 .rodata.str1.4
                0x0000000000010a70       0x2f /home/chris/altera/16.0/nios2eds/bin/gnu/H-x86_64-pc-linux-gnu/bin/../lib/gcc/nios2-elf/5.2.0/../../../../../H-x86_64-pc-linux-gnu/nios2-elf/lib/libc.a(lib_a-vfiprintf.o)
 .rodata.zeroes.4349
                0x0000000000010a70       0x10 /home/chris/altera/16.0/nios2eds/bin/gnu/H-x86_64-pc-linux-gnu/bin/../lib/gcc/nios2-elf/5.2.0/../../../../../H-x86_64-pc-linux-gnu/nios2-elf/lib/libc.a(lib_a-vfiprintf.o)
 .rodata.blanks.4348
                0x0000000000010a80       0x10 /home/chris/altera/16.0/nios2eds/bin/gnu/H-x86_64-pc-linux-gnu/bin/../lib/gcc/nios2-elf/5.2.0/../../../../../H-x86_64-pc-linux-gnu/nios2-elf/lib/libc.a(lib_a-vfiprintf.o)
 .rodata        0x0000000000010a90      0x100 /home/chris/altera/16.0/nios2eds/bin/gnu/H-x86_64-pc-linux-gnu/bin/../lib/gcc/nios2-elf/5.2.0/libgcc.a(_clz.o)
                0x0000000000010a90                __clz_tab
 .rodata        0x0000000000010b90        0xa ../sw_design_bsp//libhal_bsp.a(alt_dev.o)
 *fill*         0x0000000000010b9a        0x2 
 .rodata        0x0000000000010b9c        0xa ../sw_design_bsp//libhal_bsp.a(alt_main.o)
 *fill*         0x0000000000010ba6        0x2 
 .rodata        0x0000000000010ba8       0x2e ../sw_design_bsp//libhal_bsp.a(alt_sys_init.o)
 *(.rodata1)
                0x0000000000010bd8                . = ALIGN (0x4)
 *fill*         0x0000000000010bd6        0x2 
                0x0000000000010bd8                PROVIDE (__ram_rodata_end, ABSOLUTE (.))
                0x00000000000107e0                PROVIDE (__flash_rodata_start, LOADADDR (.rodata))

.rwdata         0x0000000000010bd8     0x1c04 load address 0x00000000000127dc
                0x0000000000010bd8                PROVIDE (__ram_rwdata_start, ABSOLUTE (.))
                0x0000000000010bd8                . = ALIGN (0x4)
 *(.got.plt)
 *(.got)
 *(.data1)
 *(.data .data.* .gnu.linkonce.d.*)
 .data          0x0000000000010bd8        0x0 ../sw_design_bsp//obj/HAL/src/crt0.o
 .data          0x0000000000010bd8        0x0 obj/default/hello_world.o
 .data          0x0000000000010bd8        0x0 /home/chris/altera/16.0/nios2eds/bin/gnu/H-x86_64-pc-linux-gnu/bin/../lib/gcc/nios2-elf/5.2.0/libgcc.a(lib2-divmod.o)
 .data          0x0000000000010bd8        0x0 /home/chris/altera/16.0/nios2eds/bin/gnu/H-x86_64-pc-linux-gnu/bin/../lib/gcc/nios2-elf/5.2.0/../../../../../H-x86_64-pc-linux-gnu/nios2-elf/lib/libc.a(lib_a-printf.o)
 .data          0x0000000000010bd8        0x0 /home/chris/altera/16.0/nios2eds/bin/gnu/H-x86_64-pc-linux-gnu/bin/../lib/gcc/nios2-elf/5.2.0/../../../../../H-x86_64-pc-linux-gnu/nios2-elf/lib/libc.a(lib_a-puts.o)
 .data          0x0000000000010bd8        0x0 /home/chris/altera/16.0/nios2eds/bin/gnu/H-x86_64-pc-linux-gnu/bin/../lib/gcc/nios2-elf/5.2.0/../../../../../H-x86_64-pc-linux-gnu/nios2-elf/lib/libc.a(lib_a-strlen.o)
 .data          0x0000000000010bd8        0x0 /home/chris/altera/16.0/nios2eds/bin/gnu/H-x86_64-pc-linux-gnu/bin/../lib/gcc/nios2-elf/5.2.0/../../../../../H-x86_64-pc-linux-gnu/nios2-elf/lib/libc.a(lib_a-vfprintf.o)
 .data          0x0000000000010bd8        0x0 /home/chris/altera/16.0/nios2eds/bin/gnu/H-x86_64-pc-linux-gnu/bin/../lib/gcc/nios2-elf/5.2.0/../../../../../H-x86_64-pc-linux-gnu/nios2-elf/lib/libc.a(lib_a-wsetup.o)
 .data          0x0000000000010bd8        0x0 /home/chris/altera/16.0/nios2eds/bin/gnu/H-x86_64-pc-linux-gnu/bin/../lib/gcc/nios2-elf/5.2.0/../../../../../H-x86_64-pc-linux-gnu/nios2-elf/lib/libc.a(lib_a-dtoa.o)
 .data          0x0000000000010bd8        0x0 /home/chris/altera/16.0/nios2eds/bin/gnu/H-x86_64-pc-linux-gnu/bin/../lib/gcc/nios2-elf/5.2.0/../../../../../H-x86_64-pc-linux-gnu/nios2-elf/lib/libc.a(lib_a-fflush.o)
 .data          0x0000000000010bd8        0x0 /home/chris/altera/16.0/nios2eds/bin/gnu/H-x86_64-pc-linux-gnu/bin/../lib/gcc/nios2-elf/5.2.0/../../../../../H-x86_64-pc-linux-gnu/nios2-elf/lib/libc.a(lib_a-findfp.o)
 .data          0x0000000000010bd8        0x0 /home/chris/altera/16.0/nios2eds/bin/gnu/H-x86_64-pc-linux-gnu/bin/../lib/gcc/nios2-elf/5.2.0/../../../../../H-x86_64-pc-linux-gnu/nios2-elf/lib/libc.a(lib_a-freer.o)
 .data          0x0000000000010bd8        0x0 /home/chris/altera/16.0/nios2eds/bin/gnu/H-x86_64-pc-linux-gnu/bin/../lib/gcc/nios2-elf/5.2.0/../../../../../H-x86_64-pc-linux-gnu/nios2-elf/lib/libc.a(lib_a-fvwrite.o)
 .data          0x0000000000010bd8        0x0 /home/chris/altera/16.0/nios2eds/bin/gnu/H-x86_64-pc-linux-gnu/bin/../lib/gcc/nios2-elf/5.2.0/../../../../../H-x86_64-pc-linux-gnu/nios2-elf/lib/libc.a(lib_a-fwalk.o)
 .data          0x0000000000010bd8        0x0 /home/chris/altera/16.0/nios2eds/bin/gnu/H-x86_64-pc-linux-gnu/bin/../lib/gcc/nios2-elf/5.2.0/../../../../../H-x86_64-pc-linux-gnu/nios2-elf/lib/libc.a(lib_a-impure.o)
 .data.impure_data
                0x0000000000010bd8      0x424 /home/chris/altera/16.0/nios2eds/bin/gnu/H-x86_64-pc-linux-gnu/bin/../lib/gcc/nios2-elf/5.2.0/../../../../../H-x86_64-pc-linux-gnu/nios2-elf/lib/libc.a(lib_a-impure.o)
 .data          0x0000000000010ffc        0x0 /home/chris/altera/16.0/nios2eds/bin/gnu/H-x86_64-pc-linux-gnu/bin/../lib/gcc/nios2-elf/5.2.0/../../../../../H-x86_64-pc-linux-gnu/nios2-elf/lib/libc.a(lib_a-locale.o)
 .data.lc_message_charset
                0x0000000000010ffc       0x20 /home/chris/altera/16.0/nios2eds/bin/gnu/H-x86_64-pc-linux-gnu/bin/../lib/gcc/nios2-elf/5.2.0/../../../../../H-x86_64-pc-linux-gnu/nios2-elf/lib/libc.a(lib_a-locale.o)
 .data.lc_ctype_charset
                0x000000000001101c       0x20 /home/chris/altera/16.0/nios2eds/bin/gnu/H-x86_64-pc-linux-gnu/bin/../lib/gcc/nios2-elf/5.2.0/../../../../../H-x86_64-pc-linux-gnu/nios2-elf/lib/libc.a(lib_a-locale.o)
 .data.lconv    0x000000000001103c       0x38 /home/chris/altera/16.0/nios2eds/bin/gnu/H-x86_64-pc-linux-gnu/bin/../lib/gcc/nios2-elf/5.2.0/../../../../../H-x86_64-pc-linux-gnu/nios2-elf/lib/libc.a(lib_a-locale.o)
 .data          0x0000000000011074        0x0 /home/chris/altera/16.0/nios2eds/bin/gnu/H-x86_64-pc-linux-gnu/bin/../lib/gcc/nios2-elf/5.2.0/../../../../../H-x86_64-pc-linux-gnu/nios2-elf/lib/libc.a(lib_a-makebuf.o)
 .data          0x0000000000011074        0x0 /home/chris/altera/16.0/nios2eds/bin/gnu/H-x86_64-pc-linux-gnu/bin/../lib/gcc/nios2-elf/5.2.0/../../../../../H-x86_64-pc-linux-gnu/nios2-elf/lib/libc.a(lib_a-mallocr.o)
 .data.__malloc_av_
                0x0000000000011074      0x408 /home/chris/altera/16.0/nios2eds/bin/gnu/H-x86_64-pc-linux-gnu/bin/../lib/gcc/nios2-elf/5.2.0/../../../../../H-x86_64-pc-linux-gnu/nios2-elf/lib/libc.a(lib_a-mallocr.o)
                0x0000000000011074                __malloc_av_
 .data          0x000000000001147c        0x0 /home/chris/altera/16.0/nios2eds/bin/gnu/H-x86_64-pc-linux-gnu/bin/../lib/gcc/nios2-elf/5.2.0/../../../../../H-x86_64-pc-linux-gnu/nios2-elf/lib/libc.a(lib_a-memchr.o)
 .data          0x000000000001147c        0x0 /home/chris/altera/16.0/nios2eds/bin/gnu/H-x86_64-pc-linux-gnu/bin/../lib/gcc/nios2-elf/5.2.0/../../../../../H-x86_64-pc-linux-gnu/nios2-elf/lib/libc.a(lib_a-memcpy.o)
 .data          0x000000000001147c        0x0 /home/chris/altera/16.0/nios2eds/bin/gnu/H-x86_64-pc-linux-gnu/bin/../lib/gcc/nios2-elf/5.2.0/../../../../../H-x86_64-pc-linux-gnu/nios2-elf/lib/libc.a(lib_a-memmove.o)
 .data          0x000000000001147c        0x0 /home/chris/altera/16.0/nios2eds/bin/gnu/H-x86_64-pc-linux-gnu/bin/../lib/gcc/nios2-elf/5.2.0/../../../../../H-x86_64-pc-linux-gnu/nios2-elf/lib/libc.a(lib_a-memset.o)
 .data          0x000000000001147c        0x0 /home/chris/altera/16.0/nios2eds/bin/gnu/H-x86_64-pc-linux-gnu/bin/../lib/gcc/nios2-elf/5.2.0/../../../../../H-x86_64-pc-linux-gnu/nios2-elf/lib/libc.a(lib_a-mprec.o)
 .data          0x000000000001147c        0x0 /home/chris/altera/16.0/nios2eds/bin/gnu/H-x86_64-pc-linux-gnu/bin/../lib/gcc/nios2-elf/5.2.0/../../../../../H-x86_64-pc-linux-gnu/nios2-elf/lib/libc.a(lib_a-reallocr.o)
 .data          0x000000000001147c        0x0 /home/chris/altera/16.0/nios2eds/bin/gnu/H-x86_64-pc-linux-gnu/bin/../lib/gcc/nios2-elf/5.2.0/../../../../../H-x86_64-pc-linux-gnu/nios2-elf/lib/libc.a(lib_a-s_fpclassify.o)
 .data          0x000000000001147c        0x0 /home/chris/altera/16.0/nios2eds/bin/gnu/H-x86_64-pc-linux-gnu/bin/../lib/gcc/nios2-elf/5.2.0/../../../../../H-x86_64-pc-linux-gnu/nios2-elf/lib/libc.a(lib_a-sbrkr.o)
 .data          0x000000000001147c        0x0 /home/chris/altera/16.0/nios2eds/bin/gnu/H-x86_64-pc-linux-gnu/bin/../lib/gcc/nios2-elf/5.2.0/../../../../../H-x86_64-pc-linux-gnu/nios2-elf/lib/libc.a(lib_a-stdio.o)
 .data          0x000000000001147c        0x0 /home/chris/altera/16.0/nios2eds/bin/gnu/H-x86_64-pc-linux-gnu/bin/../lib/gcc/nios2-elf/5.2.0/../../../../../H-x86_64-pc-linux-gnu/nios2-elf/lib/libc.a(lib_a-strcmp.o)
 .data          0x000000000001147c        0x0 /home/chris/altera/16.0/nios2eds/bin/gnu/H-x86_64-pc-linux-gnu/bin/../lib/gcc/nios2-elf/5.2.0/../../../../../H-x86_64-pc-linux-gnu/nios2-elf/lib/libc.a(lib_a-vfiprintf.o)
 .data          0x000000000001147c        0x0 /home/chris/altera/16.0/nios2eds/bin/gnu/H-x86_64-pc-linux-gnu/bin/../lib/gcc/nios2-elf/5.2.0/../../../../../H-x86_64-pc-linux-gnu/nios2-elf/lib/libc.a(lib_a-writer.o)
 .data          0x000000000001147c        0x0 /home/chris/altera/16.0/nios2eds/bin/gnu/H-x86_64-pc-linux-gnu/bin/../lib/gcc/nios2-elf/5.2.0/../../../../../H-x86_64-pc-linux-gnu/nios2-elf/lib/libc.a(closer.o)
 .data          0x000000000001147c        0x0 /home/chris/altera/16.0/nios2eds/bin/gnu/H-x86_64-pc-linux-gnu/bin/../lib/gcc/nios2-elf/5.2.0/../../../../../H-x86_64-pc-linux-gnu/nios2-elf/lib/libc.a(lib_a-callocr.o)
 .data          0x000000000001147c        0x0 /home/chris/altera/16.0/nios2eds/bin/gnu/H-x86_64-pc-linux-gnu/bin/../lib/gcc/nios2-elf/5.2.0/../../../../../H-x86_64-pc-linux-gnu/nios2-elf/lib/libc.a(lib_a-fclose.o)
 .data          0x000000000001147c        0x0 /home/chris/altera/16.0/nios2eds/bin/gnu/H-x86_64-pc-linux-gnu/bin/../lib/gcc/nios2-elf/5.2.0/../../../../../H-x86_64-pc-linux-gnu/nios2-elf/lib/libc.a(lib_a-fputwc.o)
 .data          0x000000000001147c        0x0 /home/chris/altera/16.0/nios2eds/bin/gnu/H-x86_64-pc-linux-gnu/bin/../lib/gcc/nios2-elf/5.2.0/../../../../../H-x86_64-pc-linux-gnu/nios2-elf/lib/libc.a(lib_a-fstatr.o)
 .data          0x000000000001147c        0x0 /home/chris/altera/16.0/nios2eds/bin/gnu/H-x86_64-pc-linux-gnu/bin/../lib/gcc/nios2-elf/5.2.0/../../../../../H-x86_64-pc-linux-gnu/nios2-elf/lib/libc.a(lib_a-int_errno.o)
 .data          0x000000000001147c        0x0 /home/chris/altera/16.0/nios2eds/bin/gnu/H-x86_64-pc-linux-gnu/bin/../lib/gcc/nios2-elf/5.2.0/../../../../../H-x86_64-pc-linux-gnu/nios2-elf/lib/libc.a(lib_a-isattyr.o)
 .data          0x000000000001147c        0x0 /home/chris/altera/16.0/nios2eds/bin/gnu/H-x86_64-pc-linux-gnu/bin/../lib/gcc/nios2-elf/5.2.0/../../../../../H-x86_64-pc-linux-gnu/nios2-elf/lib/libc.a(lib_a-lseekr.o)
 .data          0x000000000001147c        0x0 /home/chris/altera/16.0/nios2eds/bin/gnu/H-x86_64-pc-linux-gnu/bin/../lib/gcc/nios2-elf/5.2.0/../../../../../H-x86_64-pc-linux-gnu/nios2-elf/lib/libc.a(lib_a-readr.o)
 .data          0x000000000001147c        0x0 /home/chris/altera/16.0/nios2eds/bin/gnu/H-x86_64-pc-linux-gnu/bin/../lib/gcc/nios2-elf/5.2.0/../../../../../H-x86_64-pc-linux-gnu/nios2-elf/lib/libc.a(lib_a-wbuf.o)
 .data          0x000000000001147c        0x0 /home/chris/altera/16.0/nios2eds/bin/gnu/H-x86_64-pc-linux-gnu/bin/../lib/gcc/nios2-elf/5.2.0/../../../../../H-x86_64-pc-linux-gnu/nios2-elf/lib/libc.a(lib_a-wcrtomb.o)
 .data          0x000000000001147c        0x0 /home/chris/altera/16.0/nios2eds/bin/gnu/H-x86_64-pc-linux-gnu/bin/../lib/gcc/nios2-elf/5.2.0/../../../../../H-x86_64-pc-linux-gnu/nios2-elf/lib/libc.a(lib_a-wctomb_r.o)
 .data          0x000000000001147c        0x0 /home/chris/altera/16.0/nios2eds/bin/gnu/H-x86_64-pc-linux-gnu/bin/../lib/gcc/nios2-elf/5.2.0/libgcc.a(_udivdi3.o)
 .data          0x000000000001147c        0x0 /home/chris/altera/16.0/nios2eds/bin/gnu/H-x86_64-pc-linux-gnu/bin/../lib/gcc/nios2-elf/5.2.0/libgcc.a(_umoddi3.o)
 .data          0x000000000001147c        0x0 /home/chris/altera/16.0/nios2eds/bin/gnu/H-x86_64-pc-linux-gnu/bin/../lib/gcc/nios2-elf/5.2.0/libgcc.a(adddf3.o)
 .data          0x000000000001147c        0x0 /home/chris/altera/16.0/nios2eds/bin/gnu/H-x86_64-pc-linux-gnu/bin/../lib/gcc/nios2-elf/5.2.0/libgcc.a(divdf3.o)
 .data          0x000000000001147c        0x0 /home/chris/altera/16.0/nios2eds/bin/gnu/H-x86_64-pc-linux-gnu/bin/../lib/gcc/nios2-elf/5.2.0/libgcc.a(eqdf2.o)
 .data          0x000000000001147c        0x0 /home/chris/altera/16.0/nios2eds/bin/gnu/H-x86_64-pc-linux-gnu/bin/../lib/gcc/nios2-elf/5.2.0/libgcc.a(gedf2.o)
 .data          0x000000000001147c        0x0 /home/chris/altera/16.0/nios2eds/bin/gnu/H-x86_64-pc-linux-gnu/bin/../lib/gcc/nios2-elf/5.2.0/libgcc.a(ledf2.o)
 .data          0x000000000001147c        0x0 /home/chris/altera/16.0/nios2eds/bin/gnu/H-x86_64-pc-linux-gnu/bin/../lib/gcc/nios2-elf/5.2.0/libgcc.a(muldf3.o)
 .data          0x000000000001147c        0x0 /home/chris/altera/16.0/nios2eds/bin/gnu/H-x86_64-pc-linux-gnu/bin/../lib/gcc/nios2-elf/5.2.0/libgcc.a(subdf3.o)
 .data          0x000000000001147c        0x0 /home/chris/altera/16.0/nios2eds/bin/gnu/H-x86_64-pc-linux-gnu/bin/../lib/gcc/nios2-elf/5.2.0/libgcc.a(fixdfsi.o)
 .data          0x000000000001147c        0x0 /home/chris/altera/16.0/nios2eds/bin/gnu/H-x86_64-pc-linux-gnu/bin/../lib/gcc/nios2-elf/5.2.0/libgcc.a(floatsidf.o)
 .data          0x000000000001147c        0x0 /home/chris/altera/16.0/nios2eds/bin/gnu/H-x86_64-pc-linux-gnu/bin/../lib/gcc/nios2-elf/5.2.0/libgcc.a(floatunsidf.o)
 .data          0x000000000001147c        0x0 /home/chris/altera/16.0/nios2eds/bin/gnu/H-x86_64-pc-linux-gnu/bin/../lib/gcc/nios2-elf/5.2.0/libgcc.a(_clz.o)
 .data          0x000000000001147c        0x0 /home/chris/altera/16.0/nios2eds/bin/gnu/H-x86_64-pc-linux-gnu/bin/../lib/gcc/nios2-elf/5.2.0/libgcc.a(_clzsi2.o)
 .data          0x000000000001147c        0x0 ../sw_design_bsp//libhal_bsp.a(alt_close.o)
 .data          0x000000000001147c      0x1a8 ../sw_design_bsp//libhal_bsp.a(alt_dev.o)
                0x000000000001147c                alt_dev_null
                0x00000000000114a4                alt_fd_list
 .data          0x0000000000011624        0x0 ../sw_design_bsp//libhal_bsp.a(alt_dma_rxchan_open.o)
 .data          0x0000000000011624        0x0 ../sw_design_bsp//libhal_bsp.a(alt_dma_txchan_open.o)
 .data          0x0000000000011624        0x0 ../sw_design_bsp//libhal_bsp.a(alt_errno.o)
 .data          0x0000000000011624        0x0 ../sw_design_bsp//libhal_bsp.a(alt_find_dev.o)
 .data          0x0000000000011624        0x0 ../sw_design_bsp//libhal_bsp.a(alt_fstat.o)
 .data          0x0000000000011624        0x0 ../sw_design_bsp//libhal_bsp.a(alt_isatty.o)
 .data          0x0000000000011624        0x0 ../sw_design_bsp//libhal_bsp.a(alt_load.o)
 .data          0x0000000000011624        0x0 ../sw_design_bsp//libhal_bsp.a(alt_lseek.o)
 .data          0x0000000000011624        0x0 ../sw_design_bsp//libhal_bsp.a(alt_main.o)
 .data          0x0000000000011624        0x0 ../sw_design_bsp//libhal_bsp.a(alt_malloc_lock.o)
 .data          0x0000000000011624        0x0 ../sw_design_bsp//libhal_bsp.a(alt_read.o)
 .data          0x0000000000011624        0x0 ../sw_design_bsp//libhal_bsp.a(alt_release_fd.o)
 .data          0x0000000000011624        0x0 ../sw_design_bsp//libhal_bsp.a(alt_sbrk.o)
 .data          0x0000000000011624        0x0 ../sw_design_bsp//libhal_bsp.a(alt_usleep.o)
 .data          0x0000000000011624        0x0 ../sw_design_bsp//libhal_bsp.a(alt_write.o)
 .data          0x0000000000011624     0x1168 ../sw_design_bsp//libhal_bsp.a(alt_sys_init.o)
 .data          0x000000000001278c        0x0 ../sw_design_bsp//libhal_bsp.a(altera_avalon_dma.o)
 .data          0x000000000001278c        0x0 ../sw_design_bsp//libhal_bsp.a(altera_avalon_jtag_uart_fd.o)
 .data          0x000000000001278c        0x0 ../sw_design_bsp//libhal_bsp.a(altera_avalon_jtag_uart_init.o)
 .data          0x000000000001278c        0x0 ../sw_design_bsp//libhal_bsp.a(altera_avalon_jtag_uart_ioctl.o)
 .data          0x000000000001278c        0x0 ../sw_design_bsp//libhal_bsp.a(altera_avalon_jtag_uart_read.o)
 .data          0x000000000001278c        0x0 ../sw_design_bsp//libhal_bsp.a(altera_avalon_jtag_uart_write.o)
 .data          0x000000000001278c        0x0 ../sw_design_bsp//libhal_bsp.a(altera_avalon_timer_sc.o)
 .data          0x000000000001278c        0x0 ../sw_design_bsp//libhal_bsp.a(altera_up_avalon_rs232.o)
 .data          0x000000000001278c        0x0 ../sw_design_bsp//libhal_bsp.a(alt_alarm_start.o)
 .data          0x000000000001278c        0x0 ../sw_design_bsp//libhal_bsp.a(alt_busy_sleep.o)
 .data          0x000000000001278c        0x0 ../sw_design_bsp//libhal_bsp.a(alt_dcache_flush_all.o)
 .data          0x000000000001278c        0x0 ../sw_design_bsp//libhal_bsp.a(alt_dev_llist_insert.o)
 .data          0x000000000001278c        0x0 ../sw_design_bsp//libhal_bsp.a(alt_do_ctors.o)
 .data          0x000000000001278c        0x0 ../sw_design_bsp//libhal_bsp.a(alt_do_dtors.o)
 .data          0x000000000001278c        0x0 ../sw_design_bsp//libhal_bsp.a(alt_icache_flush_all.o)
 .data          0x000000000001278c        0x0 ../sw_design_bsp//libhal_bsp.a(alt_io_redirect.o)
 .data          0x000000000001278c        0x0 ../sw_design_bsp//libhal_bsp.a(alt_irq_register.o)
 .data          0x000000000001278c        0x0 ../sw_design_bsp//libhal_bsp.a(alt_irq_vars.o)
 .data          0x000000000001278c        0x0 ../sw_design_bsp//libhal_bsp.a(alt_open.o)
 .data          0x000000000001278c        0x0 ../sw_design_bsp//libhal_bsp.a(alt_tick.o)
 .data          0x000000000001278c        0x0 ../sw_design_bsp//libhal_bsp.a(altera_nios2_gen2_irq.o)
 .data          0x000000000001278c        0x0 ../sw_design_bsp//libhal_bsp.a(alt_find_file.o)
 .data          0x000000000001278c        0x0 ../sw_design_bsp//libhal_bsp.a(alt_get_fd.o)
 .data          0x000000000001278c        0x0 ../sw_design_bsp//libhal_bsp.a(alt_icache_flush.o)
 .data          0x000000000001278c        0x0 ../sw_design_bsp//libhal_bsp.a(alt_irq_entry.o)
 .data          0x000000000001278c        0x0 ../sw_design_bsp//libhal_bsp.a(alt_irq_handler.o)
 .data          0x000000000001278c        0x0 ../sw_design_bsp//libhal_bsp.a(alt_exception_entry.o)
 .data          0x000000000001278c        0x0 ../sw_design_bsp//libhal_bsp.a(alt_instruction_exception_entry.o)
 .data          0x000000000001278c        0x0 /home/chris/altera/16.0/nios2eds/bin/gnu/H-x86_64-pc-linux-gnu/bin/../lib/gcc/nios2-elf/5.2.0/../../../../../H-x86_64-pc-linux-gnu/nios2-elf/lib/libc.a(lib_a-atexit.o)
 .data          0x000000000001278c        0x0 /home/chris/altera/16.0/nios2eds/bin/gnu/H-x86_64-pc-linux-gnu/bin/../lib/gcc/nios2-elf/5.2.0/../../../../../H-x86_64-pc-linux-gnu/nios2-elf/lib/libc.a(lib_a-exit.o)
 .data          0x000000000001278c        0x0 /home/chris/altera/16.0/nios2eds/bin/gnu/H-x86_64-pc-linux-gnu/bin/../lib/gcc/nios2-elf/5.2.0/../../../../../H-x86_64-pc-linux-gnu/nios2-elf/lib/libc.a(lib_a-memcmp.o)
 .data          0x000000000001278c        0x0 /home/chris/altera/16.0/nios2eds/bin/gnu/H-x86_64-pc-linux-gnu/bin/../lib/gcc/nios2-elf/5.2.0/../../../../../H-x86_64-pc-linux-gnu/nios2-elf/lib/libc.a(lib_a-__atexit.o)
 .data          0x000000000001278c        0x0 /home/chris/altera/16.0/nios2eds/bin/gnu/H-x86_64-pc-linux-gnu/bin/../lib/gcc/nios2-elf/5.2.0/../../../../../H-x86_64-pc-linux-gnu/nios2-elf/lib/libc.a(lib_a-__call_atexit.o)
 .data          0x000000000001278c        0x0 ../sw_design_bsp//libhal_bsp.a(alt_exit.o)
                0x000000000001a78c                _gp = ABSOLUTE ((. + 0x8000))
                [!provide]                        PROVIDE (gp, _gp)
 *(.rwdata .rwdata.*)
 *(.sdata .sdata.* .gnu.linkonce.s.*)
 .sdata._global_impure_ptr
                0x000000000001278c        0x4 /home/chris/altera/16.0/nios2eds/bin/gnu/H-x86_64-pc-linux-gnu/bin/../lib/gcc/nios2-elf/5.2.0/../../../../../H-x86_64-pc-linux-gnu/nios2-elf/lib/libc.a(lib_a-impure.o)
                0x000000000001278c                _global_impure_ptr
 .sdata._impure_ptr
                0x0000000000012790        0x4 /home/chris/altera/16.0/nios2eds/bin/gnu/H-x86_64-pc-linux-gnu/bin/../lib/gcc/nios2-elf/5.2.0/../../../../../H-x86_64-pc-linux-gnu/nios2-elf/lib/libc.a(lib_a-impure.o)
                0x0000000000012790                _impure_ptr
 .sdata.__mb_cur_max
                0x0000000000012794        0x4 /home/chris/altera/16.0/nios2eds/bin/gnu/H-x86_64-pc-linux-gnu/bin/../lib/gcc/nios2-elf/5.2.0/../../../../../H-x86_64-pc-linux-gnu/nios2-elf/lib/libc.a(lib_a-locale.o)
                0x0000000000012794                __mb_cur_max
 .sdata.__malloc_sbrk_base
                0x0000000000012798        0x4 /home/chris/altera/16.0/nios2eds/bin/gnu/H-x86_64-pc-linux-gnu/bin/../lib/gcc/nios2-elf/5.2.0/../../../../../H-x86_64-pc-linux-gnu/nios2-elf/lib/libc.a(lib_a-mallocr.o)
                0x0000000000012798                __malloc_sbrk_base
 .sdata.__malloc_trim_threshold
                0x000000000001279c        0x4 /home/chris/altera/16.0/nios2eds/bin/gnu/H-x86_64-pc-linux-gnu/bin/../lib/gcc/nios2-elf/5.2.0/../../../../../H-x86_64-pc-linux-gnu/nios2-elf/lib/libc.a(lib_a-mallocr.o)
                0x000000000001279c                __malloc_trim_threshold
 .sdata.__wctomb
                0x00000000000127a0        0x4 /home/chris/altera/16.0/nios2eds/bin/gnu/H-x86_64-pc-linux-gnu/bin/../lib/gcc/nios2-elf/5.2.0/../../../../../H-x86_64-pc-linux-gnu/nios2-elf/lib/libc.a(lib_a-wctomb_r.o)
                0x00000000000127a0                __wctomb
 .sdata         0x00000000000127a4       0x14 ../sw_design_bsp//libhal_bsp.a(alt_dev.o)
                0x00000000000127a4                alt_fs_list
                0x00000000000127ac                alt_dev_list
                0x00000000000127b4                alt_max_fd
 .sdata         0x00000000000127b8        0x8 ../sw_design_bsp//libhal_bsp.a(alt_dma_rxchan_open.o)
                0x00000000000127b8                alt_dma_rxchan_list
 .sdata         0x00000000000127c0        0x8 ../sw_design_bsp//libhal_bsp.a(alt_dma_txchan_open.o)
                0x00000000000127c0                alt_dma_txchan_list
 .sdata         0x00000000000127c8        0x4 ../sw_design_bsp//libhal_bsp.a(alt_errno.o)
                0x00000000000127c8                alt_errno
 .sdata         0x00000000000127cc        0x4 ../sw_design_bsp//libhal_bsp.a(alt_sbrk.o)
 .sdata         0x00000000000127d0        0x4 ../sw_design_bsp//libhal_bsp.a(alt_irq_vars.o)
                0x00000000000127d0                alt_priority_mask
 .sdata         0x00000000000127d4        0x8 ../sw_design_bsp//libhal_bsp.a(alt_tick.o)
                0x00000000000127d4                alt_alarm_list
 *(.sdata2 .sdata2.* .gnu.linkonce.s2.*)
                0x00000000000127dc                . = ALIGN (0x4)
                0x00000000000127dc                _edata = ABSOLUTE (.)
                [!provide]                        PROVIDE (edata, ABSOLUTE (.))
                0x00000000000127dc                PROVIDE (__ram_rwdata_end, ABSOLUTE (.))
                0x00000000000127dc                PROVIDE (__flash_rwdata_start, LOADADDR (.rwdata))

.bss            0x00000000000143e0      0x160
                0x00000000000143e0                __bss_start = ABSOLUTE (.)
                [!provide]                        PROVIDE (__sbss_start, ABSOLUTE (.))
                [!provide]                        PROVIDE (___sbss_start, ABSOLUTE (.))
 *(.dynsbss)
 *(.sbss .sbss.* .gnu.linkonce.sb.*)
 .sbss._PathLocale
                0x00000000000143e0        0x4 /home/chris/altera/16.0/nios2eds/bin/gnu/H-x86_64-pc-linux-gnu/bin/../lib/gcc/nios2-elf/5.2.0/../../../../../H-x86_64-pc-linux-gnu/nios2-elf/lib/libc.a(lib_a-locale.o)
                0x00000000000143e0                _PathLocale
 .sbss.__mlocale_changed
                0x00000000000143e4        0x4 /home/chris/altera/16.0/nios2eds/bin/gnu/H-x86_64-pc-linux-gnu/bin/../lib/gcc/nios2-elf/5.2.0/../../../../../H-x86_64-pc-linux-gnu/nios2-elf/lib/libc.a(lib_a-locale.o)
                0x00000000000143e4                __mlocale_changed
 .sbss.__nlocale_changed
                0x00000000000143e8        0x4 /home/chris/altera/16.0/nios2eds/bin/gnu/H-x86_64-pc-linux-gnu/bin/../lib/gcc/nios2-elf/5.2.0/../../../../../H-x86_64-pc-linux-gnu/nios2-elf/lib/libc.a(lib_a-locale.o)
                0x00000000000143e8                __nlocale_changed
 .sbss.__malloc_max_total_mem
                0x00000000000143ec        0x4 /home/chris/altera/16.0/nios2eds/bin/gnu/H-x86_64-pc-linux-gnu/bin/../lib/gcc/nios2-elf/5.2.0/../../../../../H-x86_64-pc-linux-gnu/nios2-elf/lib/libc.a(lib_a-mallocr.o)
                0x00000000000143ec                __malloc_max_total_mem
 .sbss.__malloc_max_sbrked_mem
                0x00000000000143f0        0x4 /home/chris/altera/16.0/nios2eds/bin/gnu/H-x86_64-pc-linux-gnu/bin/../lib/gcc/nios2-elf/5.2.0/../../../../../H-x86_64-pc-linux-gnu/nios2-elf/lib/libc.a(lib_a-mallocr.o)
                0x00000000000143f0                __malloc_max_sbrked_mem
 .sbss.__malloc_top_pad
                0x00000000000143f4        0x4 /home/chris/altera/16.0/nios2eds/bin/gnu/H-x86_64-pc-linux-gnu/bin/../lib/gcc/nios2-elf/5.2.0/../../../../../H-x86_64-pc-linux-gnu/nios2-elf/lib/libc.a(lib_a-mallocr.o)
                0x00000000000143f4                __malloc_top_pad
 .sbss          0x00000000000143f8        0x4 /home/chris/altera/16.0/nios2eds/bin/gnu/H-x86_64-pc-linux-gnu/bin/../lib/gcc/nios2-elf/5.2.0/../../../../../H-x86_64-pc-linux-gnu/nios2-elf/lib/libc.a(lib_a-int_errno.o)
                0x00000000000143f8                errno
 .sbss          0x00000000000143fc        0xc ../sw_design_bsp//libhal_bsp.a(alt_main.o)
                0x00000000000143fc                alt_argc
                0x0000000000014400                alt_argv
                0x0000000000014404                alt_envp
 .sbss          0x0000000000014408        0x4 ../sw_design_bsp//libhal_bsp.a(alt_irq_vars.o)
                0x0000000000014408                alt_irq_active
 .sbss          0x000000000001440c        0x8 ../sw_design_bsp//libhal_bsp.a(alt_tick.o)
                0x000000000001440c                _alt_tick_rate
                0x0000000000014410                _alt_nticks
 .sbss          0x0000000000014414        0x4 ../sw_design_bsp//libhal_bsp.a(alt_instruction_exception_entry.o)
                0x0000000000014414                alt_instruction_exception_handler
 *(.sbss2 .sbss2.* .gnu.linkonce.sb2.*)
 *(.scommon)
                [!provide]                        PROVIDE (__sbss_end, ABSOLUTE (.))
                [!provide]                        PROVIDE (___sbss_end, ABSOLUTE (.))
 *(.dynbss)
 *(.bss .bss.* .gnu.linkonce.b.*)
 .bss           0x0000000000014418        0x0 ../sw_design_bsp//obj/HAL/src/crt0.o
 .bss           0x0000000000014418        0x0 obj/default/hello_world.o
 .bss           0x0000000000014418        0x0 /home/chris/altera/16.0/nios2eds/bin/gnu/H-x86_64-pc-linux-gnu/bin/../lib/gcc/nios2-elf/5.2.0/libgcc.a(lib2-divmod.o)
 .bss           0x0000000000014418        0x0 /home/chris/altera/16.0/nios2eds/bin/gnu/H-x86_64-pc-linux-gnu/bin/../lib/gcc/nios2-elf/5.2.0/../../../../../H-x86_64-pc-linux-gnu/nios2-elf/lib/libc.a(lib_a-printf.o)
 .bss           0x0000000000014418        0x0 /home/chris/altera/16.0/nios2eds/bin/gnu/H-x86_64-pc-linux-gnu/bin/../lib/gcc/nios2-elf/5.2.0/../../../../../H-x86_64-pc-linux-gnu/nios2-elf/lib/libc.a(lib_a-puts.o)
 .bss           0x0000000000014418        0x0 /home/chris/altera/16.0/nios2eds/bin/gnu/H-x86_64-pc-linux-gnu/bin/../lib/gcc/nios2-elf/5.2.0/../../../../../H-x86_64-pc-linux-gnu/nios2-elf/lib/libc.a(lib_a-strlen.o)
 .bss           0x0000000000014418        0x0 /home/chris/altera/16.0/nios2eds/bin/gnu/H-x86_64-pc-linux-gnu/bin/../lib/gcc/nios2-elf/5.2.0/../../../../../H-x86_64-pc-linux-gnu/nios2-elf/lib/libc.a(lib_a-vfprintf.o)
 .bss           0x0000000000014418        0x0 /home/chris/altera/16.0/nios2eds/bin/gnu/H-x86_64-pc-linux-gnu/bin/../lib/gcc/nios2-elf/5.2.0/../../../../../H-x86_64-pc-linux-gnu/nios2-elf/lib/libc.a(lib_a-wsetup.o)
 .bss           0x0000000000014418        0x0 /home/chris/altera/16.0/nios2eds/bin/gnu/H-x86_64-pc-linux-gnu/bin/../lib/gcc/nios2-elf/5.2.0/../../../../../H-x86_64-pc-linux-gnu/nios2-elf/lib/libc.a(lib_a-dtoa.o)
 .bss           0x0000000000014418        0x0 /home/chris/altera/16.0/nios2eds/bin/gnu/H-x86_64-pc-linux-gnu/bin/../lib/gcc/nios2-elf/5.2.0/../../../../../H-x86_64-pc-linux-gnu/nios2-elf/lib/libc.a(lib_a-fflush.o)
 .bss           0x0000000000014418        0x0 /home/chris/altera/16.0/nios2eds/bin/gnu/H-x86_64-pc-linux-gnu/bin/../lib/gcc/nios2-elf/5.2.0/../../../../../H-x86_64-pc-linux-gnu/nios2-elf/lib/libc.a(lib_a-findfp.o)
 .bss           0x0000000000014418        0x0 /home/chris/altera/16.0/nios2eds/bin/gnu/H-x86_64-pc-linux-gnu/bin/../lib/gcc/nios2-elf/5.2.0/../../../../../H-x86_64-pc-linux-gnu/nios2-elf/lib/libc.a(lib_a-freer.o)
 .bss           0x0000000000014418        0x0 /home/chris/altera/16.0/nios2eds/bin/gnu/H-x86_64-pc-linux-gnu/bin/../lib/gcc/nios2-elf/5.2.0/../../../../../H-x86_64-pc-linux-gnu/nios2-elf/lib/libc.a(lib_a-fvwrite.o)
 .bss           0x0000000000014418        0x0 /home/chris/altera/16.0/nios2eds/bin/gnu/H-x86_64-pc-linux-gnu/bin/../lib/gcc/nios2-elf/5.2.0/../../../../../H-x86_64-pc-linux-gnu/nios2-elf/lib/libc.a(lib_a-fwalk.o)
 .bss           0x0000000000014418        0x0 /home/chris/altera/16.0/nios2eds/bin/gnu/H-x86_64-pc-linux-gnu/bin/../lib/gcc/nios2-elf/5.2.0/../../../../../H-x86_64-pc-linux-gnu/nios2-elf/lib/libc.a(lib_a-impure.o)
 .bss           0x0000000000014418        0x0 /home/chris/altera/16.0/nios2eds/bin/gnu/H-x86_64-pc-linux-gnu/bin/../lib/gcc/nios2-elf/5.2.0/../../../../../H-x86_64-pc-linux-gnu/nios2-elf/lib/libc.a(lib_a-locale.o)
 .bss           0x0000000000014418        0x0 /home/chris/altera/16.0/nios2eds/bin/gnu/H-x86_64-pc-linux-gnu/bin/../lib/gcc/nios2-elf/5.2.0/../../../../../H-x86_64-pc-linux-gnu/nios2-elf/lib/libc.a(lib_a-makebuf.o)
 .bss           0x0000000000014418        0x0 /home/chris/altera/16.0/nios2eds/bin/gnu/H-x86_64-pc-linux-gnu/bin/../lib/gcc/nios2-elf/5.2.0/../../../../../H-x86_64-pc-linux-gnu/nios2-elf/lib/libc.a(lib_a-mallocr.o)
 .bss.__malloc_current_mallinfo
                0x0000000000014418       0x28 /home/chris/altera/16.0/nios2eds/bin/gnu/H-x86_64-pc-linux-gnu/bin/../lib/gcc/nios2-elf/5.2.0/../../../../../H-x86_64-pc-linux-gnu/nios2-elf/lib/libc.a(lib_a-mallocr.o)
                0x0000000000014418                __malloc_current_mallinfo
 .bss           0x0000000000014440        0x0 /home/chris/altera/16.0/nios2eds/bin/gnu/H-x86_64-pc-linux-gnu/bin/../lib/gcc/nios2-elf/5.2.0/../../../../../H-x86_64-pc-linux-gnu/nios2-elf/lib/libc.a(lib_a-memchr.o)
 .bss           0x0000000000014440        0x0 /home/chris/altera/16.0/nios2eds/bin/gnu/H-x86_64-pc-linux-gnu/bin/../lib/gcc/nios2-elf/5.2.0/../../../../../H-x86_64-pc-linux-gnu/nios2-elf/lib/libc.a(lib_a-memcpy.o)
 .bss           0x0000000000014440        0x0 /home/chris/altera/16.0/nios2eds/bin/gnu/H-x86_64-pc-linux-gnu/bin/../lib/gcc/nios2-elf/5.2.0/../../../../../H-x86_64-pc-linux-gnu/nios2-elf/lib/libc.a(lib_a-memmove.o)
 .bss           0x0000000000014440        0x0 /home/chris/altera/16.0/nios2eds/bin/gnu/H-x86_64-pc-linux-gnu/bin/../lib/gcc/nios2-elf/5.2.0/../../../../../H-x86_64-pc-linux-gnu/nios2-elf/lib/libc.a(lib_a-memset.o)
 .bss           0x0000000000014440        0x0 /home/chris/altera/16.0/nios2eds/bin/gnu/H-x86_64-pc-linux-gnu/bin/../lib/gcc/nios2-elf/5.2.0/../../../../../H-x86_64-pc-linux-gnu/nios2-elf/lib/libc.a(lib_a-mprec.o)
 .bss           0x0000000000014440        0x0 /home/chris/altera/16.0/nios2eds/bin/gnu/H-x86_64-pc-linux-gnu/bin/../lib/gcc/nios2-elf/5.2.0/../../../../../H-x86_64-pc-linux-gnu/nios2-elf/lib/libc.a(lib_a-reallocr.o)
 .bss           0x0000000000014440        0x0 /home/chris/altera/16.0/nios2eds/bin/gnu/H-x86_64-pc-linux-gnu/bin/../lib/gcc/nios2-elf/5.2.0/../../../../../H-x86_64-pc-linux-gnu/nios2-elf/lib/libc.a(lib_a-s_fpclassify.o)