------------------------------------------------------------
TimeQuest Timing Analyzer Summary
------------------------------------------------------------

Type  : Slow 1100mV 85C Model Setup 'system_pll_outclk0_clk'
Slack : 1.629
TNS   : 0.000

Type  : Slow 1100mV 85C Model Setup 'altera_reserved_tck'
Slack : 11.505
TNS   : 0.000

Type  : Slow 1100mV 85C Model Hold 'system_pll_outclk0_clk'
Slack : 0.259
TNS   : 0.000

Type  : Slow 1100mV 85C Model Hold 'altera_reserved_tck'
Slack : 0.423
TNS   : 0.000

Type  : Slow 1100mV 85C Model Recovery 'system_pll_outclk0_clk'
Slack : 4.207
TNS   : 0.000

Type  : Slow 1100mV 85C Model Recovery 'altera_reserved_tck'
Slack : 14.964
TNS   : 0.000

Type  : Slow 1100mV 85C Model Removal 'altera_reserved_tck'
Slack : 0.756
TNS   : 0.000

Type  : Slow 1100mV 85C Model Removal 'system_pll_outclk0_clk'
Slack : 0.773
TNS   : 0.000

Type  : Slow 1100mV 85C Model Minimum Pulse Width 'fraction_clock'
Slack : 1.000
TNS   : 0.000

Type  : Slow 1100mV 85C Model Minimum Pulse Width 'system_pll_outclk0_clk'
Slack : 3.596
TNS   : 0.000

Type  : Slow 1100mV 85C Model Minimum Pulse Width 'ref_clk'
Slack : 9.731
TNS   : 0.000

Type  : Slow 1100mV 85C Model Minimum Pulse Width 'altera_reserved_tck'
Slack : 15.478
TNS   : 0.000

Type  : Slow 1100mV 0C Model Setup 'system_pll_outclk0_clk'
Slack : 1.627
TNS   : 0.000

Type  : Slow 1100mV 0C Model Setup 'altera_reserved_tck'
Slack : 11.686
TNS   : 0.000

Type  : Slow 1100mV 0C Model Hold 'system_pll_outclk0_clk'
Slack : 0.247
TNS   : 0.000

Type  : Slow 1100mV 0C Model Hold 'altera_reserved_tck'
Slack : 0.416
TNS   : 0.000

Type  : Slow 1100mV 0C Model Recovery 'system_pll_outclk0_clk'
Slack : 4.420
TNS   : 0.000

Type  : Slow 1100mV 0C Model Recovery 'altera_reserved_tck'
Slack : 15.163
TNS   : 0.000

Type  : Slow 1100mV 0C Model Removal 'system_pll_outclk0_clk'
Slack : 0.684
TNS   : 0.000

Type  : Slow 1100mV 0C Model Removal 'altera_reserved_tck'
Slack : 0.730
TNS   : 0.000

Type  : Slow 1100mV 0C Model Minimum Pulse Width 'fraction_clock'
Slack : 1.000
TNS   : 0.000

Type  : Slow 1100mV 0C Model Minimum Pulse Width 'system_pll_outclk0_clk'
Slack : 3.556
TNS   : 0.000

Type  : Slow 1100mV 0C Model Minimum Pulse Width 'ref_clk'
Slack : 9.741
TNS   : 0.000

Type  : Slow 1100mV 0C Model Minimum Pulse Width 'altera_reserved_tck'
Slack : 15.473
TNS   : 0.000

Type  : Fast 1100mV 85C Model Setup 'system_pll_outclk0_clk'
Slack : 5.683
TNS   : 0.000

Type  : Fast 1100mV 85C Model Setup 'altera_reserved_tck'
Slack : 14.252
TNS   : 0.000

Type  : Fast 1100mV 85C Model Hold 'system_pll_outclk0_clk'
Slack : 0.140
TNS   : 0.000

Type  : Fast 1100mV 85C Model Hold 'altera_reserved_tck'
Slack : 0.144
TNS   : 0.000

Type  : Fast 1100mV 85C Model Recovery 'system_pll_outclk0_clk'
Slack : 6.564
TNS   : 0.000

Type  : Fast 1100mV 85C Model Recovery 'altera_reserved_tck'
Slack : 16.364
TNS   : 0.000

Type  : Fast 1100mV 85C Model Removal 'altera_reserved_tck'
Slack : 0.241
TNS   : 0.000

Type  : Fast 1100mV 85C Model Removal 'system_pll_outclk0_clk'
Slack : 0.359
TNS   : 0.000

Type  : Fast 1100mV 85C Model Minimum Pulse Width 'fraction_clock'
Slack : 1.000
TNS   : 0.000

Type  : Fast 1100mV 85C Model Minimum Pulse Width 'system_pll_outclk0_clk'
Slack : 3.889
TNS   : 0.000

Type  : Fast 1100mV 85C Model Minimum Pulse Width 'ref_clk'
Slack : 9.336
TNS   : 0.000

Type  : Fast 1100mV 85C Model Minimum Pulse Width 'altera_reserved_tck'
Slack : 15.429
TNS   : 0.000

Type  : Fast 1100mV 0C Model Setup 'system_pll_outclk0_clk'
Slack : 6.155
TNS   : 0.000

Type  : Fast 1100mV 0C Model Setup 'altera_reserved_tck'
Slack : 14.601
TNS   : 0.000

Type  : Fast 1100mV 0C Model Hold 'altera_reserved_tck'
Slack : 0.116
TNS   : 0.000

Type  : Fast 1100mV 0C Model Hold 'system_pll_outclk0_clk'
Slack : 0.127
TNS   : 0.000

Type  : Fast 1100mV 0C Model Recovery 'system_pll_outclk0_clk'
Slack : 7.022
TNS   : 0.000

Type  : Fast 1100mV 0C Model Recovery 'altera_reserved_tck'
Slack : 16.492
TNS   : 0.000

Type  : Fast 1100mV 0C Model Removal 'altera_reserved_tck'
Slack : 0.203
TNS   : 0.000

Type  : Fast 1100mV 0C Model Removal 'system_pll_outclk0_clk'
Slack : 0.296
TNS   : 0.000

Type  : Fast 1100mV 0C Model Minimum Pulse Width 'fraction_clock'
Slack : 1.000
TNS   : 0.000

Type  : Fast 1100mV 0C Model Minimum Pulse Width 'system_pll_outclk0_clk'
Slack : 3.891
TNS   : 0.000

Type  : Fast 1100mV 0C Model Minimum Pulse Width 'ref_clk'
Slack : 9.286
TNS   : 0.000

Type  : Fast 1100mV 0C Model Minimum Pulse Width 'altera_reserved_tck'
Slack : 15.420
TNS   : 0.000

------------------------------------------------------------
